Archive member included to satisfy reference by file (symbol)

C:\Users\ian\.platformio\packages\framework-arduinoasrmicro650x\cores\asr650x\projects\CubeCellLib.a(timeServer.o)
                              C:\Users\ian\AppData\Local\Temp\pio-workspaces\HTCC-AB02S_BME-280 Coverage-01ae45343b\build\cubecell_gps\src\main.cpp.o (TimerInit)
C:\Users\ian\.platformio\packages\framework-arduinoasrmicro650x\cores\asr650x\projects\CubeCellLib.a(lorawan_port.o)
                              C:\Users\ian\.platformio\packages\framework-arduinoasrmicro650x\cores\asr650x\projects\CubeCellLib.a(timeServer.o) (aos_lrwan_time_itf)
C:\Users\ian\.platformio\packages\framework-arduinoasrmicro650x\cores\asr650x\projects\CubeCellLib.a(asr_timer.o)
                              C:\Users\ian\.platformio\packages\framework-arduinoasrmicro650x\cores\asr650x\projects\CubeCellLib.a(lorawan_port.o) (Asr_Timer_RegisterAlarmCallback)
C:\Users\ian\.platformio\packages\framework-arduinoasrmicro650x\cores\asr650x\projects\CubeCellLib.a(ASR_Arduino.o)
                              C:\Users\ian\AppData\Local\Temp\pio-workspaces\HTCC-AB02S_BME-280 Coverage-01ae45343b\build\cubecell_gps\src\main.cpp.o (getID)
C:\Users\ian\.platformio\packages\framework-arduinoasrmicro650x\cores\asr650x\projects\CubeCellLib.a(cyfitter_cfg.o)
                              C:\Users\ian\.platformio\packages\framework-arduinoasrmicro650x\cores\asr650x\projects\CubeCellLib.a(ASR_Arduino.o) (systime)
C:\Users\ian\AppData\Local\Temp\pio-workspaces\HTCC-AB02S_BME-280 Coverage-01ae45343b\build\cubecell_gps\liba6b\libCayenneLPP.a(CayenneLPP.cpp.o)
                              C:\Users\ian\AppData\Local\Temp\pio-workspaces\HTCC-AB02S_BME-280 Coverage-01ae45343b\build\cubecell_gps\src\main.cpp.o (CayenneLPP::CayenneLPP(unsigned char))
C:\Users\ian\AppData\Local\Temp\pio-workspaces\HTCC-AB02S_BME-280 Coverage-01ae45343b\build\cubecell_gps\lib579\libGrove - Barometer Sensor BME280.a(Seeed_BME280.cpp.o)
                              C:\Users\ian\AppData\Local\Temp\pio-workspaces\HTCC-AB02S_BME-280 Coverage-01ae45343b\build\cubecell_gps\src\main.cpp.o (BME280::init())
C:\Users\ian\AppData\Local\Temp\pio-workspaces\HTCC-AB02S_BME-280 Coverage-01ae45343b\build\cubecell_gps\liba50\libRGB.a(CubeCell_NeoPixel.cpp.o)
                              C:\Users\ian\AppData\Local\Temp\pio-workspaces\HTCC-AB02S_BME-280 Coverage-01ae45343b\build\cubecell_gps\src\main.cpp.o (CubeCell_NeoPixel::~CubeCell_NeoPixel())
C:\Users\ian\AppData\Local\Temp\pio-workspaces\HTCC-AB02S_BME-280 Coverage-01ae45343b\build\cubecell_gps\lib6e5\libOLED.a(cubecell_OLEDDisplay.cpp.o)
                              C:\Users\ian\AppData\Local\Temp\pio-workspaces\HTCC-AB02S_BME-280 Coverage-01ae45343b\build\cubecell_gps\src\main.cpp.o (OLEDDisplay::write(unsigned char))
C:\Users\ian\AppData\Local\Temp\pio-workspaces\HTCC-AB02S_BME-280 Coverage-01ae45343b\build\cubecell_gps\libe60\libOnBoardGPS_Air530.a(CubeCell_TinyGPS++.cpp.o)
                              C:\Users\ian\AppData\Local\Temp\pio-workspaces\HTCC-AB02S_BME-280 Coverage-01ae45343b\build\cubecell_gps\src\main.cpp.o (TinyGPSPlus::distanceBetween(double, double, double, double))
C:\Users\ian\AppData\Local\Temp\pio-workspaces\HTCC-AB02S_BME-280 Coverage-01ae45343b\build\cubecell_gps\libe60\libOnBoardGPS_Air530.a(GPS_Air530.cpp.o)
                              C:\Users\ian\AppData\Local\Temp\pio-workspaces\HTCC-AB02S_BME-280 Coverage-01ae45343b\build\cubecell_gps\src\main.cpp.o (Air530Class::available())
C:\Users\ian\AppData\Local\Temp\pio-workspaces\HTCC-AB02S_BME-280 Coverage-01ae45343b\build\cubecell_gps\lib67c\libLoRaWanMinimal.a(LoRaWanMinimal_APP.cpp.o)
                              C:\Users\ian\AppData\Local\Temp\pio-workspaces\HTCC-AB02S_BME-280 Coverage-01ae45343b\build\cubecell_gps\src\main.cpp.o (getBatteryVoltage)
C:\Users\ian\AppData\Local\Temp\pio-workspaces\HTCC-AB02S_BME-280 Coverage-01ae45343b\build\cubecell_gps\lib71b\libTime.a(Time.cpp.o)
                              C:\Users\ian\AppData\Local\Temp\pio-workspaces\HTCC-AB02S_BME-280 Coverage-01ae45343b\build\cubecell_gps\src\main.cpp.o (minute(long long))
C:\Users\ian\AppData\Local\Temp\pio-workspaces\HTCC-AB02S_BME-280 Coverage-01ae45343b\build\cubecell_gps\libFrameworkArduino.a(HardwareSerial.cpp.o)
                              C:\Users\ian\AppData\Local\Temp\pio-workspaces\HTCC-AB02S_BME-280 Coverage-01ae45343b\build\cubecell_gps\libe60\libOnBoardGPS_Air530.a(GPS_Air530.cpp.o) (HardwareSerial::available())
C:\Users\ian\AppData\Local\Temp\pio-workspaces\HTCC-AB02S_BME-280 Coverage-01ae45343b\build\cubecell_gps\libFrameworkArduino.a(Wire.cpp.o)
                              C:\Users\ian\AppData\Local\Temp\pio-workspaces\HTCC-AB02S_BME-280 Coverage-01ae45343b\build\cubecell_gps\lib579\libGrove - Barometer Sensor BME280.a(Seeed_BME280.cpp.o) (TwoWire::available())
[...]
Memory Configuration

Name             Origin             Length             Attributes
rom              0x0000000000000000 0x0000000000020000 xr
ram              0x0000000020000000 0x0000000000004000 xrw
*default*        0x0000000000000000 0xffffffffffffffff

Linker script and memory map

LOAD c:/users/ian/.platformio/packages/toolchain-gccarmnoneeabi/bin/../lib/gcc/arm-none-eabi/9.2.1/thumb/v6-m/nofp/crti.o
LOAD c:/users/ian/.platformio/packages/toolchain-gccarmnoneeabi/bin/../lib/gcc/arm-none-eabi/9.2.1/thumb/v6-m/nofp/crtbegin.o
LOAD c:/users/ian/.platformio/packages/toolchain-gccarmnoneeabi/bin/../lib/gcc/arm-none-eabi/9.2.1/../../../../arm-none-eabi/lib/thumb/v6-m/nofp/crt0.o
LOAD C:\Users\ian\AppData\Local\Temp\pio-workspaces\HTCC-AB02S_BME-280 Coverage-01ae45343b\build\cubecell_gps\src\main.cpp.o
START GROUP
LOAD C:\Users\ian\.platformio\packages\framework-arduinoasrmicro650x\cores\asr650x\projects\CubeCellLib.a
LOAD C:\Users\ian\AppData\Local\Temp\pio-workspaces\HTCC-AB02S_BME-280 Coverage-01ae45343b\build\cubecell_gps\lib56b\libArduinoJson.a
LOAD C:\Users\ian\AppData\Local\Temp\pio-workspaces\HTCC-AB02S_BME-280 Coverage-01ae45343b\build\cubecell_gps\liba6b\libCayenneLPP.a
LOAD C:\Users\ian\AppData\Local\Temp\pio-workspaces\HTCC-AB02S_BME-280 Coverage-01ae45343b\build\cubecell_gps\lib579\libGrove - Barometer Sensor BME280.a
LOAD C:\Users\ian\AppData\Local\Temp\pio-workspaces\HTCC-AB02S_BME-280 Coverage-01ae45343b\build\cubecell_gps\lib16c\libCircularBuffer.a
LOAD C:\Users\ian\AppData\Local\Temp\pio-workspaces\HTCC-AB02S_BME-280 Coverage-01ae45343b\build\cubecell_gps\liba50\libRGB.a
LOAD C:\Users\ian\AppData\Local\Temp\pio-workspaces\HTCC-AB02S_BME-280 Coverage-01ae45343b\build\cubecell_gps\lib6e5\libOLED.a
LOAD C:\Users\ian\AppData\Local\Temp\pio-workspaces\HTCC-AB02S_BME-280 Coverage-01ae45343b\build\cubecell_gps\libe60\libOnBoardGPS_Air530.a
LOAD C:\Users\ian\AppData\Local\Temp\pio-workspaces\HTCC-AB02S_BME-280 Coverage-01ae45343b\build\cubecell_gps\lib67c\libLoRaWanMinimal.a
LOAD C:\Users\ian\AppData\Local\Temp\pio-workspaces\HTCC-AB02S_BME-280 Coverage-01ae45343b\build\cubecell_gps\lib71b\libTime.a
LOAD C:\Users\ian\AppData\Local\Temp\pio-workspaces\HTCC-AB02S_BME-280 Coverage-01ae45343b\build\cubecell_gps\libFrameworkArduinoVariant.a
LOAD C:\Users\ian\AppData\Local\Temp\pio-workspaces\HTCC-AB02S_BME-280 Coverage-01ae45343b\build\cubecell_gps\libFrameworkArduino.a
LOAD c:/users/ian/.platformio/packages/toolchain-gccarmnoneeabi/bin/../lib/gcc/arm-none-eabi/9.2.1/../../../../arm-none-eabi/lib/thumb/v6-m/nofp\libstdc++_nano.a
END GROUP
LOAD c:/users/ian/.platformio/packages/toolchain-gccarmnoneeabi/bin/../lib/gcc/arm-none-eabi/9.2.1/../../../../arm-none-eabi/lib/thumb/v6-m/nofp\libstdc++_nano.a
LOAD c:/users/ian/.platformio/packages/toolchain-gccarmnoneeabi/bin/../lib/gcc/arm-none-eabi/9.2.1/../../../../arm-none-eabi/lib/thumb/v6-m/nofp\libm.a
START GROUP
LOAD c:/users/ian/.platformio/packages/toolchain-gccarmnoneeabi/bin/../lib/gcc/arm-none-eabi/9.2.1/thumb/v6-m/nofp\libgcc.a
LOAD c:/users/ian/.platformio/packages/toolchain-gccarmnoneeabi/bin/../lib/gcc/arm-none-eabi/9.2.1/../../../../arm-none-eabi/lib/thumb/v6-m/nofp\libc_nano.a
END GROUP
START GROUP
LOAD c:/users/ian/.platformio/packages/toolchain-gccarmnoneeabi/bin/../lib/gcc/arm-none-eabi/9.2.1/thumb/v6-m/nofp\libgcc.a
LOAD c:/users/ian/.platformio/packages/toolchain-gccarmnoneeabi/bin/../lib/gcc/arm-none-eabi/9.2.1/../../../../arm-none-eabi/lib/thumb/v6-m/nofp\libc_nano.a
END GROUP
LOAD c:/users/ian/.platformio/packages/toolchain-gccarmnoneeabi/bin/../lib/gcc/arm-none-eabi/9.2.1/thumb/v6-m/nofp/crtend.o
LOAD c:/users/ian/.platformio/packages/toolchain-gccarmnoneeabi/bin/../lib/gcc/arm-none-eabi/9.2.1/thumb/v6-m/nofp/crtn.o
START GROUP
LOAD c:/users/ian/.platformio/packages/toolchain-gccarmnoneeabi/bin/../lib/gcc/arm-none-eabi/9.2.1/thumb/v6-m/nofp\libgcc.a
LOAD c:/users/ian/.platformio/packages/toolchain-gccarmnoneeabi/bin/../lib/gcc/arm-none-eabi/9.2.1/../../../../arm-none-eabi/lib/thumb/v6-m/nofp\libc.a
LOAD c:/users/ian/.platformio/packages/toolchain-gccarmnoneeabi/bin/../lib/gcc/arm-none-eabi/9.2.1/../../../../arm-none-eabi/lib/thumb/v6-m/nofp\libnosys.a
END GROUP
                0x0000000000000000                CY_APPL_ORIGIN = 0x0
                0x0000000000000100                CY_FLASH_ROW_SIZE = 0x100
                0x0000000000000001                CY_APPL_NUM = 0x1
                0x0000000000000001                CY_APPL_MAX = 0x1
                0x0000000000000040                CY_METADATA_SIZE = 0x40
                0x0000000000000001                CY_APPL_LOADABLE = 0x1
                0x0000000000000000                CY_CHECKSUM_EXCLUDE_SIZE = ALIGN (0x0, CY_FLASH_ROW_SIZE)
                0x0000000000000000                CY_APP_FOR_STACK_AND_COPIER = 0x0
                [!provide]                        PROVIDE (__cy_heap_start = _end)
                0x0000000000000001                PROVIDE (__cy_region_num = ((__cy_regions_end - __cy_regions) / 0x10))
                0x0000000020004000                PROVIDE (__cy_stack = (ORIGIN (ram) + LENGTH (ram)))
                [!provide]                        PROVIDE (__cy_heap_end = (__cy_stack - 0x800))

.cybootloader   0x0000000000000000     0x2200
 *(.cybootloader)
 .cybootloader  0x0000000000000000     0x2200 C:\Users\ian\AppData\Local\Temp\pio-workspaces\HTCC-AB02S_BME-280 Coverage-01ae45343b\build\cubecell_gps\libFrameworkArduino.a(cybootloader.c.o)
                0x0000000000000000                cy_bootloader
                0x0000000000002200                appl1_start = CY_APPL_ORIGIN?CY_APPL_ORIGIN:ALIGN (CY_FLASH_ROW_SIZE)
                0x0000000000011000                appl2_start = (appl1_start + ALIGN ((((LENGTH (rom) - appl1_start) - (0x2 * CY_FLASH_ROW_SIZE)) / 0x2), CY_FLASH_ROW_SIZE))
                0x0000000000002200                appl_start = (CY_APPL_NUM == 0x1)?appl1_start:appl2_start
                0x0000000000000000                cy_project_type_bootloader = (appl_start == 0x0)?0x1:0x0
                0x0000000000000000                cy_project_type_app_for_stack_and_copier = (CY_APP_FOR_STACK_AND_COPIER == 0x1)?0x1:0x0

.text           0x0000000000002200    0x15568
 CREATE_OBJECT_SYMBOLS
                0x0000000000002200                PROVIDE (__cy_interrupt_vector = RomVectors)
 *(.romvectors)
 .romvectors    0x0000000000002200       0x10 C:\Users\ian\AppData\Local\Temp\pio-workspaces\HTCC-AB02S_BME-280 Coverage-01ae45343b\build\cubecell_gps\libFrameworkArduino.a(Cm0plusStart.c.o)
                0x0000000000002200                RomVectors
                0x0000000000000001                ASSERT ((. != __cy_interrupt_vector), No interrupt vector)
                0x0000000000000001                ASSERT (CY_APPL_ORIGIN?(SIZEOF (.cybootloader) <= CY_APPL_ORIGIN):0x1, Wrong image location)
                0x0000000000002210                PROVIDE (__cy_reset = Reset)
 *(.text.Reset)
 .text.Reset    0x0000000000002210       0x18 C:\Users\ian\AppData\Local\Temp\pio-workspaces\HTCC-AB02S_BME-280 Coverage-01ae45343b\build\cubecell_gps\libFrameworkArduino.a(Cm0plusStart.c.o)
                0x0000000000002210                Reset
                0x0000000000000001                ASSERT ((. != __cy_reset), No reset code)
 *(.psocinit)
 .psocinit      0x0000000000002228      0x1b4 C:\Users\ian\.platformio\packages\framework-arduinoasrmicro650x\cores\asr650x\projects\CubeCellLib.a(cyfitter_cfg.o)
                0x0000000000002228                cyfitter_cfg
                0x00000000000023dc                . = MAX (., 0x100)
 *(.text .text.* .gnu.linkonce.t.*)
 .text.__do_global_dtors_aux
                0x00000000000023dc       0x28 c:/users/ian/.platformio/packages/toolchain-gccarmnoneeabi/bin/../lib/gcc/arm-none-eabi/9.2.1/thumb/v6-m/nofp/crtbegin.o
 .text.frame_dummy
                0x0000000000002404       0x20 c:/users/ian/.platformio/packages/toolchain-gccarmnoneeabi/bin/../lib/gcc/arm-none-eabi/9.2.1/thumb/v6-m/nofp/crtbegin.o
 .text._ZN11SSD1306Wire15getBufferOffsetEv
                0x0000000000002424        0x4 C:\Users\ian\AppData\Local\Temp\pio-workspaces\HTCC-AB02S_BME-280 Coverage-01ae45343b\build\cubecell_gps\src\main.cpp.o
                0x0000000000002424                SSD1306Wire::getBufferOffset()
 .text._ZN11SSD1306Wire11sendCommandEh
                0x0000000000002428       0x34 C:\Users\ian\AppData\Local\Temp\pio-workspaces\HTCC-AB02S_BME-280 Coverage-01ae45343b\build\cubecell_gps\src\main.cpp.o
                0x0000000000002428                SSD1306Wire::sendCommand(unsigned char)
 .text._ZN11SSD1306Wire7connectEv
                0x000000000000245c       0x18 C:\Users\ian\AppData\Local\Temp\pio-workspaces\HTCC-AB02S_BME-280 Coverage-01ae45343b\build\cubecell_gps\src\main.cpp.o
                0x000000000000245c                SSD1306Wire::connect()
 .text._ZL6wakeUpv
                0x0000000000002474       0x2c C:\Users\ian\AppData\Local\Temp\pio-workspaces\HTCC-AB02S_BME-280 Coverage-01ae45343b\build\cubecell_gps\src\main.cpp.o
 .text._ZN11SSD1306WireD2Ev
                0x00000000000024a0       0x14 C:\Users\ian\AppData\Local\Temp\pio-workspaces\HTCC-AB02S_BME-280 Coverage-01ae45343b\build\cubecell_gps\src\main.cpp.o
                0x00000000000024a0                SSD1306Wire::~SSD1306Wire()
                0x00000000000024a0                SSD1306Wire::~SSD1306Wire()
 .text._ZN11SSD1306WireD0Ev
                0x00000000000024b4       0x14 C:\Users\ian\AppData\Local\Temp\pio-workspaces\HTCC-AB02S_BME-280 Coverage-01ae45343b\build\cubecell_gps\src\main.cpp.o
                0x00000000000024b4                SSD1306Wire::~SSD1306Wire()
 .text._ZNK15TinyGPSLocation3ageEv
                0x00000000000024c8       0x1a C:\Users\ian\AppData\Local\Temp\pio-workspaces\HTCC-AB02S_BME-280 Coverage-01ae45343b\build\cubecell_gps\src\main.cpp.o
                0x00000000000024c8                TinyGPSLocation::age() const
 *fill*         0x00000000000024e2        0x2 
 .text._ZN11SSD1306Wire18initI2cIfNeccesaryEv
                0x00000000000024e4       0x20 C:\Users\ian\AppData\Local\Temp\pio-workspaces\HTCC-AB02S_BME-280 Coverage-01ae45343b\build\cubecell_gps\src\main.cpp.o
                0x00000000000024e4                SSD1306Wire::initI2cIfNeccesary()
 .text._Z8fracPartdi
                0x0000000000002504       0x4c C:\Users\ian\AppData\Local\Temp\pio-workspaces\HTCC-AB02S_BME-280 Coverage-01ae45343b\build\cubecell_gps\src\main.cpp.o
                0x0000000000002504                fracPart(double, int)
 .text._Z11displayInfov
                0x0000000000002550      0x20c C:\Users\ian\AppData\Local\Temp\pio-workspaces\HTCC-AB02S_BME-280 Coverage-01ae45343b\build\cubecell_gps\src\main.cpp.o
                0x0000000000002550                displayInfo()
 .text._Z6VextONv
                0x000000000000275c       0x14 C:\Users\ian\AppData\Local\Temp\pio-workspaces\HTCC-AB02S_BME-280 Coverage-01ae45343b\build\cubecell_gps\src\main.cpp.o
                0x000000000000275c                VextON()
 .text._Z7VextOFFv
                0x0000000000002770       0x14 C:\Users\ian\AppData\Local\Temp\pio-workspaces\HTCC-AB02S_BME-280 Coverage-01ae45343b\build\cubecell_gps\src\main.cpp.o
                0x0000000000002770                VextOFF()
 .text._Z10displayRgbv
                0x0000000000002784       0x58 C:\Users\ian\AppData\Local\Temp\pio-workspaces\HTCC-AB02S_BME-280 Coverage-01ae45343b\build\cubecell_gps\src\main.cpp.o
                0x0000000000002784                displayRgb()
 .text.downLinkDataHandle
                0x00000000000027dc       0x54 C:\Users\ian\AppData\Local\Temp\pio-workspaces\HTCC-AB02S_BME-280 Coverage-01ae45343b\build\cubecell_gps\src\main.cpp.o
                0x00000000000027dc                downLinkDataHandle
 .text._Z17myLoRaWanFCNCheckbh
                0x0000000000002830       0x30 C:\Users\ian\AppData\Local\Temp\pio-workspaces\HTCC-AB02S_BME-280 Coverage-01ae45343b\build\cubecell_gps\src\main.cpp.o
                0x0000000000002830                myLoRaWanFCNCheck(bool, unsigned char)
 .text._ZN14CircularBufferI6recordLj50EhE4pushES0_
                0x0000000000002860       0x68 C:\Users\ian\AppData\Local\Temp\pio-workspaces\HTCC-AB02S_BME-280 Coverage-01ae45343b\build\cubecell_gps\src\main.cpp.o
                0x0000000000002860                CircularBuffer<record, 50u, unsigned char>::push(record)
 .text.startup._GLOBAL__sub_I_pixels
                0x00000000000028c8       0xe0 C:\Users\ian\AppData\Local\Temp\pio-workspaces\HTCC-AB02S_BME-280 Coverage-01ae45343b\build\cubecell_gps\src\main.cpp.o
 .text._ZN11SSD1306Wire7displayEv
                0x00000000000029a8      0x2f4 C:\Users\ian\AppData\Local\Temp\pio-workspaces\HTCC-AB02S_BME-280 Coverage-01ae45343b\build\cubecell_gps\src\main.cpp.o
                0x00000000000029a8                SSD1306Wire::display()
 .text._Z11displayOledb
                0x0000000000002c9c      0x4ec C:\Users\ian\AppData\Local\Temp\pio-workspaces\HTCC-AB02S_BME-280 Coverage-01ae45343b\build\cubecell_gps\src\main.cpp.o
                0x0000000000002c9c                displayOled(bool)
 .text._ZL13lowPowerSleepm
                0x0000000000003188       0xbc C:\Users\ian\AppData\Local\Temp\pio-workspaces\HTCC-AB02S_BME-280 Coverage-01ae45343b\build\cubecell_gps\src\main.cpp.o
 .text._Z5setupv
                0x0000000000003244      0x200 C:\Users\ian\AppData\Local\Temp\pio-workspaces\HTCC-AB02S_BME-280 Coverage-01ae45343b\build\cubecell_gps\src\main.cpp.o
                0x0000000000003244                setup()
 .text._Z14transmitRecordv
                0x0000000000003444      0x264 C:\Users\ian\AppData\Local\Temp\pio-workspaces\HTCC-AB02S_BME-280 Coverage-01ae45343b\build\cubecell_gps\src\main.cpp.o
                0x0000000000003444                transmitRecord()
 .text._Z4loopv
                0x00000000000036a8      0x3d8 C:\Users\ian\AppData\Local\Temp\pio-workspaces\HTCC-AB02S_BME-280 Coverage-01ae45343b\build\cubecell_gps\src\main.cpp.o
                0x00000000000036a8                loop()
 .text.TimeStampsUpdate
                0x0000000000003a80       0x38 C:\Users\ian\.platformio\packages\framework-arduinoasrmicro650x\cores\asr650x\projects\CubeCellLib.a(timeServer.o)
 .text.TimerSetTimeout
                0x0000000000003ab8       0x10 C:\Users\ian\.platformio\packages\framework-arduinoasrmicro650x\cores\asr650x\projects\CubeCellLib.a(timeServer.o)
 .text.TimerInsertNewHeadTimer
                0x0000000000003ac8       0x1c C:\Users\ian\.platformio\packages\framework-arduinoasrmicro650x\cores\asr650x\projects\CubeCellLib.a(timeServer.o)
 .text.TimerSetSysTime
                0x0000000000003ae4       0x10 C:\Users\ian\.platformio\packages\framework-arduinoasrmicro650x\cores\asr650x\projects\CubeCellLib.a(timeServer.o)
                0x0000000000003ae4                TimerSetSysTime
 .text.TimerGetSysTime
                0x0000000000003af4       0x28 C:\Users\ian\.platformio\packages\framework-arduinoasrmicro650x\cores\asr650x\projects\CubeCellLib.a(timeServer.o)
                0x0000000000003af4                TimerGetSysTime
 .text.TimerInit
                0x0000000000003b1c        0xe C:\Users\ian\.platformio\packages\framework-arduinoasrmicro650x\cores\asr650x\projects\CubeCellLib.a(timeServer.o)
                0x0000000000003b1c                TimerInit
 *fill*         0x0000000000003b2a        0x2 
 .text.TimerStart
                0x0000000000003b2c       0x88 C:\Users\ian\.platformio\packages\framework-arduinoasrmicro650x\cores\asr650x\projects\CubeCellLib.a(timeServer.o)
                0x0000000000003b2c                TimerStart
 .text.TimerIrqHandler
                0x0000000000003bb4       0x70 C:\Users\ian\.platformio\packages\framework-arduinoasrmicro650x\cores\asr650x\projects\CubeCellLib.a(timeServer.o)
                0x0000000000003bb4                TimerIrqHandler
 .text.TimerStop
                0x0000000000003c24       0x68 C:\Users\ian\.platformio\packages\framework-arduinoasrmicro650x\cores\asr650x\projects\CubeCellLib.a(timeServer.o)
                0x0000000000003c24                TimerStop
 .text.TimerSetValue
                0x0000000000003c8c       0x1c C:\Users\ian\.platformio\packages\framework-arduinoasrmicro650x\cores\asr650x\projects\CubeCellLib.a(timeServer.o)
                0x0000000000003c8c                TimerSetValue
 .text.TimerGetCurrentTime
                0x0000000000003ca8       0x10 C:\Users\ian\.platformio\packages\framework-arduinoasrmicro650x\cores\asr650x\projects\CubeCellLib.a(timeServer.o)
                0x0000000000003ca8                TimerGetCurrentTime
 .text.TimerGetElapsedTime
                0x0000000000003cb8       0x10 C:\Users\ian\.platformio\packages\framework-arduinoasrmicro650x\cores\asr650x\projects\CubeCellLib.a(timeServer.o)
                0x0000000000003cb8                TimerGetElapsedTime
 .text.get_timer_context
                0x0000000000003cc8        0xc C:\Users\ian\.platformio\packages\framework-arduinoasrmicro650x\cores\asr650x\projects\CubeCellLib.a(lorawan_port.o)
 .text.set_timer_val
                0x0000000000003cd4        0xc C:\Users\ian\.platformio\packages\framework-arduinoasrmicro650x\cores\asr650x\projects\CubeCellLib.a(lorawan_port.o)
 .text.radio_rw_dis
                0x0000000000003ce0        0x2 C:\Users\ian\.platformio\packages\framework-arduinoasrmicro650x\cores\asr650x\projects\CubeCellLib.a(lorawan_port.o)
 .text.radio_rw
                0x0000000000003ce2        0x4 C:\Users\ian\.platformio\packages\framework-arduinoasrmicro650x\cores\asr650x\projects\CubeCellLib.a(lorawan_port.o)
 *fill*         0x0000000000003ce6        0x2 
 .text.RTC_Update_ASR
                0x0000000000003ce8       0x28 C:\Users\ian\.platformio\packages\framework-arduinoasrmicro650x\cores\asr650x\projects\CubeCellLib.a(lorawan_port.o)
                0x0000000000003ce8                RTC_Update_ASR
 .text.get_current_time
                0x0000000000003d10       0x54 C:\Users\ian\.platformio\packages\framework-arduinoasrmicro650x\cores\asr650x\projects\CubeCellLib.a(lorawan_port.o)
                0x0000000000003d10                get_current_time
 .text.get_sys_time
                0x0000000000003d64       0x28 C:\Users\ian\.platformio\packages\framework-arduinoasrmicro650x\cores\asr650x\projects\CubeCellLib.a(lorawan_port.o)
                0x0000000000003d64                get_sys_time
 .text.set_sys_time
                0x0000000000003d8c       0x44 C:\Users\ian\.platformio\packages\framework-arduinoasrmicro650x\cores\asr650x\projects\CubeCellLib.a(lorawan_port.o)
                0x0000000000003d8c                set_sys_time
 .text.compute_elapsed_time
                0x0000000000003dd0       0x10 C:\Users\ian\.platformio\packages\framework-arduinoasrmicro650x\cores\asr650x\projects\CubeCellLib.a(lorawan_port.o)
 .text.get_timer_elapsed_time
                0x0000000000003de0       0x14 C:\Users\ian\.platformio\packages\framework-arduinoasrmicro650x\cores\asr650x\projects\CubeCellLib.a(lorawan_port.o)
 .text.set_timer_context
                0x0000000000003df4       0x14 C:\Users\ian\.platformio\packages\framework-arduinoasrmicro650x\cores\asr650x\projects\CubeCellLib.a(lorawan_port.o)
 .text.enter_sleep_mode
                0x0000000000003e08        0x8 C:\Users\ian\.platformio\packages\framework-arduinoasrmicro650x\cores\asr650x\projects\CubeCellLib.a(lorawan_port.o)
 .text.set_alarm
                0x0000000000003e10       0x20 C:\Users\ian\.platformio\packages\framework-arduinoasrmicro650x\cores\asr650x\projects\CubeCellLib.a(lorawan_port.o)
 .text.set_timeout
                0x0000000000003e30       0x2e C:\Users\ian\.platformio\packages\framework-arduinoasrmicro650x\cores\asr650x\projects\CubeCellLib.a(lorawan_port.o)
 .text.AlarmBackHandler
                0x0000000000003e5e        0x8 C:\Users\ian\.platformio\packages\framework-arduinoasrmicro650x\cores\asr650x\projects\CubeCellLib.a(lorawan_port.o)
 .text.stop_alarm
                0x0000000000003e66        0x8 C:\Users\ian\.platformio\packages\framework-arduinoasrmicro650x\cores\asr650x\projects\CubeCellLib.a(lorawan_port.o)
 .text.delay_ms
                0x0000000000003e6e        0x8 C:\Users\ian\.platformio\packages\framework-arduinoasrmicro650x\cores\asr650x\projects\CubeCellLib.a(lorawan_port.o)
 .text.get_mft_baud
                0x0000000000003e76        0x8 C:\Users\ian\.platformio\packages\framework-arduinoasrmicro650x\cores\asr650x\projects\CubeCellLib.a(lorawan_port.o)
 .text.set_mft_baud
                0x0000000000003e7e        0x8 C:\Users\ian\.platformio\packages\framework-arduinoasrmicro650x\cores\asr650x\projects\CubeCellLib.a(lorawan_port.o)
 .text.get_mft_sn
                0x0000000000003e86        0x8 C:\Users\ian\.platformio\packages\framework-arduinoasrmicro650x\cores\asr650x\projects\CubeCellLib.a(lorawan_port.o)
 .text.get_mft_rev
                0x0000000000003e8e        0x8 C:\Users\ian\.platformio\packages\framework-arduinoasrmicro650x\cores\asr650x\projects\CubeCellLib.a(lorawan_port.o)
 .text.get_mft_model
                0x0000000000003e96        0x8 C:\Users\ian\.platformio\packages\framework-arduinoasrmicro650x\cores\asr650x\projects\CubeCellLib.a(lorawan_port.o)
 .text.get_mft_id
                0x0000000000003e9e        0x8 C:\Users\ian\.platformio\packages\framework-arduinoasrmicro650x\cores\asr650x\projects\CubeCellLib.a(lorawan_port.o)
 .text.radio_rw_en
                0x0000000000003ea6        0x2 C:\Users\ian\.platformio\packages\framework-arduinoasrmicro650x\cores\asr650x\projects\CubeCellLib.a(lorawan_port.o)
 .text.exit_stop_mode
                0x0000000000003ea8        0x2 C:\Users\ian\.platformio\packages\framework-arduinoasrmicro650x\cores\asr650x\projects\CubeCellLib.a(lorawan_port.o)
 .text.set_uc_wakeup_time
                0x0000000000003eaa        0x2 C:\Users\ian\.platformio\packages\framework-arduinoasrmicro650x\cores\asr650x\projects\CubeCellLib.a(lorawan_port.o)
 .text.radio_reset
                0x0000000000003eac        0x2 C:\Users\ian\.platformio\packages\framework-arduinoasrmicro650x\cores\asr650x\projects\CubeCellLib.a(lorawan_port.o)
 .text.radio_reset_cfg_input
                0x0000000000003eae        0x2 C:\Users\ian\.platformio\packages\framework-arduinoasrmicro650x\cores\asr650x\projects\CubeCellLib.a(lorawan_port.o)
 .text.BackupGpioDriveMode
                0x0000000000003eb0      0x114 C:\Users\ian\.platformio\packages\framework-arduinoasrmicro650x\cores\asr650x\projects\CubeCellLib.a(lorawan_port.o)
                0x0000000000003eb0                BackupGpioDriveMode
 .text.RestoreGpioDriveMode
                0x0000000000003fc4      0x118 C:\Users\ian\.platformio\packages\framework-arduinoasrmicro650x\cores\asr650x\projects\CubeCellLib.a(lorawan_port.o)
                0x0000000000003fc4                RestoreGpioDriveMode
 .text.SetPinHIZ
                0x00000000000040dc       0x2e C:\Users\ian\.platformio\packages\framework-arduinoasrmicro650x\cores\asr650x\projects\CubeCellLib.a(lorawan_port.o)
                0x00000000000040dc                SetPinHIZ
 .text.UartDeepsleep
                0x000000000000410a       0x28 C:\Users\ian\.platformio\packages\framework-arduinoasrmicro650x\cores\asr650x\projects\CubeCellLib.a(lorawan_port.o)
                0x000000000000410a                UartDeepsleep
 *fill*         0x0000000000004132        0x2 
 .text.enter_stop_mode
                0x0000000000004134       0x3c C:\Users\ian\.platformio\packages\framework-arduinoasrmicro650x\cores\asr650x\projects\CubeCellLib.a(lorawan_port.o)
 .text.RtcInit  0x0000000000004170       0x3c C:\Users\ian\.platformio\packages\framework-arduinoasrmicro650x\cores\asr650x\projects\CubeCellLib.a(lorawan_port.o)
                0x0000000000004170                RtcInit
 .text.Asr_Timer_RegisterAlarmCallback
                0x00000000000041ac       0x10 C:\Users\ian\.platformio\packages\framework-arduinoasrmicro650x\cores\asr650x\projects\CubeCellLib.a(asr_timer.o)
                0x00000000000041ac                Asr_Timer_RegisterAlarmCallback
 .text.Asr_SetTimeout
                0x00000000000041bc       0xc4 C:\Users\ian\.platformio\packages\framework-arduinoasrmicro650x\cores\asr650x\projects\CubeCellLib.a(asr_timer.o)
                0x00000000000041bc                Asr_SetTimeout
 .text.Asr_Timer_Init
                0x0000000000004280       0x68 C:\Users\ian\.platformio\packages\framework-arduinoasrmicro650x\cores\asr650x\projects\CubeCellLib.a(asr_timer.o)
                0x0000000000004280                Asr_Timer_Init
 .text.Asr_Timer_Disable
                0x00000000000042e8       0x18 C:\Users\ian\.platformio\packages\framework-arduinoasrmicro650x\cores\asr650x\projects\CubeCellLib.a(asr_timer.o)
                0x00000000000042e8                Asr_Timer_Disable
 .text.Timer0IsrCallback
                0x0000000000004300       0x1c C:\Users\ian\.platformio\packages\framework-arduinoasrmicro650x\cores\asr650x\projects\CubeCellLib.a(asr_timer.o)
                0x0000000000004300                Timer0IsrCallback
 .text.Timer1IsrCallback
                0x000000000000431c       0x28 C:\Users\ian\.platformio\packages\framework-arduinoasrmicro650x\cores\asr650x\projects\CubeCellLib.a(asr_timer.o)
                0x000000000000431c                Timer1IsrCallback
 .text.globalGpioIsrEntry
                0x0000000000004344       0x58 C:\Users\ian\.platformio\packages\framework-arduinoasrmicro650x\cores\asr650x\projects\CubeCellLib.a(ASR_Arduino.o)
                0x0000000000004344                globalGpioIsrEntry
 .text.getID    0x000000000000439c       0x18 C:\Users\ian\.platformio\packages\framework-arduinoasrmicro650x\cores\asr650x\projects\CubeCellLib.a(ASR_Arduino.o)
                0x000000000000439c                getID
 .text.license_check
                0x00000000000043b4      0x268 C:\Users\ian\.platformio\packages\framework-arduinoasrmicro650x\cores\asr650x\projects\CubeCellLib.a(ASR_Arduino.o)
                0x00000000000043b4                license_check
 .text.pinMode  0x000000000000461c       0x6c C:\Users\ian\.platformio\packages\framework-arduinoasrmicro650x\cores\asr650x\projects\CubeCellLib.a(ASR_Arduino.o)
                0x000000000000461c                pinMode
 .text.digitalWrite
                0x0000000000004688       0x68 C:\Users\ian\.platformio\packages\framework-arduinoasrmicro650x\cores\asr650x\projects\CubeCellLib.a(ASR_Arduino.o)
                0x0000000000004688                digitalWrite
 .text.digitalRead
                0x00000000000046f0       0x20 C:\Users\ian\.platformio\packages\framework-arduinoasrmicro650x\cores\asr650x\projects\CubeCellLib.a(ASR_Arduino.o)
                0x00000000000046f0                digitalRead
 .text.ClearPinInterrupt
                0x0000000000004710       0x1c C:\Users\ian\.platformio\packages\framework-arduinoasrmicro650x\cores\asr650x\projects\CubeCellLib.a(ASR_Arduino.o)
                0x0000000000004710                ClearPinInterrupt
 .text.attachInterrupt
                0x000000000000472c       0x7c C:\Users\ian\.platformio\packages\framework-arduinoasrmicro650x\cores\asr650x\projects\CubeCellLib.a(ASR_Arduino.o)
                0x000000000000472c                attachInterrupt
 .text.detachInterrupt
                0x00000000000047a8       0x6c C:\Users\ian\.platformio\packages\framework-arduinoasrmicro650x\cores\asr650x\projects\CubeCellLib.a(ASR_Arduino.o)
                0x00000000000047a8                detachInterrupt
 .text.analogRead
                0x0000000000004814       0x70 C:\Users\ian\.platformio\packages\framework-arduinoasrmicro650x\cores\asr650x\projects\CubeCellLib.a(ASR_Arduino.o)
                0x0000000000004814                analogRead
 .text.delay    0x0000000000004884        0x8 C:\Users\ian\.platformio\packages\framework-arduinoasrmicro650x\cores\asr650x\projects\CubeCellLib.a(ASR_Arduino.o)
                0x0000000000004884                delay
 .text.millis   0x000000000000488c        0xc C:\Users\ian\.platformio\packages\framework-arduinoasrmicro650x\cores\asr650x\projects\CubeCellLib.a(ASR_Arduino.o)
                0x000000000000488c                millis
 .text.SPI_BUSY_SetDriveMode
                0x0000000000004898        0x2 C:\Users\ian\.platformio\packages\framework-arduinoasrmicro650x\cores\asr650x\projects\CubeCellLib.a(ASR_Arduino.o)
                0x0000000000004898                SPI_BUSY_SetDriveMode
 .text.SPI_NRESET_SetDriveMode
                0x000000000000489a        0x2 C:\Users\ian\.platformio\packages\framework-arduinoasrmicro650x\cores\asr650x\projects\CubeCellLib.a(ASR_Arduino.o)
                0x000000000000489a                SPI_NRESET_SetDriveMode
 .text.antpow_SetDriveMode
                0x000000000000489c        0x2 C:\Users\ian\.platformio\packages\framework-arduinoasrmicro650x\cores\asr650x\projects\CubeCellLib.a(ASR_Arduino.o)
                0x000000000000489c                antpow_SetDriveMode
 .text.SPI_1_miso_m_SetDriveMode
                0x000000000000489e        0x2 C:\Users\ian\.platformio\packages\framework-arduinoasrmicro650x\cores\asr650x\projects\CubeCellLib.a(ASR_Arduino.o)
                0x000000000000489e                SPI_1_miso_m_SetDriveMode
 .text.SPI_1_mosi_m_SetDriveMode
                0x00000000000048a0        0x2 C:\Users\ian\.platformio\packages\framework-arduinoasrmicro650x\cores\asr650x\projects\CubeCellLib.a(ASR_Arduino.o)
                0x00000000000048a0                SPI_1_mosi_m_SetDriveMode
 .text.SPI_1_sclk_m_SetDriveMode
                0x00000000000048a2        0x2 C:\Users\ian\.platformio\packages\framework-arduinoasrmicro650x\cores\asr650x\projects\CubeCellLib.a(ASR_Arduino.o)
                0x00000000000048a2                SPI_1_sclk_m_SetDriveMode
 .text.systemTimer
                0x00000000000048a4       0x10 C:\Users\ian\.platformio\packages\framework-arduinoasrmicro650x\cores\asr650x\projects\CubeCellLib.a(cyfitter_cfg.o)
                0x00000000000048a4                systemTimer
 .text.SetAnalogRoutingPumps
                0x00000000000048b4       0x1c C:\Users\ian\.platformio\packages\framework-arduinoasrmicro650x\cores\asr650x\projects\CubeCellLib.a(cyfitter_cfg.o)
                0x00000000000048b4                SetAnalogRoutingPumps
 .text._ZN10CayenneLPPC2Eh
                0x00000000000048d0       0x18 C:\Users\ian\AppData\Local\Temp\pio-workspaces\HTCC-AB02S_BME-280 Coverage-01ae45343b\build\cubecell_gps\liba6b\libCayenneLPP.a(CayenneLPP.cpp.o)
                0x00000000000048d0                CayenneLPP::CayenneLPP(unsigned char)
                0x00000000000048d0                CayenneLPP::CayenneLPP(unsigned char)
 .text._ZN10CayenneLPPD2Ev
                0x00000000000048e8        0xe C:\Users\ian\AppData\Local\Temp\pio-workspaces\HTCC-AB02S_BME-280 Coverage-01ae45343b\build\cubecell_gps\liba6b\libCayenneLPP.a(CayenneLPP.cpp.o)
                0x00000000000048e8                CayenneLPP::~CayenneLPP()
                0x00000000000048e8                CayenneLPP::~CayenneLPP()
 .text._ZN10CayenneLPP5resetEv
                0x00000000000048f6        0x6 C:\Users\ian\AppData\Local\Temp\pio-workspaces\HTCC-AB02S_BME-280 Coverage-01ae45343b\build\cubecell_gps\liba6b\libCayenneLPP.a(CayenneLPP.cpp.o)
                0x00000000000048f6                CayenneLPP::reset()
 .text._ZN10CayenneLPP7getSizeEv
                0x00000000000048fc        0x4 C:\Users\ian\AppData\Local\Temp\pio-workspaces\HTCC-AB02S_BME-280 Coverage-01ae45343b\build\cubecell_gps\liba6b\libCayenneLPP.a(CayenneLPP.cpp.o)
                0x00000000000048fc                CayenneLPP::getSize()
 .text._ZN10CayenneLPP9getBufferEv
                0x0000000000004900        0x4 C:\Users\ian\AppData\Local\Temp\pio-workspaces\HTCC-AB02S_BME-280 Coverage-01ae45343b\build\cubecell_gps\liba6b\libCayenneLPP.a(CayenneLPP.cpp.o)
                0x0000000000004900                CayenneLPP::getBuffer()
 .text._ZN10CayenneLPP6isTypeEh
                0x0000000000004904       0x38 C:\Users\ian\AppData\Local\Temp\pio-workspaces\HTCC-AB02S_BME-280 Coverage-01ae45343b\build\cubecell_gps\liba6b\libCayenneLPP.a(CayenneLPP.cpp.o)
                0x0000000000004904                CayenneLPP::isType(unsigned char)
 .text._ZN10CayenneLPP11getTypeSizeEh
                0x000000000000493c       0x88 C:\Users\ian\AppData\Local\Temp\pio-workspaces\HTCC-AB02S_BME-280 Coverage-01ae45343b\build\cubecell_gps\liba6b\libCayenneLPP.a(CayenneLPP.cpp.o)
                0x000000000000493c                CayenneLPP::getTypeSize(unsigned char)
 .text._ZN10CayenneLPP17getTypeMultiplierEh
                0x00000000000049c4       0x88 C:\Users\ian\AppData\Local\Temp\pio-workspaces\HTCC-AB02S_BME-280 Coverage-01ae45343b\build\cubecell_gps\liba6b\libCayenneLPP.a(CayenneLPP.cpp.o)
                0x00000000000049c4                CayenneLPP::getTypeMultiplier(unsigned char)
 .text._ZN10CayenneLPP13getTypeSignedEh
                0x0000000000004a4c       0x24 C:\Users\ian\AppData\Local\Temp\pio-workspaces\HTCC-AB02S_BME-280 Coverage-01ae45343b\build\cubecell_gps\liba6b\libCayenneLPP.a(CayenneLPP.cpp.o)
                0x0000000000004a4c                CayenneLPP::getTypeSigned(unsigned char)
 .text._ZN10CayenneLPP6addGPSEhfff
                0x0000000000004a70       0xcc C:\Users\ian\AppData\Local\Temp\pio-workspaces\HTCC-AB02S_BME-280 Coverage-01ae45343b\build\cubecell_gps\liba6b\libCayenneLPP.a(CayenneLPP.cpp.o)
                0x0000000000004a70                CayenneLPP::addGPS(unsigned char, float, float, float)
 .text._ZN10CayenneLPP8addFieldImEEhhhT_
                0x0000000000004b3c       0x74 C:\Users\ian\AppData\Local\Temp\pio-workspaces\HTCC-AB02S_BME-280 Coverage-01ae45343b\build\cubecell_gps\liba6b\libCayenneLPP.a(CayenneLPP.cpp.o)
                0x0000000000004b3c                unsigned char CayenneLPP::addField<unsigned long>(unsigned char, unsigned char, unsigned long)
 .text._ZN10CayenneLPP11addUnixTimeEhm
                0x0000000000004bb0        0xe C:\Users\ian\AppData\Local\Temp\pio-workspaces\HTCC-AB02S_BME-280 Coverage-01ae45343b\build\cubecell_gps\liba6b\libCayenneLPP.a(CayenneLPP.cpp.o)
                0x0000000000004bb0                CayenneLPP::addUnixTime(unsigned char, unsigned long)
 .text._ZN10CayenneLPP8addFieldIfEEhhhT_
                0x0000000000004bbe       0xca C:\Users\ian\AppData\Local\Temp\pio-workspaces\HTCC-AB02S_BME-280 Coverage-01ae45343b\build\cubecell_gps\liba6b\libCayenneLPP.a(CayenneLPP.cpp.o)
                0x0000000000004bbe                unsigned char CayenneLPP::addField<float>(unsigned char, unsigned char, float)
 .text._ZN10CayenneLPP16addGenericSensorEhf
                0x0000000000004c88        0xe C:\Users\ian\AppData\Local\Temp\pio-workspaces\HTCC-AB02S_BME-280 Coverage-01ae45343b\build\cubecell_gps\liba6b\libCayenneLPP.a(CayenneLPP.cpp.o)
                0x0000000000004c88                CayenneLPP::addGenericSensor(unsigned char, float)
 .text._ZN10CayenneLPP14addTemperatureEhf
                0x0000000000004c96        0xe C:\Users\ian\AppData\Local\Temp\pio-workspaces\HTCC-AB02S_BME-280 Coverage-01ae45343b\build\cubecell_gps\liba6b\libCayenneLPP.a(CayenneLPP.cpp.o)
                0x0000000000004c96                CayenneLPP::addTemperature(unsigned char, float)
 .text._ZN10CayenneLPP19addRelativeHumidityEhf
                0x0000000000004ca4        0xe C:\Users\ian\AppData\Local\Temp\pio-workspaces\HTCC-AB02S_BME-280 Coverage-01ae45343b\build\cubecell_gps\liba6b\libCayenneLPP.a(CayenneLPP.cpp.o)
                0x0000000000004ca4                CayenneLPP::addRelativeHumidity(unsigned char, float)
 .text._ZN10CayenneLPP10addVoltageEhf
                0x0000000000004cb2        0xe C:\Users\ian\AppData\Local\Temp\pio-workspaces\HTCC-AB02S_BME-280 Coverage-01ae45343b\build\cubecell_gps\liba6b\libCayenneLPP.a(CayenneLPP.cpp.o)
                0x0000000000004cb2                CayenneLPP::addVoltage(unsigned char, float)
 .text._ZN10CayenneLPP11addDistanceEhf
                0x0000000000004cc0        0xe C:\Users\ian\AppData\Local\Temp\pio-workspaces\HTCC-AB02S_BME-280 Coverage-01ae45343b\build\cubecell_gps\liba6b\libCayenneLPP.a(CayenneLPP.cpp.o)
                0x0000000000004cc0                CayenneLPP::addDistance(unsigned char, float)
 .text._ZN10CayenneLPP21addBarometricPressureEhf
                0x0000000000004cce        0xe C:\Users\ian\AppData\Local\Temp\pio-workspaces\HTCC-AB02S_BME-280 Coverage-01ae45343b\build\cubecell_gps\liba6b\libCayenneLPP.a(CayenneLPP.cpp.o)
                0x0000000000004cce                CayenneLPP::addBarometricPressure(unsigned char, float)
 .text._ZN10CayenneLPP12addDirectionEhf
                0x0000000000004cdc        0xe C:\Users\ian\AppData\Local\Temp\pio-workspaces\HTCC-AB02S_BME-280 Coverage-01ae45343b\build\cubecell_gps\liba6b\libCayenneLPP.a(CayenneLPP.cpp.o)
                0x0000000000004cdc                CayenneLPP::addDirection(unsigned char, float)
 *fill*         0x0000000000004cea        0x2 
 .text._ZN6BME28013writeRegisterEhh
                0x0000000000004cec       0x2c C:\Users\ian\AppData\Local\Temp\pio-workspaces\HTCC-AB02S_BME-280 Coverage-01ae45343b\build\cubecell_gps\lib579\libGrove - Barometer Sensor BME280.a(Seeed_BME280.cpp.o)
                0x0000000000004cec                BME280::writeRegister(unsigned char, unsigned char)
 .text._ZN6BME28011BME280Read8Eh
                0x0000000000004d18       0x40 C:\Users\ian\AppData\Local\Temp\pio-workspaces\HTCC-AB02S_BME-280 Coverage-01ae45343b\build\cubecell_gps\lib579\libGrove - Barometer Sensor BME280.a(Seeed_BME280.cpp.o)
                0x0000000000004d18                BME280::BME280Read8(unsigned char)
 .text._ZN6BME28012BME280Read16Eh
                0x0000000000004d58       0x4c C:\Users\ian\AppData\Local\Temp\pio-workspaces\HTCC-AB02S_BME-280 Coverage-01ae45343b\build\cubecell_gps\lib579\libGrove - Barometer Sensor BME280.a(Seeed_BME280.cpp.o)
                0x0000000000004d58                BME280::BME280Read16(unsigned char)
 .text._ZN6BME28014BME280Read16LEEh
                0x0000000000004da4        0xc C:\Users\ian\AppData\Local\Temp\pio-workspaces\HTCC-AB02S_BME-280 Coverage-01ae45343b\build\cubecell_gps\lib579\libGrove - Barometer Sensor BME280.a(Seeed_BME280.cpp.o)
                0x0000000000004da4                BME280::BME280Read16LE(unsigned char)
 .text._ZN6BME2804initEv
                0x0000000000004db0      0x118 C:\Users\ian\AppData\Local\Temp\pio-workspaces\HTCC-AB02S_BME-280 Coverage-01ae45343b\build\cubecell_gps\lib579\libGrove - Barometer Sensor BME280.a(Seeed_BME280.cpp.o)
                0x0000000000004db0                BME280::init()
 .text._ZN6BME28012BME280Read24Eh
                0x0000000000004ec8       0x50 C:\Users\ian\AppData\Local\Temp\pio-workspaces\HTCC-AB02S_BME-280 Coverage-01ae45343b\build\cubecell_gps\lib579\libGrove - Barometer Sensor BME280.a(Seeed_BME280.cpp.o)
                0x0000000000004ec8                BME280::BME280Read24(unsigned char)
 .text._ZN6BME28014getTemperatureEv
                0x0000000000004f18       0x48 C:\Users\ian\AppData\Local\Temp\pio-workspaces\HTCC-AB02S_BME-280 Coverage-01ae45343b\build\cubecell_gps\lib579\libGrove - Barometer Sensor BME280.a(Seeed_BME280.cpp.o)
                0x0000000000004f18                BME280::getTemperature()
 .text._ZN6BME28011getHumidityEv
                0x0000000000004f60       0x9c C:\Users\ian\AppData\Local\Temp\pio-workspaces\HTCC-AB02S_BME-280 Coverage-01ae45343b\build\cubecell_gps\lib579\libGrove - Barometer Sensor BME280.a(Seeed_BME280.cpp.o)
                0x0000000000004f60                BME280::getHumidity()
 .text._ZN6BME28011getPressureEv
                0x0000000000004ffc      0x17c C:\Users\ian\AppData\Local\Temp\pio-workspaces\HTCC-AB02S_BME-280 Coverage-01ae45343b\build\cubecell_gps\lib579\libGrove - Barometer Sensor BME280.a(Seeed_BME280.cpp.o)
                0x0000000000004ffc                BME280::getPressure()
 .text._ZN17CubeCell_NeoPixelD2Ev
                0x0000000000005178       0x1e C:\Users\ian\AppData\Local\Temp\pio-workspaces\HTCC-AB02S_BME-280 Coverage-01ae45343b\build\cubecell_gps\liba50\libRGB.a(CubeCell_NeoPixel.cpp.o)
                0x0000000000005178                CubeCell_NeoPixel::~CubeCell_NeoPixel()
                0x0000000000005178                CubeCell_NeoPixel::~CubeCell_NeoPixel()
 .text._ZN17CubeCell_NeoPixel5beginEv
                0x0000000000005196       0x22 C:\Users\ian\AppData\Local\Temp\pio-workspaces\HTCC-AB02S_BME-280 Coverage-01ae45343b\build\cubecell_gps\liba50\libRGB.a(CubeCell_NeoPixel.cpp.o)
                0x0000000000005196                CubeCell_NeoPixel::begin()
 .text._ZN17CubeCell_NeoPixel12updateLengthEt
                0x00000000000051b8       0x3c C:\Users\ian\AppData\Local\Temp\pio-workspaces\HTCC-AB02S_BME-280 Coverage-01ae45343b\build\cubecell_gps\liba50\libRGB.a(CubeCell_NeoPixel.cpp.o)
                0x00000000000051b8                CubeCell_NeoPixel::updateLength(unsigned short)
 .text._ZN17CubeCell_NeoPixel10updateTypeEt
                0x00000000000051f4       0x46 C:\Users\ian\AppData\Local\Temp\pio-workspaces\HTCC-AB02S_BME-280 Coverage-01ae45343b\build\cubecell_gps\liba50\libRGB.a(CubeCell_NeoPixel.cpp.o)
                0x00000000000051f4                CubeCell_NeoPixel::updateType(unsigned short)
 .text._ZN17CubeCell_NeoPixel4showEv
                0x000000000000523a       0x1c C:\Users\ian\AppData\Local\Temp\pio-workspaces\HTCC-AB02S_BME-280 Coverage-01ae45343b\build\cubecell_gps\liba50\libRGB.a(CubeCell_NeoPixel.cpp.o)
                0x000000000000523a                CubeCell_NeoPixel::show()
 .text._ZN17CubeCell_NeoPixel6setPinEh
                0x0000000000005256       0x36 C:\Users\ian\AppData\Local\Temp\pio-workspaces\HTCC-AB02S_BME-280 Coverage-01ae45343b\build\cubecell_gps\liba50\libRGB.a(CubeCell_NeoPixel.cpp.o)
                0x0000000000005256                CubeCell_NeoPixel::setPin(unsigned char)
 .text._ZN17CubeCell_NeoPixelC2Etht
                0x000000000000528c       0x2e C:\Users\ian\AppData\Local\Temp\pio-workspaces\HTCC-AB02S_BME-280 Coverage-01ae45343b\build\cubecell_gps\liba50\libRGB.a(CubeCell_NeoPixel.cpp.o)
                0x000000000000528c                CubeCell_NeoPixel::CubeCell_NeoPixel(unsigned short, unsigned char, unsigned short)
                0x000000000000528c                CubeCell_NeoPixel::CubeCell_NeoPixel(unsigned short, unsigned char, unsigned short)
 .text._ZN17CubeCell_NeoPixel13setPixelColorEtm
                0x00000000000052ba       0x6c C:\Users\ian\AppData\Local\Temp\pio-workspaces\HTCC-AB02S_BME-280 Coverage-01ae45343b\build\cubecell_gps\liba50\libRGB.a(CubeCell_NeoPixel.cpp.o)
                0x00000000000052ba                CubeCell_NeoPixel::setPixelColor(unsigned short, unsigned long)
 *fill*         0x0000000000005326        0x2 
 .text._ZN17CubeCell_NeoPixel13setBrightnessEh
                0x0000000000005328       0x4c C:\Users\ian\AppData\Local\Temp\pio-workspaces\HTCC-AB02S_BME-280 Coverage-01ae45343b\build\cubecell_gps\liba50\libRGB.a(CubeCell_NeoPixel.cpp.o)
                0x0000000000005328                CubeCell_NeoPixel::setBrightness(unsigned char)
 .text._ZN17CubeCell_NeoPixel5clearEv
                0x0000000000005374        0xe C:\Users\ian\AppData\Local\Temp\pio-workspaces\HTCC-AB02S_BME-280 Coverage-01ae45343b\build\cubecell_gps\liba50\libRGB.a(CubeCell_NeoPixel.cpp.o)
                0x0000000000005374                CubeCell_NeoPixel::clear()
 .text._ZN11OLEDDisplay11sendCommandEh
                0x0000000000005382        0x2 C:\Users\ian\AppData\Local\Temp\pio-workspaces\HTCC-AB02S_BME-280 Coverage-01ae45343b\build\cubecell_gps\lib6e5\libOLED.a(cubecell_OLEDDisplay.cpp.o)
                0x0000000000005382                OLEDDisplay::sendCommand(unsigned char)
 .text._ZN11OLEDDisplay7connectEv
                0x0000000000005384        0x4 C:\Users\ian\AppData\Local\Temp\pio-workspaces\HTCC-AB02S_BME-280 Coverage-01ae45343b\build\cubecell_gps\lib6e5\libOLED.a(cubecell_OLEDDisplay.cpp.o)
                0x0000000000005384                OLEDDisplay::connect()
 .text._Z22DefaultFontTableLookuph
                0x0000000000005388       0x38 C:\Users\ian\AppData\Local\Temp\pio-workspaces\HTCC-AB02S_BME-280 Coverage-01ae45343b\build\cubecell_gps\lib6e5\libOLED.a(cubecell_OLEDDisplay.cpp.o)
                0x0000000000005388                DefaultFontTableLookup(unsigned char)
 .text._ZN11OLEDDisplay5writeEh
                0x00000000000053c0       0x80 C:\Users\ian\AppData\Local\Temp\pio-workspaces\HTCC-AB02S_BME-280 Coverage-01ae45343b\build\cubecell_gps\lib6e5\libOLED.a(cubecell_OLEDDisplay.cpp.o)
                0x00000000000053c0                OLEDDisplay::write(unsigned char)
 .text._ZN11OLEDDisplayC2Ev
                0x0000000000005440       0x3c C:\Users\ian\AppData\Local\Temp\pio-workspaces\HTCC-AB02S_BME-280 Coverage-01ae45343b\build\cubecell_gps\lib6e5\libOLED.a(cubecell_OLEDDisplay.cpp.o)
                0x0000000000005440                OLEDDisplay::OLEDDisplay()
                0x0000000000005440                OLEDDisplay::OLEDDisplay()
 .text._ZN11OLEDDisplay3endEv
                0x000000000000547c       0x52 C:\Users\ian\AppData\Local\Temp\pio-workspaces\HTCC-AB02S_BME-280 Coverage-01ae45343b\build\cubecell_gps\lib6e5\libOLED.a(cubecell_OLEDDisplay.cpp.o)
                0x000000000000547c                OLEDDisplay::end()
 *fill*         0x00000000000054ce        0x2 
 .text._ZN11OLEDDisplayD2Ev
                0x00000000000054d0       0x18 C:\Users\ian\AppData\Local\Temp\pio-workspaces\HTCC-AB02S_BME-280 Coverage-01ae45343b\build\cubecell_gps\lib6e5\libOLED.a(cubecell_OLEDDisplay.cpp.o)
                0x00000000000054d0                OLEDDisplay::~OLEDDisplay()
                0x00000000000054d0                OLEDDisplay::~OLEDDisplay()
 .text._ZN11OLEDDisplay8setPixelEss
                0x00000000000054e8       0x6a C:\Users\ian\AppData\Local\Temp\pio-workspaces\HTCC-AB02S_BME-280 Coverage-01ae45343b\build\cubecell_gps\lib6e5\libOLED.a(cubecell_OLEDDisplay.cpp.o)
                0x00000000000054e8                OLEDDisplay::setPixel(short, short)
 .text._ZN11OLEDDisplay7drawXbmEssssPKh
                0x0000000000005552       0x72 C:\Users\ian\AppData\Local\Temp\pio-workspaces\HTCC-AB02S_BME-280 Coverage-01ae45343b\build\cubecell_gps\lib6e5\libOLED.a(cubecell_OLEDDisplay.cpp.o)
                0x0000000000005552                OLEDDisplay::drawXbm(short, short, short, short, unsigned char const*)
 .text._ZN11OLEDDisplay18drawStringInternalEssPctt
                0x00000000000055c4      0x1d8 C:\Users\ian\AppData\Local\Temp\pio-workspaces\HTCC-AB02S_BME-280 Coverage-01ae45343b\build\cubecell_gps\lib6e5\libOLED.a(cubecell_OLEDDisplay.cpp.o)
                0x00000000000055c4                OLEDDisplay::drawStringInternal(short, short, char*, unsigned short, unsigned short)
 .text._ZN11OLEDDisplay14getStringWidthEPKct
                0x000000000000579c       0x48 C:\Users\ian\AppData\Local\Temp\pio-workspaces\HTCC-AB02S_BME-280 Coverage-01ae45343b\build\cubecell_gps\lib6e5\libOLED.a(cubecell_OLEDDisplay.cpp.o)
                0x000000000000579c                OLEDDisplay::getStringWidth(char const*, unsigned short)
 .text._ZN11OLEDDisplay16setTextAlignmentE26OLEDDISPLAY_TEXT_ALIGNMENT
                0x00000000000057e4        0x4 C:\Users\ian\AppData\Local\Temp\pio-workspaces\HTCC-AB02S_BME-280 Coverage-01ae45343b\build\cubecell_gps\lib6e5\libOLED.a(cubecell_OLEDDisplay.cpp.o)
                0x00000000000057e4                OLEDDisplay::setTextAlignment(OLEDDISPLAY_TEXT_ALIGNMENT)
 .text._ZN11OLEDDisplay7setFontEPKh
                0x00000000000057e8        0x4 C:\Users\ian\AppData\Local\Temp\pio-workspaces\HTCC-AB02S_BME-280 Coverage-01ae45343b\build\cubecell_gps\lib6e5\libOLED.a(cubecell_OLEDDisplay.cpp.o)
                0x00000000000057e8                OLEDDisplay::setFont(unsigned char const*)
 .text._ZN11OLEDDisplay11setContrastEhhh
                0x00000000000057ec       0x64 C:\Users\ian\AppData\Local\Temp\pio-workspaces\HTCC-AB02S_BME-280 Coverage-01ae45343b\build\cubecell_gps\lib6e5\libOLED.a(cubecell_OLEDDisplay.cpp.o)
                0x00000000000057ec                OLEDDisplay::setContrast(unsigned char, unsigned char, unsigned char)
 .text._ZN11OLEDDisplay13setBrightnessEh
                0x0000000000005850       0x50 C:\Users\ian\AppData\Local\Temp\pio-workspaces\HTCC-AB02S_BME-280 Coverage-01ae45343b\build\cubecell_gps\lib6e5\libOLED.a(cubecell_OLEDDisplay.cpp.o)
                0x0000000000005850                OLEDDisplay::setBrightness(unsigned char)
 .text._ZN11OLEDDisplay5clearEv
                0x00000000000058a0        0xe C:\Users\ian\AppData\Local\Temp\pio-workspaces\HTCC-AB02S_BME-280 Coverage-01ae45343b\build\cubecell_gps\lib6e5\libOLED.a(cubecell_OLEDDisplay.cpp.o)
                0x00000000000058a0                OLEDDisplay::clear()
 .text._ZN11OLEDDisplay12resetDisplayEv
                0x00000000000058ae       0x1c C:\Users\ian\AppData\Local\Temp\pio-workspaces\HTCC-AB02S_BME-280 Coverage-01ae45343b\build\cubecell_gps\lib6e5\libOLED.a(cubecell_OLEDDisplay.cpp.o)
                0x00000000000058ae                OLEDDisplay::resetDisplay()
 .text._ZN11OLEDDisplay8getWidthEv
                0x00000000000058ca        0x4 C:\Users\ian\AppData\Local\Temp\pio-workspaces\HTCC-AB02S_BME-280 Coverage-01ae45343b\build\cubecell_gps\lib6e5\libOLED.a(cubecell_OLEDDisplay.cpp.o)
                0x00000000000058ca                OLEDDisplay::getWidth()
 *fill*         0x00000000000058ce        0x2 
 .text._ZN11OLEDDisplay11setGeometryE20OLEDDISPLAY_GEOMETRYtt
                0x00000000000058d0       0x3c C:\Users\ian\AppData\Local\Temp\pio-workspaces\HTCC-AB02S_BME-280 Coverage-01ae45343b\build\cubecell_gps\lib6e5\libOLED.a(cubecell_OLEDDisplay.cpp.o)
                0x00000000000058d0                OLEDDisplay::setGeometry(OLEDDISPLAY_GEOMETRY, unsigned short, unsigned short)
 .text._ZN11OLEDDisplay12setDrivemodeE17OLEDDISPLAY_DRIVE
                0x000000000000590c        0x4 C:\Users\ian\AppData\Local\Temp\pio-workspaces\HTCC-AB02S_BME-280 Coverage-01ae45343b\build\cubecell_gps\lib6e5\libOLED.a(cubecell_OLEDDisplay.cpp.o)
                0x000000000000590c                OLEDDisplay::setDrivemode(OLEDDISPLAY_DRIVE)
 .text._ZN11OLEDDisplay6setRstEa
                0x0000000000005910        0x4 C:\Users\ian\AppData\Local\Temp\pio-workspaces\HTCC-AB02S_BME-280 Coverage-01ae45343b\build\cubecell_gps\lib6e5\libOLED.a(cubecell_OLEDDisplay.cpp.o)
                0x0000000000005910                OLEDDisplay::setRst(signed char)
 .text._ZN11OLEDDisplay16sendInitCommandsEv
                0x0000000000005914      0x218 C:\Users\ian\AppData\Local\Temp\pio-workspaces\HTCC-AB02S_BME-280 Coverage-01ae45343b\build\cubecell_gps\lib6e5\libOLED.a(cubecell_OLEDDisplay.cpp.o)
                0x0000000000005914                OLEDDisplay::sendInitCommands()
 .text._ZN11OLEDDisplay4initEv
                0x0000000000005b2c       0xce C:\Users\ian\AppData\Local\Temp\pio-workspaces\HTCC-AB02S_BME-280 Coverage-01ae45343b\build\cubecell_gps\lib6e5\libOLED.a(cubecell_OLEDDisplay.cpp.o)
                0x0000000000005b2c                OLEDDisplay::init()
 .text._ZN11OLEDDisplay9utf8asciiE6String
                0x0000000000005bfa       0x60 C:\Users\ian\AppData\Local\Temp\pio-workspaces\HTCC-AB02S_BME-280 Coverage-01ae45343b\build\cubecell_gps\lib6e5\libOLED.a(cubecell_OLEDDisplay.cpp.o)
                0x0000000000005bfa                OLEDDisplay::utf8ascii(String)
 *fill*         0x0000000000005c5a        0x2 
 .text._ZN11OLEDDisplay10drawStringEss6String
                0x0000000000005c5c       0xa8 C:\Users\ian\AppData\Local\Temp\pio-workspaces\HTCC-AB02S_BME-280 Coverage-01ae45343b\build\cubecell_gps\lib6e5\libOLED.a(cubecell_OLEDDisplay.cpp.o)
                0x0000000000005c5c                OLEDDisplay::drawString(short, short, String)
 .text._ZN11TinyGPSPlusC2Ev
                0x0000000000005d04       0x64 C:\Users\ian\AppData\Local\Temp\pio-workspaces\HTCC-AB02S_BME-280 Coverage-01ae45343b\build\cubecell_gps\libe60\libOnBoardGPS_Air530.a(CubeCell_TinyGPS++.cpp.o)
                0x0000000000005d04                TinyGPSPlus::TinyGPSPlus()
                0x0000000000005d04                TinyGPSPlus::TinyGPSPlus()
 .text._ZN11TinyGPSPlus7fromHexEc
                0x0000000000005d68       0x1e C:\Users\ian\AppData\Local\Temp\pio-workspaces\HTCC-AB02S_BME-280 Coverage-01ae45343b\build\cubecell_gps\libe60\libOnBoardGPS_Air530.a(CubeCell_TinyGPS++.cpp.o)
                0x0000000000005d68                TinyGPSPlus::fromHex(char)
 .text._ZN11TinyGPSPlus12parseDecimalEPKc
                0x0000000000005d86       0x4a C:\Users\ian\AppData\Local\Temp\pio-workspaces\HTCC-AB02S_BME-280 Coverage-01ae45343b\build\cubecell_gps\libe60\libOnBoardGPS_Air530.a(CubeCell_TinyGPS++.cpp.o)
                0x0000000000005d86                TinyGPSPlus::parseDecimal(char const*)
 .text._ZN11TinyGPSPlus12parseDegreesEPKcR10RawDegrees
                0x0000000000005dd0       0x64 C:\Users\ian\AppData\Local\Temp\pio-workspaces\HTCC-AB02S_BME-280 Coverage-01ae45343b\build\cubecell_gps\libe60\libOnBoardGPS_Air530.a(CubeCell_TinyGPS++.cpp.o)
                0x0000000000005dd0                TinyGPSPlus::parseDegrees(char const*, RawDegrees&)
 .text._ZN11TinyGPSPlus15distanceBetweenEdddd
                0x0000000000005e34      0x13c C:\Users\ian\AppData\Local\Temp\pio-workspaces\HTCC-AB02S_BME-280 Coverage-01ae45343b\build\cubecell_gps\libe60\libOnBoardGPS_Air530.a(CubeCell_TinyGPS++.cpp.o)
                0x0000000000005e34                TinyGPSPlus::distanceBetween(double, double, double, double)
 .text._ZN15TinyGPSLocation6commitEv
                0x0000000000005f70       0x2e C:\Users\ian\AppData\Local\Temp\pio-workspaces\HTCC-AB02S_BME-280 Coverage-01ae45343b\build\cubecell_gps\libe60\libOnBoardGPS_Air530.a(CubeCell_TinyGPS++.cpp.o)
                0x0000000000005f70                TinyGPSLocation::commit()
 *fill*         0x0000000000005f9e        0x2 
 .text._ZN15TinyGPSLocation3latEv
                0x0000000000005fa0       0x48 C:\Users\ian\AppData\Local\Temp\pio-workspaces\HTCC-AB02S_BME-280 Coverage-01ae45343b\build\cubecell_gps\libe60\libOnBoardGPS_Air530.a(CubeCell_TinyGPS++.cpp.o)
                0x0000000000005fa0                TinyGPSLocation::lat()
 .text._ZN15TinyGPSLocation3lngEv
                0x0000000000005fe8       0x48 C:\Users\ian\AppData\Local\Temp\pio-workspaces\HTCC-AB02S_BME-280 Coverage-01ae45343b\build\cubecell_gps\libe60\libOnBoardGPS_Air530.a(CubeCell_TinyGPS++.cpp.o)
                0x0000000000005fe8                TinyGPSLocation::lng()
 .text._ZN11TinyGPSDate6commitEv
                0x0000000000006030       0x16 C:\Users\ian\AppData\Local\Temp\pio-workspaces\HTCC-AB02S_BME-280 Coverage-01ae45343b\build\cubecell_gps\libe60\libOnBoardGPS_Air530.a(CubeCell_TinyGPS++.cpp.o)
                0x0000000000006030                TinyGPSDate::commit()
 .text._ZN11TinyGPSTime6commitEv
                0x0000000000006046       0x16 C:\Users\ian\AppData\Local\Temp\pio-workspaces\HTCC-AB02S_BME-280 Coverage-01ae45343b\build\cubecell_gps\libe60\libOnBoardGPS_Air530.a(CubeCell_TinyGPS++.cpp.o)
                0x0000000000006046                TinyGPSTime::commit()
 .text._ZN11TinyGPSTime7setTimeEPKc
                0x000000000000605c        0xe C:\Users\ian\AppData\Local\Temp\pio-workspaces\HTCC-AB02S_BME-280 Coverage-01ae45343b\build\cubecell_gps\libe60\libOnBoardGPS_Air530.a(CubeCell_TinyGPS++.cpp.o)
                0x000000000000605c                TinyGPSTime::setTime(char const*)
 .text._ZN11TinyGPSDate7setDateEPKc
                0x000000000000606a        0xe C:\Users\ian\AppData\Local\Temp\pio-workspaces\HTCC-AB02S_BME-280 Coverage-01ae45343b\build\cubecell_gps\libe60\libOnBoardGPS_Air530.a(CubeCell_TinyGPS++.cpp.o)
                0x000000000000606a                TinyGPSDate::setDate(char const*)
 .text._ZN11TinyGPSDate4yearEv
                0x0000000000006078       0x18 C:\Users\ian\AppData\Local\Temp\pio-workspaces\HTCC-AB02S_BME-280 Coverage-01ae45343b\build\cubecell_gps\libe60\libOnBoardGPS_Air530.a(CubeCell_TinyGPS++.cpp.o)
                0x0000000000006078                TinyGPSDate::year()
 .text._ZN11TinyGPSDate5monthEv
                0x0000000000006090       0x18 C:\Users\ian\AppData\Local\Temp\pio-workspaces\HTCC-AB02S_BME-280 Coverage-01ae45343b\build\cubecell_gps\libe60\libOnBoardGPS_Air530.a(CubeCell_TinyGPS++.cpp.o)
                0x0000000000006090                TinyGPSDate::month()
 .text._ZN11TinyGPSDate3dayEv
                0x00000000000060a8       0x18 C:\Users\ian\AppData\Local\Temp\pio-workspaces\HTCC-AB02S_BME-280 Coverage-01ae45343b\build\cubecell_gps\libe60\libOnBoardGPS_Air530.a(CubeCell_TinyGPS++.cpp.o)
                0x00000000000060a8                TinyGPSDate::day()
 .text._ZN11TinyGPSTime4hourEv
                0x00000000000060c0       0x18 C:\Users\ian\AppData\Local\Temp\pio-workspaces\HTCC-AB02S_BME-280 Coverage-01ae45343b\build\cubecell_gps\libe60\libOnBoardGPS_Air530.a(CubeCell_TinyGPS++.cpp.o)
                0x00000000000060c0                TinyGPSTime::hour()
 .text._ZN11TinyGPSTime6minuteEv
                0x00000000000060d8       0x1c C:\Users\ian\AppData\Local\Temp\pio-workspaces\HTCC-AB02S_BME-280 Coverage-01ae45343b\build\cubecell_gps\libe60\libOnBoardGPS_Air530.a(CubeCell_TinyGPS++.cpp.o)
                0x00000000000060d8                TinyGPSTime::minute()
 .text._ZN11TinyGPSTime6secondEv
                0x00000000000060f4       0x18 C:\Users\ian\AppData\Local\Temp\pio-workspaces\HTCC-AB02S_BME-280 Coverage-01ae45343b\build\cubecell_gps\libe60\libOnBoardGPS_Air530.a(CubeCell_TinyGPS++.cpp.o)
                0x00000000000060f4                TinyGPSTime::second()
 .text._ZN11TinyGPSTime11centisecondEv
                0x000000000000610c       0x12 C:\Users\ian\AppData\Local\Temp\pio-workspaces\HTCC-AB02S_BME-280 Coverage-01ae45343b\build\cubecell_gps\libe60\libOnBoardGPS_Air530.a(CubeCell_TinyGPS++.cpp.o)
                0x000000000000610c                TinyGPSTime::centisecond()
 .text._ZN14TinyGPSDecimal6commitEv
                0x000000000000611e       0x16 C:\Users\ian\AppData\Local\Temp\pio-workspaces\HTCC-AB02S_BME-280 Coverage-01ae45343b\build\cubecell_gps\libe60\libOnBoardGPS_Air530.a(CubeCell_TinyGPS++.cpp.o)
                0x000000000000611e                TinyGPSDecimal::commit()
 .text._ZN14TinyGPSDecimal3setEPKc
                0x0000000000006134        0xe C:\Users\ian\AppData\Local\Temp\pio-workspaces\HTCC-AB02S_BME-280 Coverage-01ae45343b\build\cubecell_gps\libe60\libOnBoardGPS_Air530.a(CubeCell_TinyGPS++.cpp.o)
                0x0000000000006134                TinyGPSDecimal::set(char const*)
 .text._ZN14TinyGPSInteger6commitEv
                0x0000000000006142       0x16 C:\Users\ian\AppData\Local\Temp\pio-workspaces\HTCC-AB02S_BME-280 Coverage-01ae45343b\build\cubecell_gps\libe60\libOnBoardGPS_Air530.a(CubeCell_TinyGPS++.cpp.o)
                0x0000000000006142                TinyGPSInteger::commit()
 .text._ZN14TinyGPSInteger3setEPKc
                0x0000000000006158        0xe C:\Users\ian\AppData\Local\Temp\pio-workspaces\HTCC-AB02S_BME-280 Coverage-01ae45343b\build\cubecell_gps\libe60\libOnBoardGPS_Air530.a(CubeCell_TinyGPS++.cpp.o)
                0x0000000000006158                TinyGPSInteger::set(char const*)
 .text._ZN13TinyGPSCustom6commitEv
                0x0000000000006166       0x1a C:\Users\ian\AppData\Local\Temp\pio-workspaces\HTCC-AB02S_BME-280 Coverage-01ae45343b\build\cubecell_gps\libe60\libOnBoardGPS_Air530.a(CubeCell_TinyGPS++.cpp.o)
                0x0000000000006166                TinyGPSCustom::commit()
 .text._ZN13TinyGPSCustom3setEPKc
                0x0000000000006180        0xa C:\Users\ian\AppData\Local\Temp\pio-workspaces\HTCC-AB02S_BME-280 Coverage-01ae45343b\build\cubecell_gps\libe60\libOnBoardGPS_Air530.a(CubeCell_TinyGPS++.cpp.o)
                0x0000000000006180                TinyGPSCustom::set(char const*)
 *fill*         0x000000000000618a        0x2 
 .text._ZN11TinyGPSPlus16endOfTermHandlerEv
                0x000000000000618c      0x278 C:\Users\ian\AppData\Local\Temp\pio-workspaces\HTCC-AB02S_BME-280 Coverage-01ae45343b\build\cubecell_gps\libe60\libOnBoardGPS_Air530.a(CubeCell_TinyGPS++.cpp.o)
                0x000000000000618c                TinyGPSPlus::endOfTermHandler()
 .text._ZN11TinyGPSPlus6encodeEc
                0x0000000000006404       0x9e C:\Users\ian\AppData\Local\Temp\pio-workspaces\HTCC-AB02S_BME-280 Coverage-01ae45343b\build\cubecell_gps\libe60\libOnBoardGPS_Air530.a(CubeCell_TinyGPS++.cpp.o)
                0x0000000000006404                TinyGPSPlus::encode(char)
 .text._ZN14HardwareSerialD2Ev
                0x00000000000064a2        0x2 C:\Users\ian\AppData\Local\Temp\pio-workspaces\HTCC-AB02S_BME-280 Coverage-01ae45343b\build\cubecell_gps\libe60\libOnBoardGPS_Air530.a(GPS_Air530.cpp.o)
                0x00000000000064a2                HardwareSerial::~HardwareSerial()
                0x00000000000064a2                HardwareSerial::~HardwareSerial()
 .text._Z11calchecksum6String
                0x00000000000064a4       0x5c C:\Users\ian\AppData\Local\Temp\pio-workspaces\HTCC-AB02S_BME-280 Coverage-01ae45343b\build\cubecell_gps\libe60\libOnBoardGPS_Air530.a(GPS_Air530.cpp.o)
                0x00000000000064a4                calchecksum(String)
 .text._ZN11Air530Class9availableEv
                0x0000000000006500       0x10 C:\Users\ian\AppData\Local\Temp\pio-workspaces\HTCC-AB02S_BME-280 Coverage-01ae45343b\build\cubecell_gps\libe60\libOnBoardGPS_Air530.a(GPS_Air530.cpp.o)
                0x0000000000006500                Air530Class::available()
 .text._ZN11Air530Class4readEv
                0x0000000000006510       0x10 C:\Users\ian\AppData\Local\Temp\pio-workspaces\HTCC-AB02S_BME-280 Coverage-01ae45343b\build\cubecell_gps\libe60\libOnBoardGPS_Air530.a(GPS_Air530.cpp.o)
                0x0000000000006510                Air530Class::read()
 .text._ZN11Air530Class7sendcmdE6String
                0x0000000000006520       0x34 C:\Users\ian\AppData\Local\Temp\pio-workspaces\HTCC-AB02S_BME-280 Coverage-01ae45343b\build\cubecell_gps\libe60\libOnBoardGPS_Air530.a(GPS_Air530.cpp.o)
                0x0000000000006520                Air530Class::sendcmd(String)
 .text._ZN11Air530Class7setmodeE7GPSMODE
                0x0000000000006554       0x5c C:\Users\ian\AppData\Local\Temp\pio-workspaces\HTCC-AB02S_BME-280 Coverage-01ae45343b\build\cubecell_gps\libe60\libOnBoardGPS_Air530.a(GPS_Air530.cpp.o)
                0x0000000000006554                Air530Class::setmode(GPSMODE)
 .text._ZN11Air530Class6setPPSEht
                0x00000000000065b0       0x90 C:\Users\ian\AppData\Local\Temp\pio-workspaces\HTCC-AB02S_BME-280 Coverage-01ae45343b\build\cubecell_gps\libe60\libOnBoardGPS_Air530.a(GPS_Air530.cpp.o)
                0x00000000000065b0                Air530Class::setPPS(unsigned char, unsigned short)
 .text._ZN11Air530Class7getNMEAEv
                0x0000000000006640       0x9c C:\Users\ian\AppData\Local\Temp\pio-workspaces\HTCC-AB02S_BME-280 Coverage-01ae45343b\build\cubecell_gps\libe60\libOnBoardGPS_Air530.a(GPS_Air530.cpp.o)
                0x0000000000006640                Air530Class::getNMEA()
 .text._ZN11Air530Class5beginEm
                0x00000000000066dc      0x1f8 C:\Users\ian\AppData\Local\Temp\pio-workspaces\HTCC-AB02S_BME-280 Coverage-01ae45343b\build\cubecell_gps\libe60\libOnBoardGPS_Air530.a(GPS_Air530.cpp.o)
                0x00000000000066dc                Air530Class::begin(unsigned long)
 .text._ZN14HardwareSerialD0Ev
                0x00000000000068d4        0xe C:\Users\ian\AppData\Local\Temp\pio-workspaces\HTCC-AB02S_BME-280 Coverage-01ae45343b\build\cubecell_gps\libe60\libOnBoardGPS_Air530.a(GPS_Air530.cpp.o)
                0x00000000000068d4                HardwareSerial::~HardwareSerial()
 *fill*         0x00000000000068e2        0x2 
 .text.startup._GLOBAL__sub_I_GPSSerial
                0x00000000000068e4       0x38 C:\Users\ian\AppData\Local\Temp\pio-workspaces\HTCC-AB02S_BME-280 Coverage-01ae45343b\build\cubecell_gps\libe60\libOnBoardGPS_Air530.a(GPS_Air530.cpp.o)
 .text._ZL11wakeUpDummyv
                0x000000000000691c        0x2 C:\Users\ian\AppData\Local\Temp\pio-workspaces\HTCC-AB02S_BME-280 Coverage-01ae45343b\build\cubecell_gps\lib67c\libLoRaWanMinimal.a(LoRaWanMinimal_APP.cpp.o)
 *fill*         0x000000000000691e        0x2 
 .text._ZL14MlmeIndicationP15sMlmeIndication
                0x0000000000006920       0x14 C:\Users\ian\AppData\Local\Temp\pio-workspaces\HTCC-AB02S_BME-280 Coverage-01ae45343b\build\cubecell_gps\lib67c\libLoRaWanMinimal.a(LoRaWanMinimal_APP.cpp.o)
 .text._ZL11McpsConfirmP12sMcpsConfirm
                0x0000000000006934       0x1c C:\Users\ian\AppData\Local\Temp\pio-workspaces\HTCC-AB02S_BME-280 Coverage-01ae45343b\build\cubecell_gps\lib67c\libLoRaWanMinimal.a(LoRaWanMinimal_APP.cpp.o)
 .text._ZN14LoRaWanMinimal8joinOTAAEPhS0_S0_
                0x0000000000006950       0x64 C:\Users\ian\AppData\Local\Temp\pio-workspaces\HTCC-AB02S_BME-280 Coverage-01ae45343b\build\cubecell_gps\lib67c\libLoRaWanMinimal.a(LoRaWanMinimal_APP.cpp.o)
                0x0000000000006950                LoRaWanMinimal::joinOTAA(unsigned char*, unsigned char*, unsigned char*)
 .text.getBatteryVoltage
                0x00000000000069b4       0x28 C:\Users\ian\AppData\Local\Temp\pio-workspaces\HTCC-AB02S_BME-280 Coverage-01ae45343b\build\cubecell_gps\lib67c\libLoRaWanMinimal.a(LoRaWanMinimal_APP.cpp.o)
                0x00000000000069b4                getBatteryVoltage
 .text._ZL14McpsIndicationP15sMcpsIndication
                0x00000000000069dc       0x44 C:\Users\ian\AppData\Local\Temp\pio-workspaces\HTCC-AB02S_BME-280 Coverage-01ae45343b\build\cubecell_gps\lib67c\libLoRaWanMinimal.a(LoRaWanMinimal_APP.cpp.o)
 .text.dev_time_updated
                0x0000000000006a20       0x10 C:\Users\ian\AppData\Local\Temp\pio-workspaces\HTCC-AB02S_BME-280 Coverage-01ae45343b\build\cubecell_gps\lib67c\libLoRaWanMinimal.a(LoRaWanMinimal_APP.cpp.o)
                0x0000000000006a20                dev_time_updated
 .text._ZL11MlmeConfirmP12sMlmeConfirm
                0x0000000000006a30       0x2c C:\Users\ian\AppData\Local\Temp\pio-workspaces\HTCC-AB02S_BME-280 Coverage-01ae45343b\build\cubecell_gps\lib67c\libLoRaWanMinimal.a(LoRaWanMinimal_APP.cpp.o)
 .text.lwan_dev_params_update
                0x0000000000006a5c       0xa0 C:\Users\ian\AppData\Local\Temp\pio-workspaces\HTCC-AB02S_BME-280 Coverage-01ae45343b\build\cubecell_gps\lib67c\libLoRaWanMinimal.a(LoRaWanMinimal_APP.cpp.o)
                0x0000000000006a5c                lwan_dev_params_update
 .text._ZN14LoRaWanMinimal5beginE12eDeviceClass16eLoRaMacRegion_t
                0x0000000000006afc      0x124 C:\Users\ian\AppData\Local\Temp\pio-workspaces\HTCC-AB02S_BME-280 Coverage-01ae45343b\build\cubecell_gps\lib67c\libLoRaWanMinimal.a(LoRaWanMinimal_APP.cpp.o)
                0x0000000000006afc                LoRaWanMinimal::begin(eDeviceClass, eLoRaMacRegion_t)
 .text._ZN14LoRaWanMinimal4sendEhPhhb
                0x0000000000006c20       0xdc C:\Users\ian\AppData\Local\Temp\pio-workspaces\HTCC-AB02S_BME-280 Coverage-01ae45343b\build\cubecell_gps\lib67c\libLoRaWanMinimal.a(LoRaWanMinimal_APP.cpp.o)
                0x0000000000006c20                LoRaWanMinimal::send(unsigned char, unsigned char*, unsigned char, bool)
 .text._ZN14LoRaWanMinimal22generateDevEUIByChipIDEv
                0x0000000000006cfc       0x2c C:\Users\ian\AppData\Local\Temp\pio-workspaces\HTCC-AB02S_BME-280 Coverage-01ae45343b\build\cubecell_gps\lib67c\libLoRaWanMinimal.a(LoRaWanMinimal_APP.cpp.o)
                0x0000000000006cfc                LoRaWanMinimal::generateDevEUIByChipID()
 .text._ZN14LoRaWanMinimal8joinOTAAEPhS0_
                0x0000000000006d28       0x1a C:\Users\ian\AppData\Local\Temp\pio-workspaces\HTCC-AB02S_BME-280 Coverage-01ae45343b\build\cubecell_gps\lib67c\libLoRaWanMinimal.a(LoRaWanMinimal_APP.cpp.o)
                0x0000000000006d28                LoRaWanMinimal::joinOTAA(unsigned char*, unsigned char*)
 *fill*         0x0000000000006d42        0x2 
 .text.startup._GLOBAL__sub_I_defaultDrForNoAdr
                0x0000000000006d44       0x18 C:\Users\ian\AppData\Local\Temp\pio-workspaces\HTCC-AB02S_BME-280 Coverage-01ae45343b\build\cubecell_gps\lib67c\libLoRaWanMinimal.a(LoRaWanMinimal_APP.cpp.o)
 .text._Z9breakTimexR12tmElements_t
                0x0000000000006d5c      0x128 C:\Users\ian\AppData\Local\Temp\pio-workspaces\HTCC-AB02S_BME-280 Coverage-01ae45343b\build\cubecell_gps\lib71b\libTime.a(Time.cpp.o)
                0x0000000000006d5c                breakTime(long long, tmElements_t&)
 .text._Z12refreshCachex
                0x0000000000006e84       0x2c C:\Users\ian\AppData\Local\Temp\pio-workspaces\HTCC-AB02S_BME-280 Coverage-01ae45343b\build\cubecell_gps\lib71b\libTime.a(Time.cpp.o)
                0x0000000000006e84                refreshCache(long long)
 .text._Z6minutex
                0x0000000000006eb0       0x10 C:\Users\ian\AppData\Local\Temp\pio-workspaces\HTCC-AB02S_BME-280 Coverage-01ae45343b\build\cubecell_gps\lib71b\libTime.a(Time.cpp.o)
                0x0000000000006eb0                minute(long long)
 .text._Z4yearx
                0x0000000000006ec0       0x18 C:\Users\ian\AppData\Local\Temp\pio-workspaces\HTCC-AB02S_BME-280 Coverage-01ae45343b\build\cubecell_gps\lib71b\libTime.a(Time.cpp.o)
                0x0000000000006ec0                year(long long)
 .text._Z8makeTimeRK12tmElements_t
                0x0000000000006ed8       0xdc C:\Users\ian\AppData\Local\Temp\pio-workspaces\HTCC-AB02S_BME-280 Coverage-01ae45343b\build\cubecell_gps\lib71b\libTime.a(Time.cpp.o)
                0x0000000000006ed8                makeTime(tmElements_t const&)
 .text._Z7setTimex
                0x0000000000006fb4       0x24 C:\Users\ian\AppData\Local\Temp\pio-workspaces\HTCC-AB02S_BME-280 Coverage-01ae45343b\build\cubecell_gps\lib71b\libTime.a(Time.cpp.o)
                0x0000000000006fb4                setTime(long long)
 .text._Z3nowv  0x0000000000006fd8       0x60 C:\Users\ian\AppData\Local\Temp\pio-workspaces\HTCC-AB02S_BME-280 Coverage-01ae45343b\build\cubecell_gps\lib71b\libTime.a(Time.cpp.o)
                0x0000000000006fd8                now()
 .text._Z4hourv
                0x0000000000007038       0x14 C:\Users\ian\AppData\Local\Temp\pio-workspaces\HTCC-AB02S_BME-280 Coverage-01ae45343b\build\cubecell_gps\lib71b\libTime.a(Time.cpp.o)
                0x0000000000007038                hour()
 .text._Z6minutev
                0x000000000000704c       0x14 C:\Users\ian\AppData\Local\Temp\pio-workspaces\HTCC-AB02S_BME-280 Coverage-01ae45343b\build\cubecell_gps\lib71b\libTime.a(Time.cpp.o)
                0x000000000000704c                minute()
 .text._Z6secondv
                0x0000000000007060       0x14 C:\Users\ian\AppData\Local\Temp\pio-workspaces\HTCC-AB02S_BME-280 Coverage-01ae45343b\build\cubecell_gps\lib71b\libTime.a(Time.cpp.o)
                0x0000000000007060                second()
 .text._Z3dayv  0x0000000000007074       0x14 C:\Users\ian\AppData\Local\Temp\pio-workspaces\HTCC-AB02S_BME-280 Coverage-01ae45343b\build\cubecell_gps\lib71b\libTime.a(Time.cpp.o)
                0x0000000000007074                day()
 .text._Z5monthv
                0x0000000000007088       0x14 C:\Users\ian\AppData\Local\Temp\pio-workspaces\HTCC-AB02S_BME-280 Coverage-01ae45343b\build\cubecell_gps\lib71b\libTime.a(Time.cpp.o)
                0x0000000000007088                month()
 .text._Z4yearv
                0x000000000000709c        0xc C:\Users\ian\AppData\Local\Temp\pio-workspaces\HTCC-AB02S_BME-280 Coverage-01ae45343b\build\cubecell_gps\lib71b\libTime.a(Time.cpp.o)
                0x000000000000709c                year()
 .text._Z7setTimeiiiiii
                0x00000000000070a8       0x38 C:\Users\ian\AppData\Local\Temp\pio-workspaces\HTCC-AB02S_BME-280 Coverage-01ae45343b\build\cubecell_gps\lib71b\libTime.a(Time.cpp.o)
                0x00000000000070a8                setTime(int, int, int, int, int, int)
 .text._ZN6Stream9readBytesEPhj
                0x00000000000070e0        0xa C:\Users\ian\AppData\Local\Temp\pio-workspaces\HTCC-AB02S_BME-280 Coverage-01ae45343b\build\cubecell_gps\libFrameworkArduino.a(HardwareSerial.cpp.o)
                0x00000000000070e0                Stream::readBytes(unsigned char*, unsigned int)
 .text._ZN14HardwareSerial4peekEv
                0x00000000000070ea        0x4 C:\Users\ian\AppData\Local\Temp\pio-workspaces\HTCC-AB02S_BME-280 Coverage-01ae45343b\build\cubecell_gps\libFrameworkArduino.a(HardwareSerial.cpp.o)
                0x00000000000070ea                HardwareSerial::peek()
 .text._ZN14HardwareSerial9availableEv
                0x00000000000070ee       0x16 C:\Users\ian\AppData\Local\Temp\pio-workspaces\HTCC-AB02S_BME-280 Coverage-01ae45343b\build\cubecell_gps\libFrameworkArduino.a(HardwareSerial.cpp.o)
                0x00000000000070ee                HardwareSerial::available()
 .text._ZN14HardwareSerial4readEv
                0x0000000000007104       0x26 C:\Users\ian\AppData\Local\Temp\pio-workspaces\HTCC-AB02S_BME-280 Coverage-01ae45343b\build\cubecell_gps\libFrameworkArduino.a(HardwareSerial.cpp.o)
                0x0000000000007104                HardwareSerial::read()
 .text._ZN14HardwareSerial5writeEh
                0x000000000000712a       0x1a C:\Users\ian\AppData\Local\Temp\pio-workspaces\HTCC-AB02S_BME-280 Coverage-01ae45343b\build\cubecell_gps\libFrameworkArduino.a(HardwareSerial.cpp.o)
                0x000000000000712a                HardwareSerial::write(unsigned char)
 .text._ZN14HardwareSerial5writeEPKhj
                0x0000000000007144       0x28 C:\Users\ian\AppData\Local\Temp\pio-workspaces\HTCC-AB02S_BME-280 Coverage-01ae45343b\build\cubecell_gps\libFrameworkArduino.a(HardwareSerial.cpp.o)
                0x0000000000007144                HardwareSerial::write(unsigned char const*, unsigned int)
 .text._ZN14HardwareSerial5flushEv
                0x000000000000716c       0x2c C:\Users\ian\AppData\Local\Temp\pio-workspaces\HTCC-AB02S_BME-280 Coverage-01ae45343b\build\cubecell_gps\libFrameworkArduino.a(HardwareSerial.cpp.o)
                0x000000000000716c                HardwareSerial::flush()
 .text._ZN14HardwareSerialC2Ea
                0x0000000000007198       0x1c C:\Users\ian\AppData\Local\Temp\pio-workspaces\HTCC-AB02S_BME-280 Coverage-01ae45343b\build\cubecell_gps\libFrameworkArduino.a(HardwareSerial.cpp.o)
                0x0000000000007198                HardwareSerial::HardwareSerial(signed char)
                0x0000000000007198                HardwareSerial::HardwareSerial(signed char)
 .text._ZN14HardwareSerial5beginEmmabm
                0x00000000000071b4      0x124 C:\Users\ian\AppData\Local\Temp\pio-workspaces\HTCC-AB02S_BME-280 Coverage-01ae45343b\build\cubecell_gps\libFrameworkArduino.a(HardwareSerial.cpp.o)
                0x00000000000071b4                HardwareSerial::begin(unsigned long, unsigned long, signed char, bool, unsigned long)
 .text._ZN14HardwareSerial14updateBaudRateEm
                0x00000000000072d8       0x5c C:\Users\ian\AppData\Local\Temp\pio-workspaces\HTCC-AB02S_BME-280 Coverage-01ae45343b\build\cubecell_gps\libFrameworkArduino.a(HardwareSerial.cpp.o)
                0x00000000000072d8                HardwareSerial::updateBaudRate(unsigned long)
 .text.startup._GLOBAL__sub_I_Serial
                0x0000000000007334       0x5c C:\Users\ian\AppData\Local\Temp\pio-workspaces\HTCC-AB02S_BME-280 Coverage-01ae45343b\build\cubecell_gps\libFrameworkArduino.a(HardwareSerial.cpp.o)
 .text._ZN7TwoWireD2Ev
                0x0000000000007390        0x2 C:\Users\ian\AppData\Local\Temp\pio-workspaces\HTCC-AB02S_BME-280 Coverage-01ae45343b\build\cubecell_gps\libFrameworkArduino.a(Wire.cpp.o)
                0x0000000000007390                TwoWire::~TwoWire()
                0x0000000000007390                TwoWire::~TwoWire()
 .text._ZN7TwoWire5writeEPKhj
                0x0000000000007392       0x24 C:\Users\ian\AppData\Local\Temp\pio-workspaces\HTCC-AB02S_BME-280 Coverage-01ae45343b\build\cubecell_gps\libFrameworkArduino.a(Wire.cpp.o)
                0x0000000000007392                TwoWire::write(unsigned char const*, unsigned int)
 .text._ZN7TwoWire9availableEv
                0x00000000000073b6        0xe C:\Users\ian\AppData\Local\Temp\pio-workspaces\HTCC-AB02S_BME-280 Coverage-01ae45343b\build\cubecell_gps\libFrameworkArduino.a(Wire.cpp.o)
                0x00000000000073b6                TwoWire::available()
 .text._ZN7TwoWire4readEv
                0x00000000000073c4       0x20 C:\Users\ian\AppData\Local\Temp\pio-workspaces\HTCC-AB02S_BME-280 Coverage-01ae45343b\build\cubecell_gps\libFrameworkArduino.a(Wire.cpp.o)
                0x00000000000073c4                TwoWire::read()
 .text._ZN7TwoWire4peekEv
                0x00000000000073e4       0x1c C:\Users\ian\AppData\Local\Temp\pio-workspaces\HTCC-AB02S_BME-280 Coverage-01ae45343b\build\cubecell_gps\libFrameworkArduino.a(Wire.cpp.o)
                0x00000000000073e4                TwoWire::peek()
 .text._ZN7TwoWireD0Ev
                0x0000000000007400       0x10 C:\Users\ian\AppData\Local\Temp\pio-workspaces\HTCC-AB02S_BME-280 Coverage-01ae45343b\build\cubecell_gps\libFrameworkArduino.a(Wire.cpp.o)
                0x0000000000007400                TwoWire::~TwoWire()
 .text._ZN7TwoWire5writeEh
                0x0000000000007410       0x40 C:\Users\ian\AppData\Local\Temp\pio-workspaces\HTCC-AB02S_BME-280 Coverage-01ae45343b\build\cubecell_gps\libFrameworkArduino.a(Wire.cpp.o)
                0x0000000000007410                TwoWire::write(unsigned char)
 .text._ZN7TwoWire5flushEv
                0x0000000000007450       0x78 C:\Users\ian\AppData\Local\Temp\pio-workspaces\HTCC-AB02S_BME-280 Coverage-01ae45343b\build\cubecell_gps\libFrameworkArduino.a(Wire.cpp.o)
                0x0000000000007450                TwoWire::flush()
 .text._ZN7TwoWireC2Ea
                0x00000000000074c8       0x3c C:\Users\ian\AppData\Local\Temp\pio-workspaces\HTCC-AB02S_BME-280 Coverage-01ae45343b\build\cubecell_gps\libFrameworkArduino.a(Wire.cpp.o)
                0x00000000000074c8                TwoWire::TwoWire(signed char)
                0x00000000000074c8                TwoWire::TwoWire(signed char)
 .text._ZN7TwoWire5beginEma
                0x0000000000007504       0x6c C:\Users\ian\AppData\Local\Temp\pio-workspaces\HTCC-AB02S_BME-280 Coverage-01ae45343b\build\cubecell_gps\libFrameworkArduino.a(Wire.cpp.o)
                0x0000000000007504                TwoWire::begin(unsigned long, signed char)
 .text._ZN7TwoWire3endEv
                0x0000000000007570       0x16 C:\Users\ian\AppData\Local\Temp\pio-workspaces\HTCC-AB02S_BME-280 Coverage-01ae45343b\build\cubecell_gps\libFrameworkArduino.a(Wire.cpp.o)
                0x0000000000007570                TwoWire::end()
 .text._ZN7TwoWire17writeTransmissionEtPhtb
                0x0000000000007586       0xc0 C:\Users\ian\AppData\Local\Temp\pio-workspaces\HTCC-AB02S_BME-280 Coverage-01ae45343b\build\cubecell_gps\libFrameworkArduino.a(Wire.cpp.o)
                0x0000000000007586                TwoWire::writeTransmission(unsigned short, unsigned char*, unsigned short, bool)
 .text._ZN7TwoWire16readTransmissionEtPhtbPm
                0x0000000000007646       0xd2 C:\Users\ian\AppData\Local\Temp\pio-workspaces\HTCC-AB02S_BME-280 Coverage-01ae45343b\build\cubecell_gps\libFrameworkArduino.a(Wire.cpp.o)
                0x0000000000007646                TwoWire::readTransmission(unsigned short, unsigned char*, unsigned short, bool, unsigned long*)
 .text._ZN7TwoWire15endTransmissionEb
                0x0000000000007718       0x68 C:\Users\ian\AppData\Local\Temp\pio-workspaces\HTCC-AB02S_BME-280 Coverage-01ae45343b\build\cubecell_gps\libFrameworkArduino.a(Wire.cpp.o)
                0x0000000000007718                TwoWire::endTransmission(bool)
 .text._ZN7TwoWire11requestFromEthb
                0x0000000000007780       0x74 C:\Users\ian\AppData\Local\Temp\pio-workspaces\HTCC-AB02S_BME-280 Coverage-01ae45343b\build\cubecell_gps\libFrameworkArduino.a(Wire.cpp.o)
                0x0000000000007780                TwoWire::requestFrom(unsigned short, unsigned char, bool)
 .text._ZN7TwoWire11requestFromEii
                0x00000000000077f4        0xe C:\Users\ian\AppData\Local\Temp\pio-workspaces\HTCC-AB02S_BME-280 Coverage-01ae45343b\build\cubecell_gps\libFrameworkArduino.a(Wire.cpp.o)
                0x00000000000077f4                TwoWire::requestFrom(int, int)
 .text._ZN7TwoWire17beginTransmissionEi
                0x0000000000007802       0x12 C:\Users\ian\AppData\Local\Temp\pio-workspaces\HTCC-AB02S_BME-280 Coverage-01ae45343b\build\cubecell_gps\libFrameworkArduino.a(Wire.cpp.o)
                0x0000000000007802                TwoWire::beginTransmission(int)
 .text._ZN7TwoWire17beginTransmissionEh
                0x0000000000007814       0x12 C:\Users\ian\AppData\Local\Temp\pio-workspaces\HTCC-AB02S_BME-280 Coverage-01ae45343b\build\cubecell_gps\libFrameworkArduino.a(Wire.cpp.o)
                0x0000000000007814                TwoWire::beginTransmission(unsigned char)
 .text._ZN7TwoWire15endTransmissionEv
                0x0000000000007826        0xa C:\Users\ian\AppData\Local\Temp\pio-workspaces\HTCC-AB02S_BME-280 Coverage-01ae45343b\build\cubecell_gps\libFrameworkArduino.a(Wire.cpp.o)
                0x0000000000007826                TwoWire::endTransmission()
 .text.startup._GLOBAL__sub_I__ZN7TwoWireC2Ea
                0x0000000000007830       0x40 C:\Users\ian\AppData\Local\Temp\pio-workspaces\HTCC-AB02S_BME-280 Coverage-01ae45343b\build\cubecell_gps\libFrameworkArduino.a(Wire.cpp.o)
 .text.SX126xIoInit
                0x0000000000007870       0x44 C:\Users\ian\AppData\Local\Temp\pio-workspaces\HTCC-AB02S_BME-280 Coverage-01ae45343b\build\cubecell_gps\libFrameworkArduino.a(asr_board.c.o)
                0x0000000000007870                SX126xIoInit
 .text.SX126xIoIrqInit
                0x00000000000078b4       0x14 C:\Users\ian\AppData\Local\Temp\pio-workspaces\HTCC-AB02S_BME-280 Coverage-01ae45343b\build\cubecell_gps\libFrameworkArduino.a(asr_board.c.o)
                0x00000000000078b4                SX126xIoIrqInit
 .text.SX126xGetBoardTcxoWakeupTime
                0x00000000000078c8        0x4 C:\Users\ian\AppData\Local\Temp\pio-workspaces\HTCC-AB02S_BME-280 Coverage-01ae45343b\build\cubecell_gps\libFrameworkArduino.a(asr_board.c.o)
                0x00000000000078c8                SX126xGetBoardTcxoWakeupTime
 .text.SX126xReset
                0x00000000000078cc       0x50 C:\Users\ian\AppData\Local\Temp\pio-workspaces\HTCC-AB02S_BME-280 Coverage-01ae45343b\build\cubecell_gps\libFrameworkArduino.a(asr_board.c.o)
                0x00000000000078cc                SX126xReset
 .text.SX126xWaitOnBusy
                0x000000000000791c       0x14 C:\Users\ian\AppData\Local\Temp\pio-workspaces\HTCC-AB02S_BME-280 Coverage-01ae45343b\build\cubecell_gps\libFrameworkArduino.a(asr_board.c.o)
                0x000000000000791c                SX126xWaitOnBusy
 .text.SX126xWakeup
                0x0000000000007930       0x38 C:\Users\ian\AppData\Local\Temp\pio-workspaces\HTCC-AB02S_BME-280 Coverage-01ae45343b\build\cubecell_gps\libFrameworkArduino.a(asr_board.c.o)
                0x0000000000007930                SX126xWakeup
 .text.SX126xWriteCommand
                0x0000000000007968       0x50 C:\Users\ian\AppData\Local\Temp\pio-workspaces\HTCC-AB02S_BME-280 Coverage-01ae45343b\build\cubecell_gps\libFrameworkArduino.a(asr_board.c.o)
                0x0000000000007968                SX126xWriteCommand
 .text.SX126xReadCommand
                0x00000000000079b8       0x54 C:\Users\ian\AppData\Local\Temp\pio-workspaces\HTCC-AB02S_BME-280 Coverage-01ae45343b\build\cubecell_gps\libFrameworkArduino.a(asr_board.c.o)
                0x00000000000079b8                SX126xReadCommand
 .text.SX126xWriteRegisters
                0x0000000000007a0c       0x5c C:\Users\ian\AppData\Local\Temp\pio-workspaces\HTCC-AB02S_BME-280 Coverage-01ae45343b\build\cubecell_gps\libFrameworkArduino.a(asr_board.c.o)
                0x0000000000007a0c                SX126xWriteRegisters
 .text.SX126xWriteRegister
                0x0000000000007a68       0x12 C:\Users\ian\AppData\Local\Temp\pio-workspaces\HTCC-AB02S_BME-280 Coverage-01ae45343b\build\cubecell_gps\libFrameworkArduino.a(asr_board.c.o)
                0x0000000000007a68                SX126xWriteRegister
 *fill*         0x0000000000007a7a        0x2 
 .text.SX126xReadRegisters
                0x0000000000007a7c       0x64 C:\Users\ian\AppData\Local\Temp\pio-workspaces\HTCC-AB02S_BME-280 Coverage-01ae45343b\build\cubecell_gps\libFrameworkArduino.a(asr_board.c.o)
                0x0000000000007a7c                SX126xReadRegisters
 .text.SX126xReadRegister
                0x0000000000007ae0       0x12 C:\Users\ian\AppData\Local\Temp\pio-workspaces\HTCC-AB02S_BME-280 Coverage-01ae45343b\build\cubecell_gps\libFrameworkArduino.a(asr_board.c.o)
                0x0000000000007ae0                SX126xReadRegister
 *fill*         0x0000000000007af2        0x2 
 .text.SX126xWriteBuffer
                0x0000000000007af4       0x54 C:\Users\ian\AppData\Local\Temp\pio-workspaces\HTCC-AB02S_BME-280 Coverage-01ae45343b\build\cubecell_gps\libFrameworkArduino.a(asr_board.c.o)
                0x0000000000007af4                SX126xWriteBuffer
 .text.SX126xReadBuffer
                0x0000000000007b48       0x5c C:\Users\ian\AppData\Local\Temp\pio-workspaces\HTCC-AB02S_BME-280 Coverage-01ae45343b\build\cubecell_gps\libFrameworkArduino.a(asr_board.c.o)
                0x0000000000007b48                SX126xReadBuffer
 .text.SX126xSetRfTxPower
                0x0000000000007ba4        0xa C:\Users\ian\AppData\Local\Temp\pio-workspaces\HTCC-AB02S_BME-280 Coverage-01ae45343b\build\cubecell_gps\libFrameworkArduino.a(asr_board.c.o)
                0x0000000000007ba4                SX126xSetRfTxPower
 .text.SX126xGetPaSelect
                0x0000000000007bae        0x4 C:\Users\ian\AppData\Local\Temp\pio-workspaces\HTCC-AB02S_BME-280 Coverage-01ae45343b\build\cubecell_gps\libFrameworkArduino.a(asr_board.c.o)
                0x0000000000007bae                SX126xGetPaSelect
 .text.SX126xAntSwOn
                0x0000000000007bb2        0x2 C:\Users\ian\AppData\Local\Temp\pio-workspaces\HTCC-AB02S_BME-280 Coverage-01ae45343b\build\cubecell_gps\libFrameworkArduino.a(asr_board.c.o)
                0x0000000000007bb2                SX126xAntSwOn
 .text.SX126xAntSwOff
                0x0000000000007bb4        0x2 C:\Users\ian\AppData\Local\Temp\pio-workspaces\HTCC-AB02S_BME-280 Coverage-01ae45343b\build\cubecell_gps\libFrameworkArduino.a(asr_board.c.o)
                0x0000000000007bb4                SX126xAntSwOff
 .text.BoardDisableIrq
                0x0000000000007bb6        0x4 C:\Users\ian\AppData\Local\Temp\pio-workspaces\HTCC-AB02S_BME-280 Coverage-01ae45343b\build\cubecell_gps\libFrameworkArduino.a(asr_board.c.o)
                0x0000000000007bb6                BoardDisableIrq
 .text.BoardEnableIrq
                0x0000000000007bba        0x4 C:\Users\ian\AppData\Local\Temp\pio-workspaces\HTCC-AB02S_BME-280 Coverage-01ae45343b\build\cubecell_gps\libFrameworkArduino.a(asr_board.c.o)
                0x0000000000007bba                BoardEnableIrq
 *fill*         0x0000000000007bbe        0x2 
 .text.boardInitMcu
                0x0000000000007bc0       0x4c C:\Users\ian\AppData\Local\Temp\pio-workspaces\HTCC-AB02S_BME-280 Coverage-01ae45343b\build\cubecell_gps\libFrameworkArduino.a(asr_board.c.o)
                0x0000000000007bc0                boardInitMcu
 .text.HW_Get_MFT_ID
                0x0000000000007c0c        0x8 C:\Users\ian\AppData\Local\Temp\pio-workspaces\HTCC-AB02S_BME-280 Coverage-01ae45343b\build\cubecell_gps\libFrameworkArduino.a(asr_board.c.o)
                0x0000000000007c0c                HW_Get_MFT_ID
 .text.HW_Get_MFT_Model
                0x0000000000007c14        0x8 C:\Users\ian\AppData\Local\Temp\pio-workspaces\HTCC-AB02S_BME-280 Coverage-01ae45343b\build\cubecell_gps\libFrameworkArduino.a(asr_board.c.o)
                0x0000000000007c14                HW_Get_MFT_Model
 .text.HW_Get_MFT_Rev
                0x0000000000007c1c        0x8 C:\Users\ian\AppData\Local\Temp\pio-workspaces\HTCC-AB02S_BME-280 Coverage-01ae45343b\build\cubecell_gps\libFrameworkArduino.a(asr_board.c.o)
                0x0000000000007c1c                HW_Get_MFT_Rev
 .text.HW_Get_MFT_SN
                0x0000000000007c24       0x24 C:\Users\ian\AppData\Local\Temp\pio-workspaces\HTCC-AB02S_BME-280 Coverage-01ae45343b\build\cubecell_gps\libFrameworkArduino.a(asr_board.c.o)
                0x0000000000007c24                HW_Get_MFT_SN
 .text.HW_Set_MFT_Baud
                0x0000000000007c48       0x64 C:\Users\ian\AppData\Local\Temp\pio-workspaces\HTCC-AB02S_BME-280 Coverage-01ae45343b\build\cubecell_gps\libFrameworkArduino.a(asr_board.c.o)
                0x0000000000007c48                HW_Set_MFT_Baud
 .text.HW_Get_MFT_Baud
                0x0000000000007cac        0xc C:\Users\ian\AppData\Local\Temp\pio-workspaces\HTCC-AB02S_BME-280 Coverage-01ae45343b\build\cubecell_gps\libFrameworkArduino.a(asr_board.c.o)
                0x0000000000007cac                HW_Get_MFT_Baud
 .text.GpioInit
                0x0000000000007cb8       0x12 C:\Users\ian\AppData\Local\Temp\pio-workspaces\HTCC-AB02S_BME-280 Coverage-01ae45343b\build\cubecell_gps\libFrameworkArduino.a(gpio.c.o)
                0x0000000000007cb8                GpioInit
 .text.GpioSetInterrupt
                0x0000000000007cca        0x8 C:\Users\ian\AppData\Local\Temp\pio-workspaces\HTCC-AB02S_BME-280 Coverage-01ae45343b\build\cubecell_gps\libFrameworkArduino.a(gpio.c.o)
                0x0000000000007cca                GpioSetInterrupt
 .text.GpioWrite
                0x0000000000007cd2        0x8 C:\Users\ian\AppData\Local\Temp\pio-workspaces\HTCC-AB02S_BME-280 Coverage-01ae45343b\build\cubecell_gps\libFrameworkArduino.a(gpio.c.o)
                0x0000000000007cd2                GpioWrite
 .text.GpioRead
                0x0000000000007cda        0x8 C:\Users\ian\AppData\Local\Temp\pio-workspaces\HTCC-AB02S_BME-280 Coverage-01ae45343b\build\cubecell_gps\libFrameworkArduino.a(gpio.c.o)
                0x0000000000007cda                GpioRead
 .text.SpiInit  0x0000000000007ce2        0x8 C:\Users\ian\AppData\Local\Temp\pio-workspaces\HTCC-AB02S_BME-280 Coverage-01ae45343b\build\cubecell_gps\libFrameworkArduino.a(spi-board.c.o)
                0x0000000000007ce2                SpiInit
 *fill*         0x0000000000007cea        0x2 
 .text.SpiInOut
                0x0000000000007cec       0x34 C:\Users\ian\AppData\Local\Temp\pio-workspaces\HTCC-AB02S_BME-280 Coverage-01ae45343b\build\cubecell_gps\libFrameworkArduino.a(spi-board.c.o)
                0x0000000000007cec                SpiInOut
 .text.ADC_SAR_Seq_Init
                0x0000000000007d20       0xd8 C:\Users\ian\AppData\Local\Temp\pio-workspaces\HTCC-AB02S_BME-280 Coverage-01ae45343b\build\cubecell_gps\libFrameworkArduino.a(ADC_SAR_Seq.c.o)
                0x0000000000007d20                ADC_SAR_Seq_Init
 .text.ADC_SAR_Seq_Enable
                0x0000000000007df8       0x2c C:\Users\ian\AppData\Local\Temp\pio-workspaces\HTCC-AB02S_BME-280 Coverage-01ae45343b\build\cubecell_gps\libFrameworkArduino.a(ADC_SAR_Seq.c.o)
                0x0000000000007df8                ADC_SAR_Seq_Enable
 .text.ADC_SAR_Seq_Start
                0x0000000000007e24       0x1c C:\Users\ian\AppData\Local\Temp\pio-workspaces\HTCC-AB02S_BME-280 Coverage-01ae45343b\build\cubecell_gps\libFrameworkArduino.a(ADC_SAR_Seq.c.o)
                0x0000000000007e24                ADC_SAR_Seq_Start
 .text.ADC_SAR_Seq_Stop
                0x0000000000007e40       0x10 C:\Users\ian\AppData\Local\Temp\pio-workspaces\HTCC-AB02S_BME-280 Coverage-01ae45343b\build\cubecell_gps\libFrameworkArduino.a(ADC_SAR_Seq.c.o)
                0x0000000000007e40                ADC_SAR_Seq_Stop
 .text.ADC_SAR_Seq_StartConvert
                0x0000000000007e50        0xc C:\Users\ian\AppData\Local\Temp\pio-workspaces\HTCC-AB02S_BME-280 Coverage-01ae45343b\build\cubecell_gps\libFrameworkArduino.a(ADC_SAR_Seq.c.o)
                0x0000000000007e50                ADC_SAR_Seq_StartConvert
 .text.ADC_SAR_Seq_StopConvert
                0x0000000000007e5c        0x2 C:\Users\ian\AppData\Local\Temp\pio-workspaces\HTCC-AB02S_BME-280 Coverage-01ae45343b\build\cubecell_gps\libFrameworkArduino.a(ADC_SAR_Seq.c.o)
                0x0000000000007e5c                ADC_SAR_Seq_StopConvert
 *fill*         0x0000000000007e5e        0x2 
 .text.ADC_SAR_Seq_IsEndConversion
                0x0000000000007e60       0x2c C:\Users\ian\AppData\Local\Temp\pio-workspaces\HTCC-AB02S_BME-280 Coverage-01ae45343b\build\cubecell_gps\libFrameworkArduino.a(ADC_SAR_Seq.c.o)
                0x0000000000007e60                ADC_SAR_Seq_IsEndConversion
 .text.ADC_SAR_Seq_GetResult16
                0x0000000000007e8c       0x20 C:\Users\ian\AppData\Local\Temp\pio-workspaces\HTCC-AB02S_BME-280 Coverage-01ae45343b\build\cubecell_gps\libFrameworkArduino.a(ADC_SAR_Seq.c.o)
                0x0000000000007e8c                ADC_SAR_Seq_GetResult16
 .text.ADC_SAR_Seq_CountsTo_mVolts
                0x0000000000007eac       0x50 C:\Users\ian\AppData\Local\Temp\pio-workspaces\HTCC-AB02S_BME-280 Coverage-01ae45343b\build\cubecell_gps\libFrameworkArduino.a(ADC_SAR_Seq.c.o)
                0x0000000000007eac                ADC_SAR_Seq_CountsTo_mVolts
 .text.ADC_SAR_Seq_ISR
                0x0000000000007efc        0xc C:\Users\ian\AppData\Local\Temp\pio-workspaces\HTCC-AB02S_BME-280 Coverage-01ae45343b\build\cubecell_gps\libFrameworkArduino.a(ADC_SAR_Seq_INT.c.o)
                0x0000000000007efc                ADC_SAR_Seq_ISR
 .text.I2C_1_I2CMasterHandleStatus
                0x0000000000007f08       0x94 C:\Users\ian\AppData\Local\Temp\pio-workspaces\HTCC-AB02S_BME-280 Coverage-01ae45343b\build\cubecell_gps\libFrameworkArduino.a(I2C_1_I2C_MASTER.c.o)
 .text.I2C_1_I2CMasterWaitOneUnit
                0x0000000000007f9c       0x24 C:\Users\ian\AppData\Local\Temp\pio-workspaces\HTCC-AB02S_BME-280 Coverage-01ae45343b\build\cubecell_gps\libFrameworkArduino.a(I2C_1_I2C_MASTER.c.o)
 .text.I2C_1_I2CMasterSendStart