Archive member included to satisfy reference by file (symbol)

C:\Users\ian\.platformio\packages\framework-arduinoasrmicro650x\cores\asr650x\projects\CubeCellLib.a(timeServer.o)
                              C:\Users\ian\AppData\Local\Temp\pio-workspaces\HTCC-AB02S_BME-280 Coverage-01ae45343b\build\cubecell_gps\src\main.cpp.o (TimerInit)
C:\Users\ian\.platformio\packages\framework-arduinoasrmicro650x\cores\asr650x\projects\CubeCellLib.a(lorawan_port.o)
                              C:\Users\ian\.platformio\packages\framework-arduinoasrmicro650x\cores\asr650x\projects\CubeCellLib.a(timeServer.o) (aos_lrwan_time_itf)
C:\Users\ian\.platformio\packages\framework-arduinoasrmicro650x\cores\asr650x\projects\CubeCellLib.a(asr_timer.o)
                              C:\Users\ian\.platformio\packages\framework-arduinoasrmicro650x\cores\asr650x\projects\CubeCellLib.a(lorawan_port.o) (Asr_Timer_RegisterAlarmCallback)
C:\Users\ian\.platformio\packages\framework-arduinoasrmicro650x\cores\asr650x\projects\CubeCellLib.a(ASR_Arduino.o)
                              C:\Users\ian\AppData\Local\Temp\pio-workspaces\HTCC-AB02S_BME-280 Coverage-01ae45343b\build\cubecell_gps\src\main.cpp.o (getID)
C:\Users\ian\.platformio\packages\framework-arduinoasrmicro650x\cores\asr650x\projects\CubeCellLib.a(cyfitter_cfg.o)
                              C:\Users\ian\.platformio\packages\framework-arduinoasrmicro650x\cores\asr650x\projects\CubeCellLib.a(ASR_Arduino.o) (systime)
C:\Users\ian\AppData\Local\Temp\pio-workspaces\HTCC-AB02S_BME-280 Coverage-01ae45343b\build\cubecell_gps\liba6b\libCayenneLPP.a(CayenneLPP.cpp.o)
                              C:\Users\ian\AppData\Local\Temp\pio-workspaces\HTCC-AB02S_BME-280 Coverage-01ae45343b\build\cubecell_gps\src\main.cpp.o (CayenneLPP::CayenneLPP(unsigned char))
C:\Users\ian\AppData\Local\Temp\pio-workspaces\HTCC-AB02S_BME-280 Coverage-01ae45343b\build\cubecell_gps\lib579\libGrove - Barometer Sensor BME280.a(Seeed_BME280.cpp.o)
                              C:\Users\ian\AppData\Local\Temp\pio-workspaces\HTCC-AB02S_BME-280 Coverage-01ae45343b\build\cubecell_gps\src\main.cpp.o (BME280::init())
C:\Users\ian\AppData\Local\Temp\pio-workspaces\HTCC-AB02S_BME-280 Coverage-01ae45343b\build\cubecell_gps\liba50\libRGB.a(CubeCell_NeoPixel.cpp.o)
                              C:\Users\ian\AppData\Local\Temp\pio-workspaces\HTCC-AB02S_BME-280 Coverage-01ae45343b\build\cubecell_gps\src\main.cpp.o (CubeCell_NeoPixel::~CubeCell_NeoPixel())
C:\Users\ian\AppData\Local\Temp\pio-workspaces\HTCC-AB02S_BME-280 Coverage-01ae45343b\build\cubecell_gps\lib6e5\libOLED.a(cubecell_OLEDDisplay.cpp.o)
                              C:\Users\ian\AppData\Local\Temp\pio-workspaces\HTCC-AB02S_BME-280 Coverage-01ae45343b\build\cubecell_gps\src\main.cpp.o (OLEDDisplay::write(unsigned char))
C:\Users\ian\AppData\Local\Temp\pio-workspaces\HTCC-AB02S_BME-280 Coverage-01ae45343b\build\cubecell_gps\libe60\libOnBoardGPS_Air530.a(CubeCell_TinyGPS++.cpp.o)
                              C:\Users\ian\AppData\Local\Temp\pio-workspaces\HTCC-AB02S_BME-280 Coverage-01ae45343b\build\cubecell_gps\src\main.cpp.o (TinyGPSPlus::distanceBetween(double, double, double, double))
C:\Users\ian\AppData\Local\Temp\pio-workspaces\HTCC-AB02S_BME-280 Coverage-01ae45343b\build\cubecell_gps\libe60\libOnBoardGPS_Air530.a(GPS_Air530.cpp.o)
                              C:\Users\ian\AppData\Local\Temp\pio-workspaces\HTCC-AB02S_BME-280 Coverage-01ae45343b\build\cubecell_gps\src\main.cpp.o (Air530Class::available())
C:\Users\ian\AppData\Local\Temp\pio-workspaces\HTCC-AB02S_BME-280 Coverage-01ae45343b\build\cubecell_gps\lib67c\libLoRaWanMinimal.a(LoRaWanMinimal_APP.cpp.o)
                              C:\Users\ian\AppData\Local\Temp\pio-workspaces\HTCC-AB02S_BME-280 Coverage-01ae45343b\build\cubecell_gps\src\main.cpp.o (getBatteryVoltage)
C:\Users\ian\AppData\Local\Temp\pio-workspaces\HTCC-AB02S_BME-280 Coverage-01ae45343b\build\cubecell_gps\lib71b\libTime.a(Time.cpp.o)
                              C:\Users\ian\AppData\Local\Temp\pio-workspaces\HTCC-AB02S_BME-280 Coverage-01ae45343b\build\cubecell_gps\src\main.cpp.o (minute(long long))
C:\Users\ian\AppData\Local\Temp\pio-workspaces\HTCC-AB02S_BME-280 Coverage-01ae45343b\build\cubecell_gps\libFrameworkArduino.a(HardwareSerial.cpp.o)
                              C:\Users\ian\AppData\Local\Temp\pio-workspaces\HTCC-AB02S_BME-280 Coverage-01ae45343b\build\cubecell_gps\libe60\libOnBoardGPS_Air530.a(GPS_Air530.cpp.o) (HardwareSerial::available())
C:\Users\ian\AppData\Local\Temp\pio-workspaces\HTCC-AB02S_BME-280 Coverage-01ae45343b\build\cubecell_gps\libFrameworkArduino.a(Wire.cpp.o)
                              C:\Users\ian\AppData\Local\Temp\pio-workspaces\HTCC-AB02S_BME-280 Coverage-01ae45343b\build\cubecell_gps\lib579\libGrove - Barometer Sensor BME280.a(Seeed_BME280.cpp.o) (TwoWire::available())
[...]
Memory Configuration

Name             Origin             Length             Attributes
rom              0x0000000000000000 0x0000000000020000 xr
ram              0x0000000020000000 0x0000000000004000 xrw
*default*        0x0000000000000000 0xffffffffffffffff

Linker script and memory map

LOAD c:/users/ian/.platformio/packages/toolchain-gccarmnoneeabi/bin/../lib/gcc/arm-none-eabi/9.2.1/thumb/v6-m/nofp/crti.o
LOAD c:/users/ian/.platformio/packages/toolchain-gccarmnoneeabi/bin/../lib/gcc/arm-none-eabi/9.2.1/thumb/v6-m/nofp/crtbegin.o
LOAD c:/users/ian/.platformio/packages/toolchain-gccarmnoneeabi/bin/../lib/gcc/arm-none-eabi/9.2.1/../../../../arm-none-eabi/lib/thumb/v6-m/nofp/crt0.o
LOAD C:\Users\ian\AppData\Local\Temp\pio-workspaces\HTCC-AB02S_BME-280 Coverage-01ae45343b\build\cubecell_gps\src\main.cpp.o
START GROUP
LOAD C:\Users\ian\.platformio\packages\framework-arduinoasrmicro650x\cores\asr650x\projects\CubeCellLib.a
LOAD C:\Users\ian\AppData\Local\Temp\pio-workspaces\HTCC-AB02S_BME-280 Coverage-01ae45343b\build\cubecell_gps\lib56b\libArduinoJson.a
LOAD C:\Users\ian\AppData\Local\Temp\pio-workspaces\HTCC-AB02S_BME-280 Coverage-01ae45343b\build\cubecell_gps\liba6b\libCayenneLPP.a
LOAD C:\Users\ian\AppData\Local\Temp\pio-workspaces\HTCC-AB02S_BME-280 Coverage-01ae45343b\build\cubecell_gps\lib579\libGrove - Barometer Sensor BME280.a
LOAD C:\Users\ian\AppData\Local\Temp\pio-workspaces\HTCC-AB02S_BME-280 Coverage-01ae45343b\build\cubecell_gps\lib16c\libCircularBuffer.a
LOAD C:\Users\ian\AppData\Local\Temp\pio-workspaces\HTCC-AB02S_BME-280 Coverage-01ae45343b\build\cubecell_gps\liba50\libRGB.a
LOAD C:\Users\ian\AppData\Local\Temp\pio-workspaces\HTCC-AB02S_BME-280 Coverage-01ae45343b\build\cubecell_gps\lib6e5\libOLED.a
LOAD C:\Users\ian\AppData\Local\Temp\pio-workspaces\HTCC-AB02S_BME-280 Coverage-01ae45343b\build\cubecell_gps\libe60\libOnBoardGPS_Air530.a
LOAD C:\Users\ian\AppData\Local\Temp\pio-workspaces\HTCC-AB02S_BME-280 Coverage-01ae45343b\build\cubecell_gps\lib67c\libLoRaWanMinimal.a
LOAD C:\Users\ian\AppData\Local\Temp\pio-workspaces\HTCC-AB02S_BME-280 Coverage-01ae45343b\build\cubecell_gps\lib71b\libTime.a
LOAD C:\Users\ian\AppData\Local\Temp\pio-workspaces\HTCC-AB02S_BME-280 Coverage-01ae45343b\build\cubecell_gps\libFrameworkArduinoVariant.a
LOAD C:\Users\ian\AppData\Local\Temp\pio-workspaces\HTCC-AB02S_BME-280 Coverage-01ae45343b\build\cubecell_gps\libFrameworkArduino.a
LOAD c:/users/ian/.platformio/packages/toolchain-gccarmnoneeabi/bin/../lib/gcc/arm-none-eabi/9.2.1/../../../../arm-none-eabi/lib/thumb/v6-m/nofp\libstdc++_nano.a
END GROUP
LOAD c:/users/ian/.platformio/packages/toolchain-gccarmnoneeabi/bin/../lib/gcc/arm-none-eabi/9.2.1/../../../../arm-none-eabi/lib/thumb/v6-m/nofp\libstdc++_nano.a
LOAD c:/users/ian/.platformio/packages/toolchain-gccarmnoneeabi/bin/../lib/gcc/arm-none-eabi/9.2.1/../../../../arm-none-eabi/lib/thumb/v6-m/nofp\libm.a
START GROUP
LOAD c:/users/ian/.platformio/packages/toolchain-gccarmnoneeabi/bin/../lib/gcc/arm-none-eabi/9.2.1/thumb/v6-m/nofp\libgcc.a
LOAD c:/users/ian/.platformio/packages/toolchain-gccarmnoneeabi/bin/../lib/gcc/arm-none-eabi/9.2.1/../../../../arm-none-eabi/lib/thumb/v6-m/nofp\libc_nano.a
END GROUP
START GROUP
LOAD c:/users/ian/.platformio/packages/toolchain-gccarmnoneeabi/bin/../lib/gcc/arm-none-eabi/9.2.1/thumb/v6-m/nofp\libgcc.a
LOAD c:/users/ian/.platformio/packages/toolchain-gccarmnoneeabi/bin/../lib/gcc/arm-none-eabi/9.2.1/../../../../arm-none-eabi/lib/thumb/v6-m/nofp\libc_nano.a
END GROUP
LOAD c:/users/ian/.platformio/packages/toolchain-gccarmnoneeabi/bin/../lib/gcc/arm-none-eabi/9.2.1/thumb/v6-m/nofp/crtend.o
LOAD c:/users/ian/.platformio/packages/toolchain-gccarmnoneeabi/bin/../lib/gcc/arm-none-eabi/9.2.1/thumb/v6-m/nofp/crtn.o
START GROUP
LOAD c:/users/ian/.platformio/packages/toolchain-gccarmnoneeabi/bin/../lib/gcc/arm-none-eabi/9.2.1/thumb/v6-m/nofp\libgcc.a
LOAD c:/users/ian/.platformio/packages/toolchain-gccarmnoneeabi/bin/../lib/gcc/arm-none-eabi/9.2.1/../../../../arm-none-eabi/lib/thumb/v6-m/nofp\libc.a
LOAD c:/users/ian/.platformio/packages/toolchain-gccarmnoneeabi/bin/../lib/gcc/arm-none-eabi/9.2.1/../../../../arm-none-eabi/lib/thumb/v6-m/nofp\libnosys.a
END GROUP
                0x0000000000000000                CY_APPL_ORIGIN = 0x0
                0x0000000000000100                CY_FLASH_ROW_SIZE = 0x100
                0x0000000000000001                CY_APPL_NUM = 0x1
                0x0000000000000001                CY_APPL_MAX = 0x1
                0x0000000000000040                CY_METADATA_SIZE = 0x40
                0x0000000000000001                CY_APPL_LOADABLE = 0x1
                0x0000000000000000                CY_CHECKSUM_EXCLUDE_SIZE = ALIGN (0x0, CY_FLASH_ROW_SIZE)
                0x0000000000000000                CY_APP_FOR_STACK_AND_COPIER = 0x0
                [!provide]                        PROVIDE (__cy_heap_start = _end)
                0x0000000000000001                PROVIDE (__cy_region_num = ((__cy_regions_end - __cy_regions) / 0x10))
                0x0000000020004000                PROVIDE (__cy_stack = (ORIGIN (ram) + LENGTH (ram)))
                [!provide]                        PROVIDE (__cy_heap_end = (__cy_stack - 0x800))

.cybootloader   0x0000000000000000     0x2200
 *(.cybootloader)
 .cybootloader  0x0000000000000000     0x2200 C:\Users\ian\AppData\Local\Temp\pio-workspaces\HTCC-AB02S_BME-280 Coverage-01ae45343b\build\cubecell_gps\libFrameworkArduino.a(cybootloader.c.o)
                0x0000000000000000                cy_bootloader
                0x0000000000002200                appl1_start = CY_APPL_ORIGIN?CY_APPL_ORIGIN:ALIGN (CY_FLASH_ROW_SIZE)
                0x0000000000011000                appl2_start = (appl1_start + ALIGN ((((LENGTH (rom) - appl1_start) - (0x2 * CY_FLASH_ROW_SIZE)) / 0x2), CY_FLASH_ROW_SIZE))
                0x0000000000002200                appl_start = (CY_APPL_NUM == 0x1)?appl1_start:appl2_start
                0x0000000000000000                cy_project_type_bootloader = (appl_start == 0x0)?0x1:0x0
                0x0000000000000000                cy_project_type_app_for_stack_and_copier = (CY_APP_FOR_STACK_AND_COPIER == 0x1)?0x1:0x0

.text           0x0000000000002200    0x15748
 CREATE_OBJECT_SYMBOLS
                0x0000000000002200                PROVIDE (__cy_interrupt_vector = RomVectors)
 *(.romvectors)
 .romvectors    0x0000000000002200       0x10 C:\Users\ian\AppData\Local\Temp\pio-workspaces\HTCC-AB02S_BME-280 Coverage-01ae45343b\build\cubecell_gps\libFrameworkArduino.a(Cm0plusStart.c.o)
                0x0000000000002200                RomVectors
                0x0000000000000001                ASSERT ((. != __cy_interrupt_vector), No interrupt vector)
                0x0000000000000001                ASSERT (CY_APPL_ORIGIN?(SIZEOF (.cybootloader) <= CY_APPL_ORIGIN):0x1, Wrong image location)
                0x0000000000002210                PROVIDE (__cy_reset = Reset)
 *(.text.Reset)
 .text.Reset    0x0000000000002210       0x18 C:\Users\ian\AppData\Local\Temp\pio-workspaces\HTCC-AB02S_BME-280 Coverage-01ae45343b\build\cubecell_gps\libFrameworkArduino.a(Cm0plusStart.c.o)
                0x0000000000002210                Reset
                0x0000000000000001                ASSERT ((. != __cy_reset), No reset code)
 *(.psocinit)
 .psocinit      0x0000000000002228      0x1b4 C:\Users\ian\.platformio\packages\framework-arduinoasrmicro650x\cores\asr650x\projects\CubeCellLib.a(cyfitter_cfg.o)
                0x0000000000002228                cyfitter_cfg
                0x00000000000023dc                . = MAX (., 0x100)
 *(.text .text.* .gnu.linkonce.t.*)
 .text.__do_global_dtors_aux
                0x00000000000023dc       0x28 c:/users/ian/.platformio/packages/toolchain-gccarmnoneeabi/bin/../lib/gcc/arm-none-eabi/9.2.1/thumb/v6-m/nofp/crtbegin.o
 .text.frame_dummy
                0x0000000000002404       0x20 c:/users/ian/.platformio/packages/toolchain-gccarmnoneeabi/bin/../lib/gcc/arm-none-eabi/9.2.1/thumb/v6-m/nofp/crtbegin.o
 .text._ZN11SSD1306Wire15getBufferOffsetEv
                0x0000000000002424        0x4 C:\Users\ian\AppData\Local\Temp\pio-workspaces\HTCC-AB02S_BME-280 Coverage-01ae45343b\build\cubecell_gps\src\main.cpp.o
                0x0000000000002424                SSD1306Wire::getBufferOffset()
 .text._ZN11SSD1306Wire11sendCommandEh
                0x0000000000002428       0x34 C:\Users\ian\AppData\Local\Temp\pio-workspaces\HTCC-AB02S_BME-280 Coverage-01ae45343b\build\cubecell_gps\src\main.cpp.o
                0x0000000000002428                SSD1306Wire::sendCommand(unsigned char)
 .text._ZN11SSD1306Wire7connectEv
                0x000000000000245c       0x18 C:\Users\ian\AppData\Local\Temp\pio-workspaces\HTCC-AB02S_BME-280 Coverage-01ae45343b\build\cubecell_gps\src\main.cpp.o
                0x000000000000245c                SSD1306Wire::connect()
 .text._ZL6wakeUpv
                0x0000000000002474       0x2c C:\Users\ian\AppData\Local\Temp\pio-workspaces\HTCC-AB02S_BME-280 Coverage-01ae45343b\build\cubecell_gps\src\main.cpp.o
 .text._ZN11SSD1306WireD2Ev
                0x00000000000024a0       0x14 C:\Users\ian\AppData\Local\Temp\pio-workspaces\HTCC-AB02S_BME-280 Coverage-01ae45343b\build\cubecell_gps\src\main.cpp.o
                0x00000000000024a0                SSD1306Wire::~SSD1306Wire()
                0x00000000000024a0                SSD1306Wire::~SSD1306Wire()
 .text._ZN11SSD1306WireD0Ev
                0x00000000000024b4       0x14 C:\Users\ian\AppData\Local\Temp\pio-workspaces\HTCC-AB02S_BME-280 Coverage-01ae45343b\build\cubecell_gps\src\main.cpp.o
                0x00000000000024b4                SSD1306Wire::~SSD1306Wire()
 .text._ZNK15TinyGPSLocation3ageEv
                0x00000000000024c8       0x1a C:\Users\ian\AppData\Local\Temp\pio-workspaces\HTCC-AB02S_BME-280 Coverage-01ae45343b\build\cubecell_gps\src\main.cpp.o
                0x00000000000024c8                TinyGPSLocation::age() const
 *fill*         0x00000000000024e2        0x2 
 .text._ZN11SSD1306Wire18initI2cIfNeccesaryEv
                0x00000000000024e4       0x20 C:\Users\ian\AppData\Local\Temp\pio-workspaces\HTCC-AB02S_BME-280 Coverage-01ae45343b\build\cubecell_gps\src\main.cpp.o
                0x00000000000024e4                SSD1306Wire::initI2cIfNeccesary()
 .text._Z8fracPartdi
                0x0000000000002504       0x4c C:\Users\ian\AppData\Local\Temp\pio-workspaces\HTCC-AB02S_BME-280 Coverage-01ae45343b\build\cubecell_gps\src\main.cpp.o
                0x0000000000002504                fracPart(double, int)
 .text._Z11displayInfov
                0x0000000000002550      0x20c C:\Users\ian\AppData\Local\Temp\pio-workspaces\HTCC-AB02S_BME-280 Coverage-01ae45343b\build\cubecell_gps\src\main.cpp.o
                0x0000000000002550                displayInfo()
 .text._Z6VextONv
                0x000000000000275c       0x14 C:\Users\ian\AppData\Local\Temp\pio-workspaces\HTCC-AB02S_BME-280 Coverage-01ae45343b\build\cubecell_gps\src\main.cpp.o
                0x000000000000275c                VextON()
 .text._Z7VextOFFv
                0x0000000000002770       0x14 C:\Users\ian\AppData\Local\Temp\pio-workspaces\HTCC-AB02S_BME-280 Coverage-01ae45343b\build\cubecell_gps\src\main.cpp.o
                0x0000000000002770                VextOFF()
 .text._Z10displayRgbv
                0x0000000000002784       0x58 C:\Users\ian\AppData\Local\Temp\pio-workspaces\HTCC-AB02S_BME-280 Coverage-01ae45343b\build\cubecell_gps\src\main.cpp.o
                0x0000000000002784                displayRgb()
 .text.downLinkDataHandle
                0x00000000000027dc       0x54 C:\Users\ian\AppData\Local\Temp\pio-workspaces\HTCC-AB02S_BME-280 Coverage-01ae45343b\build\cubecell_gps\src\main.cpp.o
                0x00000000000027dc                downLinkDataHandle
 .text._Z17myLoRaWanFCNCheckbh
                0x0000000000002830       0x30 C:\Users\ian\AppData\Local\Temp\pio-workspaces\HTCC-AB02S_BME-280 Coverage-01ae45343b\build\cubecell_gps\src\main.cpp.o
                0x0000000000002830                myLoRaWanFCNCheck(bool, unsigned char)
 .text._ZN14CircularBufferI6recordLj50EhE4pushES0_
                0x0000000000002860       0x68 C:\Users\ian\AppData\Local\Temp\pio-workspaces\HTCC-AB02S_BME-280 Coverage-01ae45343b\build\cubecell_gps\src\main.cpp.o
                0x0000000000002860                CircularBuffer<record, 50u, unsigned char>::push(record)
 .text.startup._GLOBAL__sub_I_pixels
                0x00000000000028c8       0xe0 C:\Users\ian\AppData\Local\Temp\pio-workspaces\HTCC-AB02S_BME-280 Coverage-01ae45343b\build\cubecell_gps\src\main.cpp.o
 .text._ZN11SSD1306Wire7displayEv
                0x00000000000029a8      0x2f4 C:\Users\ian\AppData\Local\Temp\pio-workspaces\HTCC-AB02S_BME-280 Coverage-01ae45343b\build\cubecell_gps\src\main.cpp.o
                0x00000000000029a8                SSD1306Wire::display()
 .text._Z11displayOledb
                0x0000000000002c9c      0x4ec C:\Users\ian\AppData\Local\Temp\pio-workspaces\HTCC-AB02S_BME-280 Coverage-01ae45343b\build\cubecell_gps\src\main.cpp.o
                0x0000000000002c9c                displayOled(bool)
 .text._ZL13lowPowerSleepm
                0x0000000000003188      0x110 C:\Users\ian\AppData\Local\Temp\pio-workspaces\HTCC-AB02S_BME-280 Coverage-01ae45343b\build\cubecell_gps\src\main.cpp.o
 .text._Z5setupv
                0x0000000000003298      0x200 C:\Users\ian\AppData\Local\Temp\pio-workspaces\HTCC-AB02S_BME-280 Coverage-01ae45343b\build\cubecell_gps\src\main.cpp.o
                0x0000000000003298                setup()
 .text._Z14transmitRecordv
                0x0000000000003498      0x284 C:\Users\ian\AppData\Local\Temp\pio-workspaces\HTCC-AB02S_BME-280 Coverage-01ae45343b\build\cubecell_gps\src\main.cpp.o
                0x0000000000003498                transmitRecord()
 .text._Z4loopv
                0x000000000000371c      0x408 C:\Users\ian\AppData\Local\Temp\pio-workspaces\HTCC-AB02S_BME-280 Coverage-01ae45343b\build\cubecell_gps\src\main.cpp.o
                0x000000000000371c                loop()
 .text.TimeStampsUpdate
                0x0000000000003b24       0x38 C:\Users\ian\.platformio\packages\framework-arduinoasrmicro650x\cores\asr650x\projects\CubeCellLib.a(timeServer.o)
 .text.TimerSetTimeout
                0x0000000000003b5c       0x10 C:\Users\ian\.platformio\packages\framework-arduinoasrmicro650x\cores\asr650x\projects\CubeCellLib.a(timeServer.o)
 .text.TimerInsertNewHeadTimer
                0x0000000000003b6c       0x1c C:\Users\ian\.platformio\packages\framework-arduinoasrmicro650x\cores\asr650x\projects\CubeCellLib.a(timeServer.o)
 .text.TimerSetSysTime
                0x0000000000003b88       0x10 C:\Users\ian\.platformio\packages\framework-arduinoasrmicro650x\cores\asr650x\projects\CubeCellLib.a(timeServer.o)
                0x0000000000003b88                TimerSetSysTime
 .text.TimerGetSysTime
                0x0000000000003b98       0x28 C:\Users\ian\.platformio\packages\framework-arduinoasrmicro650x\cores\asr650x\projects\CubeCellLib.a(timeServer.o)
                0x0000000000003b98                TimerGetSysTime
 .text.TimerInit
                0x0000000000003bc0        0xe C:\Users\ian\.platformio\packages\framework-arduinoasrmicro650x\cores\asr650x\projects\CubeCellLib.a(timeServer.o)
                0x0000000000003bc0                TimerInit
 *fill*         0x0000000000003bce        0x2 
 .text.TimerStart
                0x0000000000003bd0       0x88 C:\Users\ian\.platformio\packages\framework-arduinoasrmicro650x\cores\asr650x\projects\CubeCellLib.a(timeServer.o)
                0x0000000000003bd0                TimerStart
 .text.TimerIrqHandler
                0x0000000000003c58       0x70 C:\Users\ian\.platformio\packages\framework-arduinoasrmicro650x\cores\asr650x\projects\CubeCellLib.a(timeServer.o)
                0x0000000000003c58                TimerIrqHandler
 .text.TimerStop
                0x0000000000003cc8       0x68 C:\Users\ian\.platformio\packages\framework-arduinoasrmicro650x\cores\asr650x\projects\CubeCellLib.a(timeServer.o)
                0x0000000000003cc8                TimerStop
 .text.TimerSetValue
                0x0000000000003d30       0x1c C:\Users\ian\.platformio\packages\framework-arduinoasrmicro650x\cores\asr650x\projects\CubeCellLib.a(timeServer.o)
                0x0000000000003d30                TimerSetValue
 .text.TimerGetCurrentTime
                0x0000000000003d4c       0x10 C:\Users\ian\.platformio\packages\framework-arduinoasrmicro650x\cores\asr650x\projects\CubeCellLib.a(timeServer.o)
                0x0000000000003d4c                TimerGetCurrentTime
 .text.TimerGetElapsedTime
                0x0000000000003d5c       0x10 C:\Users\ian\.platformio\packages\framework-arduinoasrmicro650x\cores\asr650x\projects\CubeCellLib.a(timeServer.o)
                0x0000000000003d5c                TimerGetElapsedTime
 .text.get_timer_context
                0x0000000000003d6c        0xc C:\Users\ian\.platformio\packages\framework-arduinoasrmicro650x\cores\asr650x\projects\CubeCellLib.a(lorawan_port.o)
 .text.set_timer_val
                0x0000000000003d78        0xc C:\Users\ian\.platformio\packages\framework-arduinoasrmicro650x\cores\asr650x\projects\CubeCellLib.a(lorawan_port.o)
 .text.radio_rw_dis
                0x0000000000003d84        0x2 C:\Users\ian\.platformio\packages\framework-arduinoasrmicro650x\cores\asr650x\projects\CubeCellLib.a(lorawan_port.o)
 .text.radio_rw
                0x0000000000003d86        0x4 C:\Users\ian\.platformio\packages\framework-arduinoasrmicro650x\cores\asr650x\projects\CubeCellLib.a(lorawan_port.o)
 *fill*         0x0000000000003d8a        0x2 
 .text.RTC_Update_ASR
                0x0000000000003d8c       0x28 C:\Users\ian\.platformio\packages\framework-arduinoasrmicro650x\cores\asr650x\projects\CubeCellLib.a(lorawan_port.o)
                0x0000000000003d8c                RTC_Update_ASR
 .text.get_current_time
                0x0000000000003db4       0x54 C:\Users\ian\.platformio\packages\framework-arduinoasrmicro650x\cores\asr650x\projects\CubeCellLib.a(lorawan_port.o)
                0x0000000000003db4                get_current_time
 .text.get_sys_time
                0x0000000000003e08       0x28 C:\Users\ian\.platformio\packages\framework-arduinoasrmicro650x\cores\asr650x\projects\CubeCellLib.a(lorawan_port.o)
                0x0000000000003e08                get_sys_time
 .text.set_sys_time
                0x0000000000003e30       0x44 C:\Users\ian\.platformio\packages\framework-arduinoasrmicro650x\cores\asr650x\projects\CubeCellLib.a(lorawan_port.o)
                0x0000000000003e30                set_sys_time
 .text.compute_elapsed_time
                0x0000000000003e74       0x10 C:\Users\ian\.platformio\packages\framework-arduinoasrmicro650x\cores\asr650x\projects\CubeCellLib.a(lorawan_port.o)
 .text.get_timer_elapsed_time
                0x0000000000003e84       0x14 C:\Users\ian\.platformio\packages\framework-arduinoasrmicro650x\cores\asr650x\projects\CubeCellLib.a(lorawan_port.o)
 .text.set_timer_context
                0x0000000000003e98       0x14 C:\Users\ian\.platformio\packages\framework-arduinoasrmicro650x\cores\asr650x\projects\CubeCellLib.a(lorawan_port.o)
 .text.enter_sleep_mode
                0x0000000000003eac        0x8 C:\Users\ian\.platformio\packages\framework-arduinoasrmicro650x\cores\asr650x\projects\CubeCellLib.a(lorawan_port.o)
 .text.set_alarm
                0x0000000000003eb4       0x20 C:\Users\ian\.platformio\packages\framework-arduinoasrmicro650x\cores\asr650x\projects\CubeCellLib.a(lorawan_port.o)
 .text.set_timeout
                0x0000000000003ed4       0x2e C:\Users\ian\.platformio\packages\framework-arduinoasrmicro650x\cores\asr650x\projects\CubeCellLib.a(lorawan_port.o)
 .text.AlarmBackHandler
                0x0000000000003f02        0x8 C:\Users\ian\.platformio\packages\framework-arduinoasrmicro650x\cores\asr650x\projects\CubeCellLib.a(lorawan_port.o)
 .text.stop_alarm
                0x0000000000003f0a        0x8 C:\Users\ian\.platformio\packages\framework-arduinoasrmicro650x\cores\asr650x\projects\CubeCellLib.a(lorawan_port.o)
 .text.delay_ms
                0x0000000000003f12        0x8 C:\Users\ian\.platformio\packages\framework-arduinoasrmicro650x\cores\asr650x\projects\CubeCellLib.a(lorawan_port.o)
 .text.get_mft_baud
                0x0000000000003f1a        0x8 C:\Users\ian\.platformio\packages\framework-arduinoasrmicro650x\cores\asr650x\projects\CubeCellLib.a(lorawan_port.o)
 .text.set_mft_baud
                0x0000000000003f22        0x8 C:\Users\ian\.platformio\packages\framework-arduinoasrmicro650x\cores\asr650x\projects\CubeCellLib.a(lorawan_port.o)
 .text.get_mft_sn
                0x0000000000003f2a        0x8 C:\Users\ian\.platformio\packages\framework-arduinoasrmicro650x\cores\asr650x\projects\CubeCellLib.a(lorawan_port.o)
 .text.get_mft_rev
                0x0000000000003f32        0x8 C:\Users\ian\.platformio\packages\framework-arduinoasrmicro650x\cores\asr650x\projects\CubeCellLib.a(lorawan_port.o)
 .text.get_mft_model
                0x0000000000003f3a        0x8 C:\Users\ian\.platformio\packages\framework-arduinoasrmicro650x\cores\asr650x\projects\CubeCellLib.a(lorawan_port.o)
 .text.get_mft_id
                0x0000000000003f42        0x8 C:\Users\ian\.platformio\packages\framework-arduinoasrmicro650x\cores\asr650x\projects\CubeCellLib.a(lorawan_port.o)
 .text.radio_rw_en
                0x0000000000003f4a        0x2 C:\Users\ian\.platformio\packages\framework-arduinoasrmicro650x\cores\asr650x\projects\CubeCellLib.a(lorawan_port.o)
 .text.exit_stop_mode
                0x0000000000003f4c        0x2 C:\Users\ian\.platformio\packages\framework-arduinoasrmicro650x\cores\asr650x\projects\CubeCellLib.a(lorawan_port.o)
 .text.set_uc_wakeup_time
                0x0000000000003f4e        0x2 C:\Users\ian\.platformio\packages\framework-arduinoasrmicro650x\cores\asr650x\projects\CubeCellLib.a(lorawan_port.o)
 .text.radio_reset
                0x0000000000003f50        0x2 C:\Users\ian\.platformio\packages\framework-arduinoasrmicro650x\cores\asr650x\projects\CubeCellLib.a(lorawan_port.o)
 .text.radio_reset_cfg_input
                0x0000000000003f52        0x2 C:\Users\ian\.platformio\packages\framework-arduinoasrmicro650x\cores\asr650x\projects\CubeCellLib.a(lorawan_port.o)
 .text.BackupGpioDriveMode
                0x0000000000003f54      0x114 C:\Users\ian\.platformio\packages\framework-arduinoasrmicro650x\cores\asr650x\projects\CubeCellLib.a(lorawan_port.o)
                0x0000000000003f54                BackupGpioDriveMode
 .text.RestoreGpioDriveMode
                0x0000000000004068      0x118 C:\Users\ian\.platformio\packages\framework-arduinoasrmicro650x\cores\asr650x\projects\CubeCellLib.a(lorawan_port.o)
                0x0000000000004068                RestoreGpioDriveMode
 .text.SetPinHIZ
                0x0000000000004180       0x2e C:\Users\ian\.platformio\packages\framework-arduinoasrmicro650x\cores\asr650x\projects\CubeCellLib.a(lorawan_port.o)
                0x0000000000004180                SetPinHIZ
 .text.UartDeepsleep
                0x00000000000041ae       0x28 C:\Users\ian\.platformio\packages\framework-arduinoasrmicro650x\cores\asr650x\projects\CubeCellLib.a(lorawan_port.o)
                0x00000000000041ae                UartDeepsleep
 *fill*         0x00000000000041d6        0x2 
 .text.enter_stop_mode
                0x00000000000041d8       0x3c C:\Users\ian\.platformio\packages\framework-arduinoasrmicro650x\cores\asr650x\projects\CubeCellLib.a(lorawan_port.o)
 .text.RtcInit  0x0000000000004214       0x3c C:\Users\ian\.platformio\packages\framework-arduinoasrmicro650x\cores\asr650x\projects\CubeCellLib.a(lorawan_port.o)
                0x0000000000004214                RtcInit
 .text.Asr_Timer_RegisterAlarmCallback
                0x0000000000004250       0x10 C:\Users\ian\.platformio\packages\framework-arduinoasrmicro650x\cores\asr650x\projects\CubeCellLib.a(asr_timer.o)
                0x0000000000004250                Asr_Timer_RegisterAlarmCallback
 .text.Asr_SetTimeout
                0x0000000000004260       0xc4 C:\Users\ian\.platformio\packages\framework-arduinoasrmicro650x\cores\asr650x\projects\CubeCellLib.a(asr_timer.o)
                0x0000000000004260                Asr_SetTimeout
 .text.Asr_Timer_Init
                0x0000000000004324       0x68 C:\Users\ian\.platformio\packages\framework-arduinoasrmicro650x\cores\asr650x\projects\CubeCellLib.a(asr_timer.o)
                0x0000000000004324                Asr_Timer_Init
 .text.Asr_Timer_Disable
                0x000000000000438c       0x18 C:\Users\ian\.platformio\packages\framework-arduinoasrmicro650x\cores\asr650x\projects\CubeCellLib.a(asr_timer.o)
                0x000000000000438c                Asr_Timer_Disable
 .text.Timer0IsrCallback
                0x00000000000043a4       0x1c C:\Users\ian\.platformio\packages\framework-arduinoasrmicro650x\cores\asr650x\projects\CubeCellLib.a(asr_timer.o)
                0x00000000000043a4                Timer0IsrCallback
 .text.Timer1IsrCallback
                0x00000000000043c0       0x28 C:\Users\ian\.platformio\packages\framework-arduinoasrmicro650x\cores\asr650x\projects\CubeCellLib.a(asr_timer.o)
                0x00000000000043c0                Timer1IsrCallback
 .text.globalGpioIsrEntry
                0x00000000000043e8       0x58 C:\Users\ian\.platformio\packages\framework-arduinoasrmicro650x\cores\asr650x\projects\CubeCellLib.a(ASR_Arduino.o)
                0x00000000000043e8                globalGpioIsrEntry
 .text.getID    0x0000000000004440       0x18 C:\Users\ian\.platformio\packages\framework-arduinoasrmicro650x\cores\asr650x\projects\CubeCellLib.a(ASR_Arduino.o)
                0x0000000000004440                getID
 .text.license_check
                0x0000000000004458      0x268 C:\Users\ian\.platformio\packages\framework-arduinoasrmicro650x\cores\asr650x\projects\CubeCellLib.a(ASR_Arduino.o)
                0x0000000000004458                license_check
 .text.pinMode  0x00000000000046c0       0x6c C:\Users\ian\.platformio\packages\framework-arduinoasrmicro650x\cores\asr650x\projects\CubeCellLib.a(ASR_Arduino.o)
                0x00000000000046c0                pinMode
 .text.digitalWrite
                0x000000000000472c       0x68 C:\Users\ian\.platformio\packages\framework-arduinoasrmicro650x\cores\asr650x\projects\CubeCellLib.a(ASR_Arduino.o)
                0x000000000000472c                digitalWrite
 .text.digitalRead
                0x0000000000004794       0x20 C:\Users\ian\.platformio\packages\framework-arduinoasrmicro650x\cores\asr650x\projects\CubeCellLib.a(ASR_Arduino.o)
                0x0000000000004794                digitalRead
 .text.ClearPinInterrupt
                0x00000000000047b4       0x1c C:\Users\ian\.platformio\packages\framework-arduinoasrmicro650x\cores\asr650x\projects\CubeCellLib.a(ASR_Arduino.o)
                0x00000000000047b4                ClearPinInterrupt
 .text.attachInterrupt
                0x00000000000047d0       0x7c C:\Users\ian\.platformio\packages\framework-arduinoasrmicro650x\cores\asr650x\projects\CubeCellLib.a(ASR_Arduino.o)
                0x00000000000047d0                attachInterrupt
 .text.detachInterrupt
                0x000000000000484c       0x6c C:\Users\ian\.platformio\packages\framework-arduinoasrmicro650x\cores\asr650x\projects\CubeCellLib.a(ASR_Arduino.o)
                0x000000000000484c                detachInterrupt
 .text.analogRead
                0x00000000000048b8       0x70 C:\Users\ian\.platformio\packages\framework-arduinoasrmicro650x\cores\asr650x\projects\CubeCellLib.a(ASR_Arduino.o)
                0x00000000000048b8                analogRead
 .text.delay    0x0000000000004928        0x8 C:\Users\ian\.platformio\packages\framework-arduinoasrmicro650x\cores\asr650x\projects\CubeCellLib.a(ASR_Arduino.o)
                0x0000000000004928                delay
 .text.millis   0x0000000000004930        0xc C:\Users\ian\.platformio\packages\framework-arduinoasrmicro650x\cores\asr650x\projects\CubeCellLib.a(ASR_Arduino.o)
                0x0000000000004930                millis
 .text.SPI_BUSY_SetDriveMode
                0x000000000000493c        0x2 C:\Users\ian\.platformio\packages\framework-arduinoasrmicro650x\cores\asr650x\projects\CubeCellLib.a(ASR_Arduino.o)
                0x000000000000493c                SPI_BUSY_SetDriveMode
 .text.SPI_NRESET_SetDriveMode
                0x000000000000493e        0x2 C:\Users\ian\.platformio\packages\framework-arduinoasrmicro650x\cores\asr650x\projects\CubeCellLib.a(ASR_Arduino.o)
                0x000000000000493e                SPI_NRESET_SetDriveMode
 .text.antpow_SetDriveMode
                0x0000000000004940        0x2 C:\Users\ian\.platformio\packages\framework-arduinoasrmicro650x\cores\asr650x\projects\CubeCellLib.a(ASR_Arduino.o)
                0x0000000000004940                antpow_SetDriveMode
 .text.SPI_1_miso_m_SetDriveMode
                0x0000000000004942        0x2 C:\Users\ian\.platformio\packages\framework-arduinoasrmicro650x\cores\asr650x\projects\CubeCellLib.a(ASR_Arduino.o)
                0x0000000000004942                SPI_1_miso_m_SetDriveMode
 .text.SPI_1_mosi_m_SetDriveMode
                0x0000000000004944        0x2 C:\Users\ian\.platformio\packages\framework-arduinoasrmicro650x\cores\asr650x\projects\CubeCellLib.a(ASR_Arduino.o)
                0x0000000000004944                SPI_1_mosi_m_SetDriveMode
 .text.SPI_1_sclk_m_SetDriveMode
                0x0000000000004946        0x2 C:\Users\ian\.platformio\packages\framework-arduinoasrmicro650x\cores\asr650x\projects\CubeCellLib.a(ASR_Arduino.o)
                0x0000000000004946                SPI_1_sclk_m_SetDriveMode
 .text.systemTimer
                0x0000000000004948       0x10 C:\Users\ian\.platformio\packages\framework-arduinoasrmicro650x\cores\asr650x\projects\CubeCellLib.a(cyfitter_cfg.o)
                0x0000000000004948                systemTimer
 .text.SetAnalogRoutingPumps
                0x0000000000004958       0x1c C:\Users\ian\.platformio\packages\framework-arduinoasrmicro650x\cores\asr650x\projects\CubeCellLib.a(cyfitter_cfg.o)
                0x0000000000004958                SetAnalogRoutingPumps
 .text._ZN10CayenneLPPC2Eh
                0x0000000000004974       0x18 C:\Users\ian\AppData\Local\Temp\pio-workspaces\HTCC-AB02S_BME-280 Coverage-01ae45343b\build\cubecell_gps\liba6b\libCayenneLPP.a(CayenneLPP.cpp.o)
                0x0000000000004974                CayenneLPP::CayenneLPP(unsigned char)
                0x0000000000004974                CayenneLPP::CayenneLPP(unsigned char)
 .text._ZN10CayenneLPPD2Ev
                0x000000000000498c        0xe C:\Users\ian\AppData\Local\Temp\pio-workspaces\HTCC-AB02S_BME-280 Coverage-01ae45343b\build\cubecell_gps\liba6b\libCayenneLPP.a(CayenneLPP.cpp.o)
                0x000000000000498c                CayenneLPP::~CayenneLPP()
                0x000000000000498c                CayenneLPP::~CayenneLPP()
 .text._ZN10CayenneLPP5resetEv
                0x000000000000499a        0x6 C:\Users\ian\AppData\Local\Temp\pio-workspaces\HTCC-AB02S_BME-280 Coverage-01ae45343b\build\cubecell_gps\liba6b\libCayenneLPP.a(CayenneLPP.cpp.o)
                0x000000000000499a                CayenneLPP::reset()
 .text._ZN10CayenneLPP7getSizeEv
                0x00000000000049a0        0x4 C:\Users\ian\AppData\Local\Temp\pio-workspaces\HTCC-AB02S_BME-280 Coverage-01ae45343b\build\cubecell_gps\liba6b\libCayenneLPP.a(CayenneLPP.cpp.o)
                0x00000000000049a0                CayenneLPP::getSize()
 .text._ZN10CayenneLPP9getBufferEv
                0x00000000000049a4        0x4 C:\Users\ian\AppData\Local\Temp\pio-workspaces\HTCC-AB02S_BME-280 Coverage-01ae45343b\build\cubecell_gps\liba6b\libCayenneLPP.a(CayenneLPP.cpp.o)
                0x00000000000049a4                CayenneLPP::getBuffer()
 .text._ZN10CayenneLPP6isTypeEh
                0x00000000000049a8       0x38 C:\Users\ian\AppData\Local\Temp\pio-workspaces\HTCC-AB02S_BME-280 Coverage-01ae45343b\build\cubecell_gps\liba6b\libCayenneLPP.a(CayenneLPP.cpp.o)
                0x00000000000049a8                CayenneLPP::isType(unsigned char)
 .text._ZN10CayenneLPP11getTypeSizeEh
                0x00000000000049e0       0x88 C:\Users\ian\AppData\Local\Temp\pio-workspaces\HTCC-AB02S_BME-280 Coverage-01ae45343b\build\cubecell_gps\liba6b\libCayenneLPP.a(CayenneLPP.cpp.o)
                0x00000000000049e0                CayenneLPP::getTypeSize(unsigned char)
 .text._ZN10CayenneLPP17getTypeMultiplierEh
                0x0000000000004a68       0x88 C:\Users\ian\AppData\Local\Temp\pio-workspaces\HTCC-AB02S_BME-280 Coverage-01ae45343b\build\cubecell_gps\liba6b\libCayenneLPP.a(CayenneLPP.cpp.o)
                0x0000000000004a68                CayenneLPP::getTypeMultiplier(unsigned char)
 .text._ZN10CayenneLPP13getTypeSignedEh
                0x0000000000004af0       0x24 C:\Users\ian\AppData\Local\Temp\pio-workspaces\HTCC-AB02S_BME-280 Coverage-01ae45343b\build\cubecell_gps\liba6b\libCayenneLPP.a(CayenneLPP.cpp.o)
                0x0000000000004af0                CayenneLPP::getTypeSigned(unsigned char)
 .text._ZN10CayenneLPP6addGPSEhfff
                0x0000000000004b14       0xcc C:\Users\ian\AppData\Local\Temp\pio-workspaces\HTCC-AB02S_BME-280 Coverage-01ae45343b\build\cubecell_gps\liba6b\libCayenneLPP.a(CayenneLPP.cpp.o)
                0x0000000000004b14                CayenneLPP::addGPS(unsigned char, float, float, float)
 .text._ZN10CayenneLPP8addFieldImEEhhhT_
                0x0000000000004be0       0x74 C:\Users\ian\AppData\Local\Temp\pio-workspaces\HTCC-AB02S_BME-280 Coverage-01ae45343b\build\cubecell_gps\liba6b\libCayenneLPP.a(CayenneLPP.cpp.o)
                0x0000000000004be0                unsigned char CayenneLPP::addField<unsigned long>(unsigned char, unsigned char, unsigned long)
 .text._ZN10CayenneLPP11addUnixTimeEhm
                0x0000000000004c54        0xe C:\Users\ian\AppData\Local\Temp\pio-workspaces\HTCC-AB02S_BME-280 Coverage-01ae45343b\build\cubecell_gps\liba6b\libCayenneLPP.a(CayenneLPP.cpp.o)
                0x0000000000004c54                CayenneLPP::addUnixTime(unsigned char, unsigned long)
 .text._ZN10CayenneLPP8addFieldIfEEhhhT_
                0x0000000000004c62       0xca C:\Users\ian\AppData\Local\Temp\pio-workspaces\HTCC-AB02S_BME-280 Coverage-01ae45343b\build\cubecell_gps\liba6b\libCayenneLPP.a(CayenneLPP.cpp.o)
                0x0000000000004c62                unsigned char CayenneLPP::addField<float>(unsigned char, unsigned char, float)
 .text._ZN10CayenneLPP16addGenericSensorEhf
                0x0000000000004d2c        0xe C:\Users\ian\AppData\Local\Temp\pio-workspaces\HTCC-AB02S_BME-280 Coverage-01ae45343b\build\cubecell_gps\liba6b\libCayenneLPP.a(CayenneLPP.cpp.o)
                0x0000000000004d2c                CayenneLPP::addGenericSensor(unsigned char, float)
 .text._ZN10CayenneLPP14addTemperatureEhf
                0x0000000000004d3a        0xe C:\Users\ian\AppData\Local\Temp\pio-workspaces\HTCC-AB02S_BME-280 Coverage-01ae45343b\build\cubecell_gps\liba6b\libCayenneLPP.a(CayenneLPP.cpp.o)
                0x0000000000004d3a                CayenneLPP::addTemperature(unsigned char, float)
 .text._ZN10CayenneLPP19addRelativeHumidityEhf
                0x0000000000004d48        0xe C:\Users\ian\AppData\Local\Temp\pio-workspaces\HTCC-AB02S_BME-280 Coverage-01ae45343b\build\cubecell_gps\liba6b\libCayenneLPP.a(CayenneLPP.cpp.o)
                0x0000000000004d48                CayenneLPP::addRelativeHumidity(unsigned char, float)
 .text._ZN10CayenneLPP10addVoltageEhf
                0x0000000000004d56        0xe C:\Users\ian\AppData\Local\Temp\pio-workspaces\HTCC-AB02S_BME-280 Coverage-01ae45343b\build\cubecell_gps\liba6b\libCayenneLPP.a(CayenneLPP.cpp.o)
                0x0000000000004d56                CayenneLPP::addVoltage(unsigned char, float)
 .text._ZN10CayenneLPP11addDistanceEhf
                0x0000000000004d64        0xe C:\Users\ian\AppData\Local\Temp\pio-workspaces\HTCC-AB02S_BME-280 Coverage-01ae45343b\build\cubecell_gps\liba6b\libCayenneLPP.a(CayenneLPP.cpp.o)
                0x0000000000004d64                CayenneLPP::addDistance(unsigned char, float)
 .text._ZN10CayenneLPP21addBarometricPressureEhf
                0x0000000000004d72        0xe C:\Users\ian\AppData\Local\Temp\pio-workspaces\HTCC-AB02S_BME-280 Coverage-01ae45343b\build\cubecell_gps\liba6b\libCayenneLPP.a(CayenneLPP.cpp.o)
                0x0000000000004d72                CayenneLPP::addBarometricPressure(unsigned char, float)
 .text._ZN10CayenneLPP12addDirectionEhf
                0x0000000000004d80        0xe C:\Users\ian\AppData\Local\Temp\pio-workspaces\HTCC-AB02S_BME-280 Coverage-01ae45343b\build\cubecell_gps\liba6b\libCayenneLPP.a(CayenneLPP.cpp.o)
                0x0000000000004d80                CayenneLPP::addDirection(unsigned char, float)
 *fill*         0x0000000000004d8e        0x2 
 .text._ZN6BME28013writeRegisterEhh
                0x0000000000004d90       0x2c C:\Users\ian\AppData\Local\Temp\pio-workspaces\HTCC-AB02S_BME-280 Coverage-01ae45343b\build\cubecell_gps\lib579\libGrove - Barometer Sensor BME280.a(Seeed_BME280.cpp.o)
                0x0000000000004d90                BME280::writeRegister(unsigned char, unsigned char)
 .text._ZN6BME28011BME280Read8Eh
                0x0000000000004dbc       0x40 C:\Users\ian\AppData\Local\Temp\pio-workspaces\HTCC-AB02S_BME-280 Coverage-01ae45343b\build\cubecell_gps\lib579\libGrove - Barometer Sensor BME280.a(Seeed_BME280.cpp.o)
                0x0000000000004dbc                BME280::BME280Read8(unsigned char)
 .text._ZN6BME28012BME280Read16Eh
                0x0000000000004dfc       0x4c C:\Users\ian\AppData\Local\Temp\pio-workspaces\HTCC-AB02S_BME-280 Coverage-01ae45343b\build\cubecell_gps\lib579\libGrove - Barometer Sensor BME280.a(Seeed_BME280.cpp.o)
                0x0000000000004dfc                BME280::BME280Read16(unsigned char)
 .text._ZN6BME28014BME280Read16LEEh
                0x0000000000004e48        0xc C:\Users\ian\AppData\Local\Temp\pio-workspaces\HTCC-AB02S_BME-280 Coverage-01ae45343b\build\cubecell_gps\lib579\libGrove - Barometer Sensor BME280.a(Seeed_BME280.cpp.o)
                0x0000000000004e48                BME280::BME280Read16LE(unsigned char)
 .text._ZN6BME2804initEv
                0x0000000000004e54      0x118 C:\Users\ian\AppData\Local\Temp\pio-workspaces\HTCC-AB02S_BME-280 Coverage-01ae45343b\build\cubecell_gps\lib579\libGrove - Barometer Sensor BME280.a(Seeed_BME280.cpp.o)
                0x0000000000004e54                BME280::init()
 .text._ZN6BME28012BME280Read24Eh
                0x0000000000004f6c       0x50 C:\Users\ian\AppData\Local\Temp\pio-workspaces\HTCC-AB02S_BME-280 Coverage-01ae45343b\build\cubecell_gps\lib579\libGrove - Barometer Sensor BME280.a(Seeed_BME280.cpp.o)
                0x0000000000004f6c                BME280::BME280Read24(unsigned char)
 .text._ZN6BME28014getTemperatureEv
                0x0000000000004fbc       0x48 C:\Users\ian\AppData\Local\Temp\pio-workspaces\HTCC-AB02S_BME-280 Coverage-01ae45343b\build\cubecell_gps\lib579\libGrove - Barometer Sensor BME280.a(Seeed_BME280.cpp.o)
                0x0000000000004fbc                BME280::getTemperature()
 .text._ZN6BME28011getHumidityEv
                0x0000000000005004       0x9c C:\Users\ian\AppData\Local\Temp\pio-workspaces\HTCC-AB02S_BME-280 Coverage-01ae45343b\build\cubecell_gps\lib579\libGrove - Barometer Sensor BME280.a(Seeed_BME280.cpp.o)
                0x0000000000005004                BME280::getHumidity()
 .text._ZN6BME28011getPressureEv
                0x00000000000050a0      0x17c C:\Users\ian\AppData\Local\Temp\pio-workspaces\HTCC-AB02S_BME-280 Coverage-01ae45343b\build\cubecell_gps\lib579\libGrove - Barometer Sensor BME280.a(Seeed_BME280.cpp.o)
                0x00000000000050a0                BME280::getPressure()
 .text._ZN17CubeCell_NeoPixelD2Ev
                0x000000000000521c       0x1e C:\Users\ian\AppData\Local\Temp\pio-workspaces\HTCC-AB02S_BME-280 Coverage-01ae45343b\build\cubecell_gps\liba50\libRGB.a(CubeCell_NeoPixel.cpp.o)
                0x000000000000521c                CubeCell_NeoPixel::~CubeCell_NeoPixel()
                0x000000000000521c                CubeCell_NeoPixel::~CubeCell_NeoPixel()
 .text._ZN17CubeCell_NeoPixel5beginEv
                0x000000000000523a       0x22 C:\Users\ian\AppData\Local\Temp\pio-workspaces\HTCC-AB02S_BME-280 Coverage-01ae45343b\build\cubecell_gps\liba50\libRGB.a(CubeCell_NeoPixel.cpp.o)
                0x000000000000523a                CubeCell_NeoPixel::begin()
 .text._ZN17CubeCell_NeoPixel12updateLengthEt
                0x000000000000525c       0x3c C:\Users\ian\AppData\Local\Temp\pio-workspaces\HTCC-AB02S_BME-280 Coverage-01ae45343b\build\cubecell_gps\liba50\libRGB.a(CubeCell_NeoPixel.cpp.o)
                0x000000000000525c                CubeCell_NeoPixel::updateLength(unsigned short)
 .text._ZN17CubeCell_NeoPixel10updateTypeEt
                0x0000000000005298       0x46 C:\Users\ian\AppData\Local\Temp\pio-workspaces\HTCC-AB02S_BME-280 Coverage-01ae45343b\build\cubecell_gps\liba50\libRGB.a(CubeCell_NeoPixel.cpp.o)
                0x0000000000005298                CubeCell_NeoPixel::updateType(unsigned short)
 .text._ZN17CubeCell_NeoPixel4showEv
                0x00000000000052de       0x1c C:\Users\ian\AppData\Local\Temp\pio-workspaces\HTCC-AB02S_BME-280 Coverage-01ae45343b\build\cubecell_gps\liba50\libRGB.a(CubeCell_NeoPixel.cpp.o)
                0x00000000000052de                CubeCell_NeoPixel::show()
 .text._ZN17CubeCell_NeoPixel6setPinEh
                0x00000000000052fa       0x36 C:\Users\ian\AppData\Local\Temp\pio-workspaces\HTCC-AB02S_BME-280 Coverage-01ae45343b\build\cubecell_gps\liba50\libRGB.a(CubeCell_NeoPixel.cpp.o)
                0x00000000000052fa                CubeCell_NeoPixel::setPin(unsigned char)
 .text._ZN17CubeCell_NeoPixelC2Etht
                0x0000000000005330       0x2e C:\Users\ian\AppData\Local\Temp\pio-workspaces\HTCC-AB02S_BME-280 Coverage-01ae45343b\build\cubecell_gps\liba50\libRGB.a(CubeCell_NeoPixel.cpp.o)
                0x0000000000005330                CubeCell_NeoPixel::CubeCell_NeoPixel(unsigned short, unsigned char, unsigned short)
                0x0000000000005330                CubeCell_NeoPixel::CubeCell_NeoPixel(unsigned short, unsigned char, unsigned short)
 .text._ZN17CubeCell_NeoPixel13setPixelColorEtm
                0x000000000000535e       0x6c C:\Users\ian\AppData\Local\Temp\pio-workspaces\HTCC-AB02S_BME-280 Coverage-01ae45343b\build\cubecell_gps\liba50\libRGB.a(CubeCell_NeoPixel.cpp.o)
                0x000000000000535e                CubeCell_NeoPixel::setPixelColor(unsigned short, unsigned long)
 *fill*         0x00000000000053ca        0x2 
 .text._ZN17CubeCell_NeoPixel13setBrightnessEh
                0x00000000000053cc       0x4c C:\Users\ian\AppData\Local\Temp\pio-workspaces\HTCC-AB02S_BME-280 Coverage-01ae45343b\build\cubecell_gps\liba50\libRGB.a(CubeCell_NeoPixel.cpp.o)
                0x00000000000053cc                CubeCell_NeoPixel::setBrightness(unsigned char)
 .text._ZN17CubeCell_NeoPixel5clearEv
                0x0000000000005418        0xe C:\Users\ian\AppData\Local\Temp\pio-workspaces\HTCC-AB02S_BME-280 Coverage-01ae45343b\build\cubecell_gps\liba50\libRGB.a(CubeCell_NeoPixel.cpp.o)
                0x0000000000005418                CubeCell_NeoPixel::clear()
 .text._ZN11OLEDDisplay11sendCommandEh
                0x0000000000005426        0x2 C:\Users\ian\AppData\Local\Temp\pio-workspaces\HTCC-AB02S_BME-280 Coverage-01ae45343b\build\cubecell_gps\lib6e5\libOLED.a(cubecell_OLEDDisplay.cpp.o)
                0x0000000000005426                OLEDDisplay::sendCommand(unsigned char)
 .text._ZN11OLEDDisplay7connectEv
                0x0000000000005428        0x4 C:\Users\ian\AppData\Local\Temp\pio-workspaces\HTCC-AB02S_BME-280 Coverage-01ae45343b\build\cubecell_gps\lib6e5\libOLED.a(cubecell_OLEDDisplay.cpp.o)
                0x0000000000005428                OLEDDisplay::connect()
 .text._Z22DefaultFontTableLookuph
                0x000000000000542c       0x38 C:\Users\ian\AppData\Local\Temp\pio-workspaces\HTCC-AB02S_BME-280 Coverage-01ae45343b\build\cubecell_gps\lib6e5\libOLED.a(cubecell_OLEDDisplay.cpp.o)
                0x000000000000542c                DefaultFontTableLookup(unsigned char)
 .text._ZN11OLEDDisplay5writeEh
                0x0000000000005464       0x80 C:\Users\ian\AppData\Local\Temp\pio-workspaces\HTCC-AB02S_BME-280 Coverage-01ae45343b\build\cubecell_gps\lib6e5\libOLED.a(cubecell_OLEDDisplay.cpp.o)
                0x0000000000005464                OLEDDisplay::write(unsigned char)
 .text._ZN11OLEDDisplayC2Ev
                0x00000000000054e4       0x3c C:\Users\ian\AppData\Local\Temp\pio-workspaces\HTCC-AB02S_BME-280 Coverage-01ae45343b\build\cubecell_gps\lib6e5\libOLED.a(cubecell_OLEDDisplay.cpp.o)
                0x00000000000054e4                OLEDDisplay::OLEDDisplay()
                0x00000000000054e4                OLEDDisplay::OLEDDisplay()
 .text._ZN11OLEDDisplay3endEv
                0x0000000000005520       0x52 C:\Users\ian\AppData\Local\Temp\pio-workspaces\HTCC-AB02S_BME-280 Coverage-01ae45343b\build\cubecell_gps\lib6e5\libOLED.a(cubecell_OLEDDisplay.cpp.o)
                0x0000000000005520                OLEDDisplay::end()
 *fill*         0x0000000000005572        0x2 
 .text._ZN11OLEDDisplayD2Ev
                0x0000000000005574       0x18 C:\Users\ian\AppData\Local\Temp\pio-workspaces\HTCC-AB02S_BME-280 Coverage-01ae45343b\build\cubecell_gps\lib6e5\libOLED.a(cubecell_OLEDDisplay.cpp.o)
                0x0000000000005574                OLEDDisplay::~OLEDDisplay()
                0x0000000000005574                OLEDDisplay::~OLEDDisplay()
 .text._ZN11OLEDDisplay8setPixelEss
                0x000000000000558c       0x6a C:\Users\ian\AppData\Local\Temp\pio-workspaces\HTCC-AB02S_BME-280 Coverage-01ae45343b\build\cubecell_gps\lib6e5\libOLED.a(cubecell_OLEDDisplay.cpp.o)
                0x000000000000558c                OLEDDisplay::setPixel(short, short)
 .text._ZN11OLEDDisplay7drawXbmEssssPKh
                0x00000000000055f6       0x72 C:\Users\ian\AppData\Local\Temp\pio-workspaces\HTCC-AB02S_BME-280 Coverage-01ae45343b\build\cubecell_gps\lib6e5\libOLED.a(cubecell_OLEDDisplay.cpp.o)
                0x00000000000055f6                OLEDDisplay::drawXbm(short, short, short, short, unsigned char const*)
 .text._ZN11OLEDDisplay18drawStringInternalEssPctt
                0x0000000000005668      0x1d8 C:\Users\ian\AppData\Local\Temp\pio-workspaces\HTCC-AB02S_BME-280 Coverage-01ae45343b\build\cubecell_gps\lib6e5\libOLED.a(cubecell_OLEDDisplay.cpp.o)
                0x0000000000005668                OLEDDisplay::drawStringInternal(short, short, char*, unsigned short, unsigned short)
 .text._ZN11OLEDDisplay14getStringWidthEPKct
                0x0000000000005840       0x48 C:\Users\ian\AppData\Local\Temp\pio-workspaces\HTCC-AB02S_BME-280 Coverage-01ae45343b\build\cubecell_gps\lib6e5\libOLED.a(cubecell_OLEDDisplay.cpp.o)
                0x0000000000005840                OLEDDisplay::getStringWidth(char const*, unsigned short)
 .text._ZN11OLEDDisplay16setTextAlignmentE26OLEDDISPLAY_TEXT_ALIGNMENT
                0x0000000000005888        0x4 C:\Users\ian\AppData\Local\Temp\pio-workspaces\HTCC-AB02S_BME-280 Coverage-01ae45343b\build\cubecell_gps\lib6e5\libOLED.a(cubecell_OLEDDisplay.cpp.o)
                0x0000000000005888                OLEDDisplay::setTextAlignment(OLEDDISPLAY_TEXT_ALIGNMENT)
 .text._ZN11OLEDDisplay7setFontEPKh
                0x000000000000588c        0x4 C:\Users\ian\AppData\Local\Temp\pio-workspaces\HTCC-AB02S_BME-280 Coverage-01ae45343b\build\cubecell_gps\lib6e5\libOLED.a(cubecell_OLEDDisplay.cpp.o)
                0x000000000000588c                OLEDDisplay::setFont(unsigned char const*)
 .text._ZN11OLEDDisplay11setContrastEhhh
                0x0000000000005890       0x64 C:\Users\ian\AppData\Local\Temp\pio-workspaces\HTCC-AB02S_BME-280 Coverage-01ae45343b\build\cubecell_gps\lib6e5\libOLED.a(cubecell_OLEDDisplay.cpp.o)
                0x0000000000005890                OLEDDisplay::setContrast(unsigned char, unsigned char, unsigned char)
 .text._ZN11OLEDDisplay13setBrightnessEh
                0x00000000000058f4       0x50 C:\Users\ian\AppData\Local\Temp\pio-workspaces\HTCC-AB02S_BME-280 Coverage-01ae45343b\build\cubecell_gps\lib6e5\libOLED.a(cubecell_OLEDDisplay.cpp.o)
                0x00000000000058f4                OLEDDisplay::setBrightness(unsigned char)
 .text._ZN11OLEDDisplay5clearEv
                0x0000000000005944        0xe C:\Users\ian\AppData\Local\Temp\pio-workspaces\HTCC-AB02S_BME-280 Coverage-01ae45343b\build\cubecell_gps\lib6e5\libOLED.a(cubecell_OLEDDisplay.cpp.o)
                0x0000000000005944                OLEDDisplay::clear()
 .text._ZN11OLEDDisplay12resetDisplayEv
                0x0000000000005952       0x1c C:\Users\ian\AppData\Local\Temp\pio-workspaces\HTCC-AB02S_BME-280 Coverage-01ae45343b\build\cubecell_gps\lib6e5\libOLED.a(cubecell_OLEDDisplay.cpp.o)
                0x0000000000005952                OLEDDisplay::resetDisplay()
 .text._ZN11OLEDDisplay8getWidthEv
                0x000000000000596e        0x4 C:\Users\ian\AppData\Local\Temp\pio-workspaces\HTCC-AB02S_BME-280 Coverage-01ae45343b\build\cubecell_gps\lib6e5\libOLED.a(cubecell_OLEDDisplay.cpp.o)
                0x000000000000596e                OLEDDisplay::getWidth()
 *fill*         0x0000000000005972        0x2 
 .text._ZN11OLEDDisplay11setGeometryE20OLEDDISPLAY_GEOMETRYtt
                0x0000000000005974       0x3c C:\Users\ian\AppData\Local\Temp\pio-workspaces\HTCC-AB02S_BME-280 Coverage-01ae45343b\build\cubecell_gps\lib6e5\libOLED.a(cubecell_OLEDDisplay.cpp.o)
                0x0000000000005974                OLEDDisplay::setGeometry(OLEDDISPLAY_GEOMETRY, unsigned short, unsigned short)
 .text._ZN11OLEDDisplay12setDrivemodeE17OLEDDISPLAY_DRIVE
                0x00000000000059b0        0x4 C:\Users\ian\AppData\Local\Temp\pio-workspaces\HTCC-AB02S_BME-280 Coverage-01ae45343b\build\cubecell_gps\lib6e5\libOLED.a(cubecell_OLEDDisplay.cpp.o)
                0x00000000000059b0                OLEDDisplay::setDrivemode(OLEDDISPLAY_DRIVE)
 .text._ZN11OLEDDisplay6setRstEa
                0x00000000000059b4        0x4 C:\Users\ian\AppData\Local\Temp\pio-workspaces\HTCC-AB02S_BME-280 Coverage-01ae45343b\build\cubecell_gps\lib6e5\libOLED.a(cubecell_OLEDDisplay.cpp.o)
                0x00000000000059b4                OLEDDisplay::setRst(signed char)
 .text._ZN11OLEDDisplay16sendInitCommandsEv
                0x00000000000059b8      0x218 C:\Users\ian\AppData\Local\Temp\pio-workspaces\HTCC-AB02S_BME-280 Coverage-01ae45343b\build\cubecell_gps\lib6e5\libOLED.a(cubecell_OLEDDisplay.cpp.o)
                0x00000000000059b8                OLEDDisplay::sendInitCommands()
 .text._ZN11OLEDDisplay4initEv
                0x0000000000005bd0       0xce C:\Users\ian\AppData\Local\Temp\pio-workspaces\HTCC-AB02S_BME-280 Coverage-01ae45343b\build\cubecell_gps\lib6e5\libOLED.a(cubecell_OLEDDisplay.cpp.o)
                0x0000000000005bd0                OLEDDisplay::init()
 .text._ZN11OLEDDisplay9utf8asciiE6String
                0x0000000000005c9e       0x60 C:\Users\ian\AppData\Local\Temp\pio-workspaces\HTCC-AB02S_BME-280 Coverage-01ae45343b\build\cubecell_gps\lib6e5\libOLED.a(cubecell_OLEDDisplay.cpp.o)
                0x0000000000005c9e                OLEDDisplay::utf8ascii(String)
 *fill*         0x0000000000005cfe        0x2 
 .text._ZN11OLEDDisplay10drawStringEss6String
                0x0000000000005d00       0xa8 C:\Users\ian\AppData\Local\Temp\pio-workspaces\HTCC-AB02S_BME-280 Coverage-01ae45343b\build\cubecell_gps\lib6e5\libOLED.a(cubecell_OLEDDisplay.cpp.o)
                0x0000000000005d00                OLEDDisplay::drawString(short, short, String)
 .text._ZN11TinyGPSPlusC2Ev
                0x0000000000005da8       0x64 C:\Users\ian\AppData\Local\Temp\pio-workspaces\HTCC-AB02S_BME-280 Coverage-01ae45343b\build\cubecell_gps\libe60\libOnBoardGPS_Air530.a(CubeCell_TinyGPS++.cpp.o)
                0x0000000000005da8                TinyGPSPlus::TinyGPSPlus()
                0x0000000000005da8                TinyGPSPlus::TinyGPSPlus()
 .text._ZN11TinyGPSPlus7fromHexEc
                0x0000000000005e0c       0x1e C:\Users\ian\AppData\Local\Temp\pio-workspaces\HTCC-AB02S_BME-280 Coverage-01ae45343b\build\cubecell_gps\libe60\libOnBoardGPS_Air530.a(CubeCell_TinyGPS++.cpp.o)
                0x0000000000005e0c                TinyGPSPlus::fromHex(char)
 .text._ZN11TinyGPSPlus12parseDecimalEPKc
                0x0000000000005e2a       0x4a C:\Users\ian\AppData\Local\Temp\pio-workspaces\HTCC-AB02S_BME-280 Coverage-01ae45343b\build\cubecell_gps\libe60\libOnBoardGPS_Air530.a(CubeCell_TinyGPS++.cpp.o)
                0x0000000000005e2a                TinyGPSPlus::parseDecimal(char const*)
 .text._ZN11TinyGPSPlus12parseDegreesEPKcR10RawDegrees
                0x0000000000005e74       0x64 C:\Users\ian\AppData\Local\Temp\pio-workspaces\HTCC-AB02S_BME-280 Coverage-01ae45343b\build\cubecell_gps\libe60\libOnBoardGPS_Air530.a(CubeCell_TinyGPS++.cpp.o)
                0x0000000000005e74                TinyGPSPlus::parseDegrees(char const*, RawDegrees&)
 .text._ZN11TinyGPSPlus15distanceBetweenEdddd
                0x0000000000005ed8      0x13c C:\Users\ian\AppData\Local\Temp\pio-workspaces\HTCC-AB02S_BME-280 Coverage-01ae45343b\build\cubecell_gps\libe60\libOnBoardGPS_Air530.a(CubeCell_TinyGPS++.cpp.o)
                0x0000000000005ed8                TinyGPSPlus::distanceBetween(double, double, double, double)
 .text._ZN15TinyGPSLocation6commitEv
                0x0000000000006014       0x2e C:\Users\ian\AppData\Local\Temp\pio-workspaces\HTCC-AB02S_BME-280 Coverage-01ae45343b\build\cubecell_gps\libe60\libOnBoardGPS_Air530.a(CubeCell_TinyGPS++.cpp.o)
                0x0000000000006014                TinyGPSLocation::commit()
 *fill*         0x0000000000006042        0x2 
 .text._ZN15TinyGPSLocation3latEv
                0x0000000000006044       0x48 C:\Users\ian\AppData\Local\Temp\pio-workspaces\HTCC-AB02S_BME-280 Coverage-01ae45343b\build\cubecell_gps\libe60\libOnBoardGPS_Air530.a(CubeCell_TinyGPS++.cpp.o)
                0x0000000000006044                TinyGPSLocation::lat()
 .text._ZN15TinyGPSLocation3lngEv
                0x000000000000608c       0x48 C:\Users\ian\AppData\Local\Temp\pio-workspaces\HTCC-AB02S_BME-280 Coverage-01ae45343b\build\cubecell_gps\libe60\libOnBoardGPS_Air530.a(CubeCell_TinyGPS++.cpp.o)
                0x000000000000608c                TinyGPSLocation::lng()
 .text._ZN11TinyGPSDate6commitEv
                0x00000000000060d4       0x16 C:\Users\ian\AppData\Local\Temp\pio-workspaces\HTCC-AB02S_BME-280 Coverage-01ae45343b\build\cubecell_gps\libe60\libOnBoardGPS_Air530.a(CubeCell_TinyGPS++.cpp.o)
                0x00000000000060d4                TinyGPSDate::commit()
 .text._ZN11TinyGPSTime6commitEv
                0x00000000000060ea       0x16 C:\Users\ian\AppData\Local\Temp\pio-workspaces\HTCC-AB02S_BME-280 Coverage-01ae45343b\build\cubecell_gps\libe60\libOnBoardGPS_Air530.a(CubeCell_TinyGPS++.cpp.o)
                0x00000000000060ea                TinyGPSTime::commit()
 .text._ZN11TinyGPSTime7setTimeEPKc
                0x0000000000006100        0xe C:\Users\ian\AppData\Local\Temp\pio-workspaces\HTCC-AB02S_BME-280 Coverage-01ae45343b\build\cubecell_gps\libe60\libOnBoardGPS_Air530.a(CubeCell_TinyGPS++.cpp.o)
                0x0000000000006100                TinyGPSTime::setTime(char const*)
 .text._ZN11TinyGPSDate7setDateEPKc
                0x000000000000610e        0xe C:\Users\ian\AppData\Local\Temp\pio-workspaces\HTCC-AB02S_BME-280 Coverage-01ae45343b\build\cubecell_gps\libe60\libOnBoardGPS_Air530.a(CubeCell_TinyGPS++.cpp.o)
                0x000000000000610e                TinyGPSDate::setDate(char const*)
 .text._ZN11TinyGPSDate4yearEv
                0x000000000000611c       0x18 C:\Users\ian\AppData\Local\Temp\pio-workspaces\HTCC-AB02S_BME-280 Coverage-01ae45343b\build\cubecell_gps\libe60\libOnBoardGPS_Air530.a(CubeCell_TinyGPS++.cpp.o)
                0x000000000000611c                TinyGPSDate::year()
 .text._ZN11TinyGPSDate5monthEv
                0x0000000000006134       0x18 C:\Users\ian\AppData\Local\Temp\pio-workspaces\HTCC-AB02S_BME-280 Coverage-01ae45343b\build\cubecell_gps\libe60\libOnBoardGPS_Air530.a(CubeCell_TinyGPS++.cpp.o)
                0x0000000000006134                TinyGPSDate::month()
 .text._ZN11TinyGPSDate3dayEv
                0x000000000000614c       0x18 C:\Users\ian\AppData\Local\Temp\pio-workspaces\HTCC-AB02S_BME-280 Coverage-01ae45343b\build\cubecell_gps\libe60\libOnBoardGPS_Air530.a(CubeCell_TinyGPS++.cpp.o)
                0x000000000000614c                TinyGPSDate::day()
 .text._ZN11TinyGPSTime4hourEv
                0x0000000000006164       0x18 C:\Users\ian\AppData\Local\Temp\pio-workspaces\HTCC-AB02S_BME-280 Coverage-01ae45343b\build\cubecell_gps\libe60\libOnBoardGPS_Air530.a(CubeCell_TinyGPS++.cpp.o)
                0x0000000000006164                TinyGPSTime::hour()
 .text._ZN11TinyGPSTime6minuteEv
                0x000000000000617c       0x1c C:\Users\ian\AppData\Local\Temp\pio-workspaces\HTCC-AB02S_BME-280 Coverage-01ae45343b\build\cubecell_gps\libe60\libOnBoardGPS_Air530.a(CubeCell_TinyGPS++.cpp.o)
                0x000000000000617c                TinyGPSTime::minute()
 .text._ZN11TinyGPSTime6secondEv
                0x0000000000006198       0x18 C:\Users\ian\AppData\Local\Temp\pio-workspaces\HTCC-AB02S_BME-280 Coverage-01ae45343b\build\cubecell_gps\libe60\libOnBoardGPS_Air530.a(CubeCell_TinyGPS++.cpp.o)
                0x0000000000006198                TinyGPSTime::second()
 .text._ZN11TinyGPSTime11centisecondEv
                0x00000000000061b0       0x12 C:\Users\ian\AppData\Local\Temp\pio-workspaces\HTCC-AB02S_BME-280 Coverage-01ae45343b\build\cubecell_gps\libe60\libOnBoardGPS_Air530.a(CubeCell_TinyGPS++.cpp.o)
                0x00000000000061b0                TinyGPSTime::centisecond()
 .text._ZN14TinyGPSDecimal6commitEv
                0x00000000000061c2       0x16 C:\Users\ian\AppData\Local\Temp\pio-workspaces\HTCC-AB02S_BME-280 Coverage-01ae45343b\build\cubecell_gps\libe60\libOnBoardGPS_Air530.a(CubeCell_TinyGPS++.cpp.o)
                0x00000000000061c2                TinyGPSDecimal::commit()
 .text._ZN14TinyGPSDecimal3setEPKc
                0x00000000000061d8        0xe C:\Users\ian\AppData\Local\Temp\pio-workspaces\HTCC-AB02S_BME-280 Coverage-01ae45343b\build\cubecell_gps\libe60\libOnBoardGPS_Air530.a(CubeCell_TinyGPS++.cpp.o)
                0x00000000000061d8                TinyGPSDecimal::set(char const*)
 .text._ZN14TinyGPSInteger6commitEv
                0x00000000000061e6       0x16 C:\Users\ian\AppData\Local\Temp\pio-workspaces\HTCC-AB02S_BME-280 Coverage-01ae45343b\build\cubecell_gps\libe60\libOnBoardGPS_Air530.a(CubeCell_TinyGPS++.cpp.o)
                0x00000000000061e6                TinyGPSInteger::commit()
 .text._ZN14TinyGPSInteger3setEPKc
                0x00000000000061fc        0xe C:\Users\ian\AppData\Local\Temp\pio-workspaces\HTCC-AB02S_BME-280 Coverage-01ae45343b\build\cubecell_gps\libe60\libOnBoardGPS_Air530.a(CubeCell_TinyGPS++.cpp.o)
                0x00000000000061fc                TinyGPSInteger::set(char const*)
 .text._ZN13TinyGPSCustom6commitEv
                0x000000000000620a       0x1a C:\Users\ian\AppData\Local\Temp\pio-workspaces\HTCC-AB02S_BME-280 Coverage-01ae45343b\build\cubecell_gps\libe60\libOnBoardGPS_Air530.a(CubeCell_TinyGPS++.cpp.o)
                0x000000000000620a                TinyGPSCustom::commit()
 .text._ZN13TinyGPSCustom3setEPKc
                0x0000000000006224        0xa C:\Users\ian\AppData\Local\Temp\pio-workspaces\HTCC-AB02S_BME-280 Coverage-01ae45343b\build\cubecell_gps\libe60\libOnBoardGPS_Air530.a(CubeCell_TinyGPS++.cpp.o)
                0x0000000000006224                TinyGPSCustom::set(char const*)
 *fill*         0x000000000000622e        0x2 
 .text._ZN11TinyGPSPlus16endOfTermHandlerEv
                0x0000000000006230      0x278 C:\Users\ian\AppData\Local\Temp\pio-workspaces\HTCC-AB02S_BME-280 Coverage-01ae45343b\build\cubecell_gps\libe60\libOnBoardGPS_Air530.a(CubeCell_TinyGPS++.cpp.o)
                0x0000000000006230                TinyGPSPlus::endOfTermHandler()
 .text._ZN11TinyGPSPlus6encodeEc
                0x00000000000064a8       0x9e C:\Users\ian\AppData\Local\Temp\pio-workspaces\HTCC-AB02S_BME-280 Coverage-01ae45343b\build\cubecell_gps\libe60\libOnBoardGPS_Air530.a(CubeCell_TinyGPS++.cpp.o)
                0x00000000000064a8                TinyGPSPlus::encode(char)
 .text._ZN14HardwareSerialD2Ev
                0x0000000000006546        0x2 C:\Users\ian\AppData\Local\Temp\pio-workspaces\HTCC-AB02S_BME-280 Coverage-01ae45343b\build\cubecell_gps\libe60\libOnBoardGPS_Air530.a(GPS_Air530.cpp.o)
                0x0000000000006546                HardwareSerial::~HardwareSerial()
                0x0000000000006546                HardwareSerial::~HardwareSerial()
 .text._Z11calchecksum6String
                0x0000000000006548       0x5c C:\Users\ian\AppData\Local\Temp\pio-workspaces\HTCC-AB02S_BME-280 Coverage-01ae45343b\build\cubecell_gps\libe60\libOnBoardGPS_Air530.a(GPS_Air530.cpp.o)
                0x0000000000006548                calchecksum(String)
 .text._ZN11Air530Class9availableEv
                0x00000000000065a4       0x10 C:\Users\ian\AppData\Local\Temp\pio-workspaces\HTCC-AB02S_BME-280 Coverage-01ae45343b\build\cubecell_gps\libe60\libOnBoardGPS_Air530.a(GPS_Air530.cpp.o)
                0x00000000000065a4                Air530Class::available()
 .text._ZN11Air530Class4readEv
                0x00000000000065b4       0x10 C:\Users\ian\AppData\Local\Temp\pio-workspaces\HTCC-AB02S_BME-280 Coverage-01ae45343b\build\cubecell_gps\libe60\libOnBoardGPS_Air530.a(GPS_Air530.cpp.o)
                0x00000000000065b4                Air530Class::read()
 .text._ZN11Air530Class3endEv
                0x00000000000065c4       0x18 C:\Users\ian\AppData\Local\Temp\pio-workspaces\HTCC-AB02S_BME-280 Coverage-01ae45343b\build\cubecell_gps\libe60\libOnBoardGPS_Air530.a(GPS_Air530.cpp.o)
                0x00000000000065c4                Air530Class::end()
 .text._ZN11Air530Class7sendcmdE6String
                0x00000000000065dc       0x34 C:\Users\ian\AppData\Local\Temp\pio-workspaces\HTCC-AB02S_BME-280 Coverage-01ae45343b\build\cubecell_gps\libe60\libOnBoardGPS_Air530.a(GPS_Air530.cpp.o)
                0x00000000000065dc                Air530Class::sendcmd(String)
 .text._ZN11Air530Class7setmodeE7GPSMODE
                0x0000000000006610       0x5c C:\Users\ian\AppData\Local\Temp\pio-workspaces\HTCC-AB02S_BME-280 Coverage-01ae45343b\build\cubecell_gps\libe60\libOnBoardGPS_Air530.a(GPS_Air530.cpp.o)
                0x0000000000006610                Air530Class::setmode(GPSMODE)
 .text._ZN11Air530Class6setPPSEht
                0x000000000000666c       0x90 C:\Users\ian\AppData\Local\Temp\pio-workspaces\HTCC-AB02S_BME-280 Coverage-01ae45343b\build\cubecell_gps\libe60\libOnBoardGPS_Air530.a(GPS_Air530.cpp.o)
                0x000000000000666c                Air530Class::setPPS(unsigned char, unsigned short)
 .text._ZN11Air530Class7getNMEAEv
                0x00000000000066fc       0x9c C:\Users\ian\AppData\Local\Temp\pio-workspaces\HTCC-AB02S_BME-280 Coverage-01ae45343b\build\cubecell_gps\libe60\libOnBoardGPS_Air530.a(GPS_Air530.cpp.o)
                0x00000000000066fc                Air530Class::getNMEA()
 .text._ZN11Air530Class5beginEm
                0x0000000000006798      0x1f8 C:\Users\ian\AppData\Local\Temp\pio-workspaces\HTCC-AB02S_BME-280 Coverage-01ae45343b\build\cubecell_gps\libe60\libOnBoardGPS_Air530.a(GPS_Air530.cpp.o)
                0x0000000000006798                Air530Class::begin(unsigned long)
 .text._ZN14HardwareSerialD0Ev
                0x0000000000006990        0xe C:\Users\ian\AppData\Local\Temp\pio-workspaces\HTCC-AB02S_BME-280 Coverage-01ae45343b\build\cubecell_gps\libe60\libOnBoardGPS_Air530.a(GPS_Air530.cpp.o)
                0x0000000000006990                HardwareSerial::~HardwareSerial()
 *fill*         0x000000000000699e        0x2 
 .text.startup._GLOBAL__sub_I_GPSSerial
                0x00000000000069a0       0x38 C:\Users\ian\AppData\Local\Temp\pio-workspaces\HTCC-AB02S_BME-280 Coverage-01ae45343b\build\cubecell_gps\libe60\libOnBoardGPS_Air530.a(GPS_Air530.cpp.o)
 .text._ZL11wakeUpDummyv
                0x00000000000069d8        0x2 C:\Users\ian\AppData\Local\Temp\pio-workspaces\HTCC-AB02S_BME-280 Coverage-01ae45343b\build\cubecell_gps\lib67c\libLoRaWanMinimal.a(LoRaWanMinimal_APP.cpp.o)
 *fill*         0x00000000000069da        0x2 
 .text._ZL14MlmeIndicationP15sMlmeIndication
                0x00000000000069dc       0x14 C:\Users\ian\AppData\Local\Temp\pio-workspaces\HTCC-AB02S_BME-280 Coverage-01ae45343b\build\cubecell_gps\lib67c\libLoRaWanMinimal.a(LoRaWanMinimal_APP.cpp.o)
 .text._ZL11McpsConfirmP12sMcpsConfirm
                0x00000000000069f0       0x1c C:\Users\ian\AppData\Local\Temp\pio-workspaces\HTCC-AB02S_BME-280 Coverage-01ae45343b\build\cubecell_gps\lib67c\libLoRaWanMinimal.a(LoRaWanMinimal_APP.cpp.o)
 .text._ZN14LoRaWanMinimal8joinOTAAEPhS0_S0_
                0x0000000000006a0c       0x64 C:\Users\ian\AppData\Local\Temp\pio-workspaces\HTCC-AB02S_BME-280 Coverage-01ae45343b\build\cubecell_gps\lib67c\libLoRaWanMinimal.a(LoRaWanMinimal_APP.cpp.o)
                0x0000000000006a0c                LoRaWanMinimal::joinOTAA(unsigned char*, unsigned char*, unsigned char*)
 .text.getBatteryVoltage
                0x0000000000006a70       0x28 C:\Users\ian\AppData\Local\Temp\pio-workspaces\HTCC-AB02S_BME-280 Coverage-01ae45343b\build\cubecell_gps\lib67c\libLoRaWanMinimal.a(LoRaWanMinimal_APP.cpp.o)
                0x0000000000006a70                getBatteryVoltage
 .text._ZL14McpsIndicationP15sMcpsIndication
                0x0000000000006a98       0x44 C:\Users\ian\AppData\Local\Temp\pio-workspaces\HTCC-AB02S_BME-280 Coverage-01ae45343b\build\cubecell_gps\lib67c\libLoRaWanMinimal.a(LoRaWanMinimal_APP.cpp.o)
 .text.dev_time_updated
                0x0000000000006adc       0x10 C:\Users\ian\AppData\Local\Temp\pio-workspaces\HTCC-AB02S_BME-280 Coverage-01ae45343b\build\cubecell_gps\lib67c\libLoRaWanMinimal.a(LoRaWanMinimal_APP.cpp.o)
                0x0000000000006adc                dev_time_updated
 .text._ZL11MlmeConfirmP12sMlmeConfirm
                0x0000000000006aec       0x2c C:\Users\ian\AppData\Local\Temp\pio-workspaces\HTCC-AB02S_BME-280 Coverage-01ae45343b\build\cubecell_gps\lib67c\libLoRaWanMinimal.a(LoRaWanMinimal_APP.cpp.o)
 .text.lwan_dev_params_update
                0x0000000000006b18       0xa0 C:\Users\ian\AppData\Local\Temp\pio-workspaces\HTCC-AB02S_BME-280 Coverage-01ae45343b\build\cubecell_gps\lib67c\libLoRaWanMinimal.a(LoRaWanMinimal_APP.cpp.o)
                0x0000000000006b18                lwan_dev_params_update
 .text._ZN14LoRaWanMinimal5beginE12eDeviceClass16eLoRaMacRegion_t
                0x0000000000006bb8      0x124 C:\Users\ian\AppData\Local\Temp\pio-workspaces\HTCC-AB02S_BME-280 Coverage-01ae45343b\build\cubecell_gps\lib67c\libLoRaWanMinimal.a(LoRaWanMinimal_APP.cpp.o)
                0x0000000000006bb8                LoRaWanMinimal::begin(eDeviceClass, eLoRaMacRegion_t)
 .text._ZN14LoRaWanMinimal4sendEhPhhb
                0x0000000000006cdc       0xdc C:\Users\ian\AppData\Local\Temp\pio-workspaces\HTCC-AB02S_BME-280 Coverage-01ae45343b\build\cubecell_gps\lib67c\libLoRaWanMinimal.a(LoRaWanMinimal_APP.cpp.o)
                0x0000000000006cdc                LoRaWanMinimal::send(unsigned char, unsigned char*, unsigned char, bool)
 .text._ZN14LoRaWanMinimal22generateDevEUIByChipIDEv
                0x0000000000006db8       0x2c C:\Users\ian\AppData\Local\Temp\pio-workspaces\HTCC-AB02S_BME-280 Coverage-01ae45343b\build\cubecell_gps\lib67c\libLoRaWanMinimal.a(LoRaWanMinimal_APP.cpp.o)
                0x0000000000006db8                LoRaWanMinimal::generateDevEUIByChipID()
 .text._ZN14LoRaWanMinimal8joinOTAAEPhS0_
                0x0000000000006de4       0x1a C:\Users\ian\AppData\Local\Temp\pio-workspaces\HTCC-AB02S_BME-280 Coverage-01ae45343b\build\cubecell_gps\lib67c\libLoRaWanMinimal.a(LoRaWanMinimal_APP.cpp.o)
                0x0000000000006de4                LoRaWanMinimal::joinOTAA(unsigned char*, unsigned char*)
 *fill*         0x0000000000006dfe        0x2 
 .text.startup._GLOBAL__sub_I_defaultDrForNoAdr
                0x0000000000006e00       0x18 C:\Users\ian\AppData\Local\Temp\pio-workspaces\HTCC-AB02S_BME-280 Coverage-01ae45343b\build\cubecell_gps\lib67c\libLoRaWanMinimal.a(LoRaWanMinimal_APP.cpp.o)
 .text._Z9breakTimexR12tmElements_t
                0x0000000000006e18      0x128 C:\Users\ian\AppData\Local\Temp\pio-workspaces\HTCC-AB02S_BME-280 Coverage-01ae45343b\build\cubecell_gps\lib71b\libTime.a(Time.cpp.o)
                0x0000000000006e18                breakTime(long long, tmElements_t&)
 .text._Z12refreshCachex
                0x0000000000006f40       0x2c C:\Users\ian\AppData\Local\Temp\pio-workspaces\HTCC-AB02S_BME-280 Coverage-01ae45343b\build\cubecell_gps\lib71b\libTime.a(Time.cpp.o)
                0x0000000000006f40                refreshCache(long long)
 .text._Z6minutex
                0x0000000000006f6c       0x10 C:\Users\ian\AppData\Local\Temp\pio-workspaces\HTCC-AB02S_BME-280 Coverage-01ae45343b\build\cubecell_gps\lib71b\libTime.a(Time.cpp.o)
                0x0000000000006f6c                minute(long long)
 .text._Z4yearx
                0x0000000000006f7c       0x18 C:\Users\ian\AppData\Local\Temp\pio-workspaces\HTCC-AB02S_BME-280 Coverage-01ae45343b\build\cubecell_gps\lib71b\libTime.a(Time.cpp.o)
                0x0000000000006f7c                year(long long)
 .text._Z8makeTimeRK12tmElements_t
                0x0000000000006f94       0xdc C:\Users\ian\AppData\Local\Temp\pio-workspaces\HTCC-AB02S_BME-280 Coverage-01ae45343b\build\cubecell_gps\lib71b\libTime.a(Time.cpp.o)
                0x0000000000006f94                makeTime(tmElements_t const&)
 .text._Z7setTimex
                0x0000000000007070       0x24 C:\Users\ian\AppData\Local\Temp\pio-workspaces\HTCC-AB02S_BME-280 Coverage-01ae45343b\build\cubecell_gps\lib71b\libTime.a(Time.cpp.o)
                0x0000000000007070                setTime(long long)
 .text._Z3nowv  0x0000000000007094       0x60 C:\Users\ian\AppData\Local\Temp\pio-workspaces\HTCC-AB02S_BME-280 Coverage-01ae45343b\build\cubecell_gps\lib71b\libTime.a(Time.cpp.o)
                0x0000000000007094                now()
 .text._Z4hourv
                0x00000000000070f4       0x14 C:\Users\ian\AppData\Local\Temp\pio-workspaces\HTCC-AB02S_BME-280 Coverage-01ae45343b\build\cubecell_gps\lib71b\libTime.a(Time.cpp.o)
                0x00000000000070f4                hour()
 .text._Z6minutev
                0x0000000000007108       0x14 C:\Users\ian\AppData\Local\Temp\pio-workspaces\HTCC-AB02S_BME-280 Coverage-01ae45343b\build\cubecell_gps\lib71b\libTime.a(Time.cpp.o)
                0x0000000000007108                minute()
 .text._Z6secondv
                0x000000000000711c       0x14 C:\Users\ian\AppData\Local\Temp\pio-workspaces\HTCC-AB02S_BME-280 Coverage-01ae45343b\build\cubecell_gps\lib71b\libTime.a(Time.cpp.o)
                0x000000000000711c                second()
 .text._Z3dayv  0x0000000000007130       0x14 C:\Users\ian\AppData\Local\Temp\pio-workspaces\HTCC-AB02S_BME-280 Coverage-01ae45343b\build\cubecell_gps\lib71b\libTime.a(Time.cpp.o)
                0x0000000000007130                day()
 .text._Z5monthv
                0x0000000000007144       0x14 C:\Users\ian\AppData\Local\Temp\pio-workspaces\HTCC-AB02S_BME-280 Coverage-01ae45343b\build\cubecell_gps\lib71b\libTime.a(Time.cpp.o)
                0x0000000000007144                month()
 .text._Z4yearv
                0x0000000000007158        0xc C:\Users\ian\AppData\Local\Temp\pio-workspaces\HTCC-AB02S_BME-280 Coverage-01ae45343b\build\cubecell_gps\lib71b\libTime.a(Time.cpp.o)
                0x0000000000007158                year()
 .text._Z7setTimeiiiiii
                0x0000000000007164       0x38 C:\Users\ian\AppData\Local\Temp\pio-workspaces\HTCC-AB02S_BME-280 Coverage-01ae45343b\build\cubecell_gps\lib71b\libTime.a(Time.cpp.o)
                0x0000000000007164                setTime(int, int, int, int, int, int)
 .text._ZN6Stream9readBytesEPhj
                0x000000000000719c        0xa C:\Users\ian\AppData\Local\Temp\pio-workspaces\HTCC-AB02S_BME-280 Coverage-01ae45343b\build\cubecell_gps\libFrameworkArduino.a(HardwareSerial.cpp.o)
                0x000000000000719c                Stream::readBytes(unsigned char*, unsigned int)
 .text._ZN14HardwareSerial4peekEv
                0x00000000000071a6        0x4 C:\Users\ian\AppData\Local\Temp\pio-workspaces\HTCC-AB02S_BME-280 Coverage-01ae45343b\build\cubecell_gps\libFrameworkArduino.a(HardwareSerial.cpp.o)
                0x00000000000071a6                HardwareSerial::peek()
 .text._ZN14HardwareSerial9availableEv
                0x00000000000071aa       0x16 C:\Users\ian\AppData\Local\Temp\pio-workspaces\HTCC-AB02S_BME-280 Coverage-01ae45343b\build\cubecell_gps\libFrameworkArduino.a(HardwareSerial.cpp.o)
                0x00000000000071aa                HardwareSerial::available()
 .text._ZN14HardwareSerial4readEv
                0x00000000000071c0       0x26 C:\Users\ian\AppData\Local\Temp\pio-workspaces\HTCC-AB02S_BME-280 Coverage-01ae45343b\build\cubecell_gps\libFrameworkArduino.a(HardwareSerial.cpp.o)
                0x00000000000071c0                HardwareSerial::read()
 .text._ZN14HardwareSerial5writeEh
                0x00000000000071e6       0x1a C:\Users\ian\AppData\Local\Temp\pio-workspaces\HTCC-AB02S_BME-280 Coverage-01ae45343b\build\cubecell_gps\libFrameworkArduino.a(HardwareSerial.cpp.o)
                0x00000000000071e6                HardwareSerial::write(unsigned char)
 .text._ZN14HardwareSerial5writeEPKhj
                0x0000000000007200       0x28 C:\Users\ian\AppData\Local\Temp\pio-workspaces\HTCC-AB02S_BME-280 Coverage-01ae45343b\build\cubecell_gps\libFrameworkArduino.a(HardwareSerial.cpp.o)
                0x0000000000007200                HardwareSerial::write(unsigned char const*, unsigned int)
 .text._ZN14HardwareSerial5flushEv
                0x0000000000007228       0x2c C:\Users\ian\AppData\Local\Temp\pio-workspaces\HTCC-AB02S_BME-280 Coverage-01ae45343b\build\cubecell_gps\libFrameworkArduino.a(HardwareSerial.cpp.o)
                0x0000000000007228                HardwareSerial::flush()
 .text._ZN14HardwareSerialC2Ea
                0x0000000000007254       0x1c C:\Users\ian\AppData\Local\Temp\pio-workspaces\HTCC-AB02S_BME-280 Coverage-01ae45343b\build\cubecell_gps\libFrameworkArduino.a(HardwareSerial.cpp.o)
                0x0000000000007254                HardwareSerial::HardwareSerial(signed char)
                0x0000000000007254                HardwareSerial::HardwareSerial(signed char)
 .text._ZN14HardwareSerial5beginEmmabm
                0x0000000000007270      0x124 C:\Users\ian\AppData\Local\Temp\pio-workspaces\HTCC-AB02S_BME-280 Coverage-01ae45343b\build\cubecell_gps\libFrameworkArduino.a(HardwareSerial.cpp.o)
                0x0000000000007270                HardwareSerial::begin(unsigned long, unsigned long, signed char, bool, unsigned long)
 .text._ZN14HardwareSerial14updateBaudRateEm
                0x0000000000007394       0x5c C:\Users\ian\AppData\Local\Temp\pio-workspaces\HTCC-AB02S_BME-280 Coverage-01ae45343b\build\cubecell_gps\libFrameworkArduino.a(HardwareSerial.cpp.o)
                0x0000000000007394                HardwareSerial::updateBaudRate(unsigned long)
 .text._ZN14HardwareSerial3endEv
                0x00000000000073f0       0x14 C:\Users\ian\AppData\Local\Temp\pio-workspaces\HTCC-AB02S_BME-280 Coverage-01ae45343b\build\cubecell_gps\libFrameworkArduino.a(HardwareSerial.cpp.o)
                0x00000000000073f0                HardwareSerial::end()
 .text.startup._GLOBAL__sub_I_Serial
                0x0000000000007404       0x5c C:\Users\ian\AppData\Local\Temp\pio-workspaces\HTCC-AB02S_BME-280 Coverage-01ae45343b\build\cubecell_gps\libFrameworkArduino.a(HardwareSerial.cpp.o)
 .text._ZN7TwoWireD2Ev
                0x0000000000007460        0x2 C:\Users\ian\AppData\Local\Temp\pio-workspaces\HTCC-AB02S_BME-280 Coverage-01ae45343b\build\cubecell_gps\libFrameworkArduino.a(Wire.cpp.o)
                0x0000000000007460                TwoWire::~TwoWire()
                0x0000000000007460                TwoWire::~TwoWire()
 .text._ZN7TwoWire5writeEPKhj
                0x0000000000007462       0x24 C:\Users\ian\AppData\Local\Temp\pio-workspaces\HTCC-AB02S_BME-280 Coverage-01ae45343b\build\cubecell_gps\libFrameworkArduino.a(Wire.cpp.o)
                0x0000000000007462                TwoWire::write(unsigned char const*, unsigned int)
 .text._ZN7TwoWire9availableEv
                0x0000000000007486        0xe C:\Users\ian\AppData\Local\Temp\pio-workspaces\HTCC-AB02S_BME-280 Coverage-01ae45343b\build\cubecell_gps\libFrameworkArduino.a(Wire.cpp.o)
                0x0000000000007486                TwoWire::available()
 .text._ZN7TwoWire4readEv
                0x0000000000007494       0x20 C:\Users\ian\AppData\Local\Temp\pio-workspaces\HTCC-AB02S_BME-280 Coverage-01ae45343b\build\cubecell_gps\libFrameworkArduino.a(Wire.cpp.o)
                0x0000000000007494                TwoWire::read()
 .text._ZN7TwoWire4peekEv
                0x00000000000074b4       0x1c C:\Users\ian\AppData\Local\Temp\pio-workspaces\HTCC-AB02S_BME-280 Coverage-01ae45343b\build\cubecell_gps\libFrameworkArduino.a(Wire.cpp.o)
                0x00000000000074b4                TwoWire::peek()
 .text._ZN7TwoWireD0Ev
                0x00000000000074d0       0x10 C:\Users\ian\AppData\Local\Temp\pio-workspaces\HTCC-AB02S_BME-280 Coverage-01ae45343b\build\cubecell_gps\libFrameworkArduino.a(Wire.cpp.o)
                0x00000000000074d0                TwoWire::~TwoWire()
 .text._ZN7TwoWire5writeEh
                0x00000000000074e0       0x40 C:\Users\ian\AppData\Local\Temp\pio-workspaces\HTCC-AB02S_BME-280 Coverage-01ae45343b\build\cubecell_gps\libFrameworkArduino.a(Wire.cpp.o)
                0x00000000000074e0                TwoWire::write(unsigned char)
 .text._ZN7TwoWire5flushEv
                0x0000000000007520       0x78 C:\Users\ian\AppData\Local\Temp\pio-workspaces\HTCC-AB02S_BME-280 Coverage-01ae45343b\build\cubecell_gps\libFrameworkArduino.a(Wire.cpp.o)
                0x0000000000007520                TwoWire::flush()
 .text._ZN7TwoWireC2Ea
                0x0000000000007598       0x3c C:\Users\ian\AppData\Local\Temp\pio-workspaces\HTCC-AB02S_BME-280 Coverage-01ae45343b\build\cubecell_gps\libFrameworkArduino.a(Wire.cpp.o)
                0x0000000000007598                TwoWire::TwoWire(signed char)
                0x0000000000007598                TwoWire::TwoWire(signed char)
 .text._ZN7TwoWire5beginEma
                0x00000000000075d4       0x6c C:\Users\ian\AppData\Local\Temp\pio-workspaces\HTCC-AB02S_BME-280 Coverage-01ae45343b\build\cubecell_gps\libFrameworkArduino.a(Wire.cpp.o)
                0x00000000000075d4                TwoWire::begin(unsigned long, signed char)
 .text._ZN7TwoWire3endEv
                0x0000000000007640       0x16 C:\Users\ian\AppData\Local\Temp\pio-workspaces\HTCC-AB02S_BME-280 Coverage-01ae45343b\build\cubecell_gps\libFrameworkArduino.a(Wire.cpp.o)
                0x0000000000007640                TwoWire::end()
 .text._ZN7TwoWire17writeTransmissionEtPhtb
                0x0000000000007656       0xc0 C:\Users\ian\AppData\Local\Temp\pio-workspaces\HTCC-AB02S_BME-280 Coverage-01ae45343b\build\cubecell_gps\libFrameworkArduino.a(Wire.cpp.o)
                0x0000000000007656                TwoWire::writeTransmission(unsigned short, unsigned char*, unsigned short, bool)
 .text._ZN7TwoWire16readTransmissionEtPhtbPm
                0x0000000000007716       0xd2 C:\Users\ian\AppData\Local\Temp\pio-workspaces\HTCC-AB02S_BME-280 Coverage-01ae45343b\build\cubecell_gps\libFrameworkArduino.a(Wire.cpp.o)
                0x0000000000007716                TwoWire::readTransmission(unsigned short, unsigned char*, unsigned short, bool, unsigned long*)
 .text._ZN7TwoWire15endTransmissionEb
                0x00000000000077e8       0x68 C:\Users\ian\AppData\Local\Temp\pio-workspaces\HTCC-AB02S_BME-280 Coverage-01ae45343b\build\cubecell_gps\libFrameworkArduino.a(Wire.cpp.o)
                0x00000000000077e8                TwoWire::endTransmission(bool)
 .text._ZN7TwoWire11requestFromEthb
                0x0000000000007850       0x74 C:\Users\ian\AppData\Local\Temp\pio-workspaces\HTCC-AB02S_BME-280 Coverage-01ae45343b\build\cubecell_gps\libFrameworkArduino.a(Wire.cpp.o)
                0x0000000000007850                TwoWire::requestFrom(unsigned short, unsigned char, bool)
 .text._ZN7TwoWire11requestFromEii
                0x00000000000078c4        0xe C:\Users\ian\AppData\Local\Temp\pio-workspaces\HTCC-AB02S_BME-280 Coverage-01ae45343b\build\cubecell_gps\libFrameworkArduino.a(Wire.cpp.o)
                0x00000000000078c4                TwoWire::requestFrom(int, int)
 .text._ZN7TwoWire17beginTransmissionEi
                0x00000000000078d2       0x12 C:\Users\ian\AppData\Local\Temp\pio-workspaces\HTCC-AB02S_BME-280 Coverage-01ae45343b\build\cubecell_gps\libFrameworkArduino.a(Wire.cpp.o)
                0x00000000000078d2                TwoWire::beginTransmission(int)
 .text._ZN7TwoWire17beginTransmissionEh
                0x00000000000078e4       0x12 C:\Users\ian\AppData\Local\Temp\pio-workspaces\HTCC-AB02S_BME-280 Coverage-01ae45343b\build\cubecell_gps\libFrameworkArduino.a(Wire.cpp.o)
                0x00000000000078e4                TwoWire::beginTransmission(unsigned char)
 .text._ZN7TwoWire15endTransmissionEv
                0x00000000000078f6        0xa C:\Users\ian\AppData\Local\Temp\pio-workspaces\HTCC-AB02S_BME-280 Coverage-01ae45343b\build\cubecell_gps\libFrameworkArduino.a(Wire.cpp.o)
                0x00000000000078f6                TwoWire::endTransmission()
 .text.startup._GLOBAL__sub_I__ZN7TwoWireC2Ea
                0x0000000000007900       0x40 C:\Users\ian\AppData\Local\Temp\pio-workspaces\HTCC-AB02S_BME-280 Coverage-01ae45343b\build\cubecell_gps\libFrameworkArduino.a(Wire.cpp.o)
 .text.SX126xIoInit
                0x0000000000007940       0x44 C:\Users\ian\AppData\Local\Temp\pio-workspaces\HTCC-AB02S_BME-280 Coverage-01ae45343b\build\cubecell_gps\libFrameworkArduino.a(asr_board.c.o)
                0x0000000000007940                SX126xIoInit
 .text.SX126xIoIrqInit
                0x0000000000007984       0x14 C:\Users\ian\AppData\Local\Temp\pio-workspaces\HTCC-AB02S_BME-280 Coverage-01ae45343b\build\cubecell_gps\libFrameworkArduino.a(asr_board.c.o)
                0x0000000000007984                SX126xIoIrqInit
 .text.SX126xGetBoardTcxoWakeupTime
                0x0000000000007998        0x4 C:\Users\ian\AppData\Local\Temp\pio-workspaces\HTCC-AB02S_BME-280 Coverage-01ae45343b\build\cubecell_gps\libFrameworkArduino.a(asr_board.c.o)
                0x0000000000007998                SX126xGetBoardTcxoWakeupTime
 .text.SX126xReset
                0x000000000000799c       0x50 C:\Users\ian\AppData\Local\Temp\pio-workspaces\HTCC-AB02S_BME-280 Coverage-01ae45343b\build\cubecell_gps\libFrameworkArduino.a(asr_board.c.o)
                0x000000000000799c                SX126xReset
 .text.SX126xWaitOnBusy
                0x00000000000079ec       0x14 C:\Users\ian\AppData\Local\Temp\pio-workspaces\HTCC-AB02S_BME-280 Coverage-01ae45343b\build\cubecell_gps\libFrameworkArduino.a(asr_board.c.o)
                0x00000000000079ec                SX126xWaitOnBusy
 .text.SX126xWakeup
                0x0000000000007a00       0x38 C:\Users\ian\AppData\Local\Temp\pio-workspaces\HTCC-AB02S_BME-280 Coverage-01ae45343b\build\cubecell_gps\libFrameworkArduino.a(asr_board.c.o)
                0x0000000000007a00                SX126xWakeup
 .text.SX126xWriteCommand
                0x0000000000007a38       0x50 C:\Users\ian\AppData\Local\Temp\pio-workspaces\HTCC-AB02S_BME-280 Coverage-01ae45343b\build\cubecell_gps\libFrameworkArduino.a(asr_board.c.o)
                0x0000000000007a38                SX126xWriteCommand
 .text.SX126xReadCommand
                0x0000000000007a88       0x54 C:\Users\ian\AppData\Local\Temp\pio-workspaces\HTCC-AB02S_BME-280 Coverage-01ae45343b\build\cubecell_gps\libFrameworkArduino.a(asr_board.c.o)
                0x0000000000007a88                SX126xReadCommand
 .text.SX126xWriteRegisters
                0x0000000000007adc       0x5c C:\Users\ian\AppData\Local\Temp\pio-workspaces\HTCC-AB02S_BME-280 Coverage-01ae45343b\build\cubecell_gps\libFrameworkArduino.a(asr_board.c.o)
                0x0000000000007adc                SX126xWriteRegisters
 .text.SX126xWriteRegister
                0x0000000000007b38       0x12 C:\Users\ian\AppData\Local\Temp\pio-workspaces\HTCC-AB02S_BME-280 Coverage-01ae45343b\build\cubecell_gps\libFrameworkArduino.a(asr_board.c.o)
                0x0000000000007b38                SX126xWriteRegister
 *fill*         0x0000000000007b4a        0x2 
 .text.SX126xReadRegisters
                0x0000000000007b4c       0x64 C:\Users\ian\AppData\Local\Temp\pio-workspaces\HTCC-AB02S_BME-280 Coverage-01ae45343b\build\cubecell_gps\libFrameworkArduino.a(asr_board.c.o)
                0x0000000000007b4c                SX126xReadRegisters
 .text.SX126xReadRegister
                0x0000000000007bb0       0x12 C:\Users\ian\AppData\Local\Temp\pio-workspaces\HTCC-AB02S_BME-280 Coverage-01ae45343b\build\cubecell_gps\libFrameworkArduino.a(asr_board.c.o)
                0x0000000000007bb0                SX126xReadRegister
 *fill*         0x0000000000007bc2        0x2 
 .text.SX126xWriteBuffer
                0x0000000000007bc4       0x54 C:\Users\ian\AppData\Local\Temp\pio-workspaces\HTCC-AB02S_BME-280 Coverage-01ae45343b\build\cubecell_gps\libFrameworkArduino.a(asr_board.c.o)
                0x0000000000007bc4                SX126xWriteBuffer
 .text.SX126xReadBuffer
                0x0000000000007c18       0x5c C:\Users\ian\AppData\Local\Temp\pio-workspaces\HTCC-AB02S_BME-280 Coverage-01ae45343b\build\cubecell_gps\libFrameworkArduino.a(asr_board.c.o)
                0x0000000000007c18                SX126xReadBuffer
 .text.SX126xSetRfTxPower
                0x0000000000007c74        0xa C:\Users\ian\AppData\Local\Temp\pio-workspaces\HTCC-AB02S_BME-280 Coverage-01ae45343b\build\cubecell_gps\libFrameworkArduino.a(asr_board.c.o)
                0x0000000000007c74                SX126xSetRfTxPower
 .text.SX126xGetPaSelect
                0x0000000000007c7e        0x4 C:\Users\ian\AppData\Local\Temp\pio-workspaces\HTCC-AB02S_BME-280 Coverage-01ae45343b\build\cubecell_gps\libFrameworkArduino.a(asr_board.c.o)
                0x0000000000007c7e                SX126xGetPaSelect
 .text.SX126xAntSwOn
                0x0000000000007c82        0x2 C:\Users\ian\AppData\Local\Temp\pio-workspaces\HTCC-AB02S_BME-280 Coverage-01ae45343b\build\cubecell_gps\libFrameworkArduino.a(asr_board.c.o)
                0x0000000000007c82                SX126xAntSwOn
 .text.SX126xAntSwOff
                0x0000000000007c84        0x2 C:\Users\ian\AppData\Local\Temp\pio-workspaces\HTCC-AB02S_BME-280 Coverage-01ae45343b\build\cubecell_gps\libFrameworkArduino.a(asr_board.c.o)
                0x0000000000007c84                SX126xAntSwOff
 .text.BoardDisableIrq
                0x0000000000007c86        0x4 C:\Users\ian\AppData\Local\Temp\pio-workspaces\HTCC-AB02S_BME-280 Coverage-01ae45343b\build\cubecell_gps\libFrameworkArduino.a(asr_board.c.o)
                0x0000000000007c86                BoardDisableIrq
 .text.BoardEnableIrq
                0x0000000000007c8a        0x4 C:\Users\ian\AppData\Local\Temp\pio-workspaces\HTCC-AB02S_BME-280 Coverage-01ae45343b\build\cubecell_gps\libFrameworkArduino.a(asr_board.c.o)
                0x0000000000007c8a                BoardEnableIrq
 *fill*         0x0000000000007c8e        0x2 
 .text.boardInitMcu
                0x0000000000007c90       0x4c C:\Users\ian\AppData\Local\Temp\pio-workspaces\HTCC-AB02S_BME-280 Coverage-01ae45343b\build\cubecell_gps\libFrameworkArduino.a(asr_board.c.o)
                0x0000000000007c90                boardInitMcu
 .text.HW_Get_MFT_ID
                0x0000000000007cdc        0x8 C:\Users\ian\AppData\Local\Temp\pio-workspaces\HTCC-AB02S_BME-280 Coverage-01ae45343b\build\cubecell_gps\libFrameworkArduino.a(asr_board.c.o)
                0x0000000000007cdc                HW_Get_MFT_ID
 .text.HW_Get_MFT_Model
                0x0000000000007ce4        0x8 C:\Users\ian\AppData\Local\Temp\pio-workspaces\HTCC-AB02S_BME-280 Coverage-01ae45343b\build\cubecell_gps\libFrameworkArduino.a(asr_board.c.o)
                0x0000000000007ce4                HW_Get_MFT_Model
 .text.HW_Get_MFT_Rev
                0x0000000000007cec        0x8 C:\Users\ian\AppData\Local\Temp\pio-workspaces\HTCC-AB02S_BME-280 Coverage-01ae45343b\build\cubecell_gps\libFrameworkArduino.a(asr_board.c.o)
                0x0000000000007cec                HW_Get_MFT_Rev
 .text.HW_Get_MFT_SN
                0x0000000000007cf4       0x24 C:\Users\ian\AppData\Local\Temp\pio-workspaces\HTCC-AB02S_BME-280 Coverage-01ae45343b\build\cubecell_gps\libFrameworkArduino.a(asr_board.c.o)
                0x0000000000007cf4                HW_Get_MFT_SN
 .text.HW_Set_MFT_Baud
                0x0000000000007d18       0x64 C:\Users\ian\AppData\Local\Temp\pio-workspaces\HTCC-AB02S_BME-280 Coverage-01ae45343b\build\cubecell_gps\libFrameworkArduino.a(asr_board.c.o)
                0x0000000000007d18                HW_Set_MFT_Baud
 .text.HW_Get_MFT_Baud
                0x0000000000007d7c        0xc C:\Users\ian\AppData\Local\Temp\pio-workspaces\HTCC-AB02S_BME-280 Coverage-01ae45343b\build\cubecell_gps\libFrameworkArduino.a(asr_board.c.o)
                0x0000000000007d7c                HW_Get_MFT_Baud
 .text.GpioInit
                0x0000000000007d88       0x12 C:\Users\ian\AppData\Local\Temp\pio-workspaces\HTCC-AB02S_BME-280 Coverage-01ae45343b\build\cubecell_gps\libFrameworkArduino.a(gpio.c.o)
                0x0000000000007d88                GpioInit
 .text.GpioSetInterrupt
                0x0000000000007d9a        0x8 C:\Users\ian\AppData\Local\Temp\pio-workspaces\HTCC-AB02S_BME-280 Coverage-01ae45343b\build\cubecell_gps\libFrameworkArduino.a(gpio.c.o)
                0x0000000000007d9a                GpioSetInterrupt
 .text.GpioWrite
                0x0000000000007da2        0x8 C:\Users\ian\AppData\Local\Temp\pio-workspaces\HTCC-AB02S_BME-280 Coverage-01ae45343b\build\cubecell_gps\libFrameworkArduino.a(gpio.c.o)
                0x0000000000007da2                GpioWrite
 .text.GpioRead
                0x0000000000007daa        0x8 C:\Users\ian\AppData\Local\Temp\pio-workspaces\HTCC-AB02S_BME-280 Coverage-01ae45343b\build\cubecell_gps\libFrameworkArduino.a(gpio.c.o)
                0x0000000000007daa                GpioRead
 .text.SpiInit  0x0000000000007db2        0x8 C:\Users\ian\AppData\Local\Temp\pio-workspaces\HTCC-AB02S_BME-280 Coverage-01ae45343b\build\cubecell_gps\libFrameworkArduino.a(spi-board.c.o)
                0x0000000000007db2                SpiInit
 *fill*         0x0000000000007dba        0x2 
 .text.SpiInOut
                0x0000000000007dbc       0x34 C:\Users\ian\AppData\Local\Temp\pio-workspaces\HTCC-AB02S_BME-280 Coverage-01ae45343b\build\cubecell_gps\libFrameworkArduino.a(spi-board.c.o)
                0x0000000000007dbc                SpiInOut
 .text.ADC_SAR_Seq_Init
                0x0000000000007df0       0xd8 C:\Users\ian\AppData\Local\Temp\pio-workspaces\HTCC-AB02S_BME-280 Coverage-01ae45343b\build\cubecell_gps\libFrameworkArduino.a(ADC_SAR_Seq.c.o)
                0x0000000000007df0                ADC_SAR_Seq_Init
 .text.ADC_SAR_Seq_Enable
                0x0000000000007ec8       0x2c C:\Users\ian\AppData\Local\Temp\pio-workspaces\HTCC-AB02S_BME-280 Coverage-01ae45343b\build\cubecell_gps\libFrameworkArduino.a(ADC_SAR_Seq.c.o)
                0x0000000000007ec8                ADC_SAR_Seq_Enable
 .text.ADC_SAR_Seq_Start
                0x0000000000007ef4       0x1c C:\Users\ian\AppData\Local\Temp\pio-workspaces\HTCC-AB02S_BME-280 Coverage-01ae45343b\build\cubecell_gps\libFrameworkArduino.a(ADC_SAR_Seq.c.o)
                0x0000000000007ef4                ADC_SAR_Seq_Start
 .text.ADC_SAR_Seq_Stop
                0x0000000000007f10       0x10 C:\Users\ian\AppData\Local\Temp\pio-workspaces\HTCC-AB02S_BME-280 Coverage-01ae45343b\build\cubecell_gps\libFrameworkArduino.a(ADC_SAR_Seq.c.o)
                0x0000000000007f10                ADC_SAR_Seq_Stop
 .text.ADC_SAR_Seq_StartConvert
                0x0000000000007f20        0xc C:\Users\ian\AppData\Local\Temp\pio-workspaces\HTCC-AB02S_BME-280 Coverage-01ae45343b\build\cubecell_gps\libFrameworkArduino.a(ADC_SAR_Seq.c.o)
                0x0000000000007f20                ADC_SAR_Seq_StartConvert
 .text.ADC_SAR_Seq_StopConvert
                0x0000000000007f2c        0x2 C:\Users\ian\AppData\Local\Temp\pio-workspaces\HTCC-AB02S_BME-280 Coverage-01ae45343b\build\cubecell_gps\libFrameworkArduino.a(ADC_SAR_Seq.c.o)
                0x0000000000007f2c                ADC_SAR_Seq_StopConvert
 *fill*         0x0000000000007f2e        0x2 
 .text.ADC_SAR_Seq_IsEndConversion
                0x0000000000007f30       0x2c C:\Users\ian\AppData\Local\Temp\pio-workspaces\HTCC-AB02S_BME-280 Coverage-01ae45343b\build\cubecell_gps\libFrameworkArduino.a(ADC_SAR_Seq.c.o)
                0x0000000000007f30                ADC_SAR_Seq_IsEndConversion
 .text.ADC_SAR_Seq_GetResult16
                0x0000000000007f5c       0x20 C:\Users\ian\AppData\Local\Temp\pio-workspaces\HTCC-AB02S_BME-280 Coverage-01ae45343b\build\cubecell_gps\libFrameworkArduino.a(ADC_SAR_Seq.c.o)
                0x0000000000007f5c                ADC_SAR_Seq_GetResult16
 .text.ADC_SAR_Seq_CountsTo_mVolts
                0x0000000000007f7c       0x50 C:\Users\ian\AppData\Local\Temp\pio-workspaces\HTCC-AB02S_BME-280 Coverage-01ae45343b\build\cubecell_gps\libFrameworkArduino.a(ADC_SAR_Seq.c.o)
                0x0000000000007f7c                ADC_SAR_Seq_CountsTo_mVolts
 .text.ADC_SAR_Seq_ISR
                0x0000000000007fcc        0xc C:\Users\ian\AppData\Local\Temp\pio-workspaces\HTCC-AB02S_BME-280 Coverage-01ae45343b\build\cubecell_gps\libFrameworkArduino.a(ADC_SAR_Seq_INT.c.o)
                0x0000000000007fcc                ADC_SAR_Seq_ISR